<html>
<body>
<pre>
<h1>礦ision Build Log</h1>
<h2>Tool Versions:</h2>
IDE-Version: μVision V5.28.0.0
Copyright (C) 2019 ARM Ltd and ARM Germany GmbH. All rights reserved.
License Information: 1 Administrator, 1, LIC=YA3TG-VMZSS-WD1K8-3V1ZD-EIBFI-W855F
 
Tool Versions:
Toolchain:       MDK-ARM Plus  Version: 5.28.0.0
Toolchain Path:  D:\Keil5\ARM\ARMCC\Bin
C Compiler:      Armcc.exe V5.06 update 6 (build 750)
Assembler:       Armasm.exe V5.06 update 6 (build 750)
Linker/Locator:  ArmLink.exe V5.06 update 6 (build 750)
Library Manager: ArmAr.exe V5.06 update 6 (build 750)
Hex Converter:   FromElf.exe V5.06 update 6 (build 750)
CPU DLL:         SARMCM3.DLL V5.28.0.0
Dialog DLL:      DARMSTM.DLL V1.68.0.0
Target DLL:      STLink\ST-LINKIII-KEIL_SWO.dll V3.0.6.0
Dialog DLL:      TARMSTM.DLL V1.66.0.0
 
<h2>Project:</h2>
C:\Users\Administrator\Desktop\实验室\实验室\汉盲嵌入式端程序\付老师盲文üe发音正常(盲文机器 strstr)\USER\HTB.uvprojx
Project File Date:  04/21/2020

<h2>Output:</h2>
*** Using Compiler 'V5.06 update 6 (build 750)', folder: 'D:\Keil5\ARM\ARMCC\Bin'
Build target 'HTB'
compiling main.c...
main.c(36): warning:  #1295-D: Deprecated declaration display_Bookmark - give arg types
  int display_Bookmark();//遍历出所有的.c文件并且按照书签1~10的顺序排序
main.c(51): warning:  #1295-D: Deprecated declaration k2_event - give arg types
  u8 k2_event();
main.c(59): warning:  #1295-D: Deprecated declaration k4_event - give arg types
  void k4_event();
main.c(60): warning:  #1295-D: Deprecated declaration k5_event - give arg types
  void k5_event();
main.c(61): warning:  #1295-D: Deprecated declaration k6_event - give arg types
  void k6_event();
main.c(68): warning:  #1295-D: Deprecated declaration dis_txt - give arg types
  void dis_txt();
main.c(69): warning:  #1295-D: Deprecated declaration play - give arg types
  void play();
main.c(70): warning:  #1295-D: Deprecated declaration reco - give arg types
  void reco();
main.c(226): warning:  #223-D: function "dis" declared implicitly
  			dis(0);
main.c(231): warning:  #111-D: statement is unreachable
  	return 0;
main.c(85): warning:  #177-D: variable "res1"  was declared but never referenced
  	FRESULT res1;
main.c(87): warning:  #177-D: variable "menu"  was declared but never referenced
  	u8 menu=0;
main.c(392): warning:  #167-D: argument of type "u8 *" is incompatible with parameter of type "char *restrict"
  				strcpy((u8*)filename[i],(u8*)fn);
main.c(392): warning:  #167-D: argument of type "u8 *" is incompatible with parameter of type "const char *restrict"
  				strcpy((u8*)filename[i],(u8*)fn);
main.c(367): warning:  #177-D: variable "buffer"  was declared but never referenced
  	BYTE buffer[20*MAXSIZE]="";
main.c(471): warning:  #167-D: argument of type "u8 *" is incompatible with parameter of type "char *restrict"
  				strcpy((u8*)filename[i],(u8*)fn);
main.c(471): warning:  #167-D: argument of type "u8 *" is incompatible with parameter of type "const char *restrict"
  				strcpy((u8*)filename[i],(u8*)fn);
main.c(533): warning:  #188-D: enumerated type mixed with another type
  	FRESULT res=0;
main.c(582): warning:  #42-D: operand types are incompatible ("char *" and "u8 *")
  		strcpy((char*)bkname,q?q+3:pathp);//把数字和'/'去了
main.c(583): warning:  #167-D: argument of type "u8 *" is incompatible with parameter of type "char *restrict"
  		strcat(path_c,bkname);
main.c(583): warning:  #167-D: argument of type "u8 *" is incompatible with parameter of type "const char *restrict"
  		strcat(path_c,bkname);
main.c(584): warning:  #167-D: argument of type "u8 *" is incompatible with parameter of type "char *restrict"
  		strcat(path_c,ext);
main.c(592): warning:  #42-D: operand types are incompatible ("char *" and "u8 *")
  	strcpy(fnt,p?p+1:pathp);
main.c(592): warning:  #167-D: argument of type "u8 *" is incompatible with parameter of type "char *restrict"
  	strcpy(fnt,p?p+1:pathp);
main.c(610): warning:  #167-D: argument of type "u8 *" is incompatible with parameter of type "char *restrict"
  				strcpy((u8*)filename[i],(u8*)fn);
main.c(610): warning:  #167-D: argument of type "u8 *" is incompatible with parameter of type "const char *restrict"
  				strcpy((u8*)filename[i],(u8*)fn);
main.c(611): warning:  #167-D: argument of type "u8 *" is incompatible with parameter of type "const char *"
  				if(!strcmp(fnt,fn))
main.c(611): warning:  #167-D: argument of type "u8 *" is incompatible with parameter of type "const char *"
  				if(!strcmp(fnt,fn))
main.c(538): warning:  #177-D: variable "patht"  was declared but never referenced
  	u8*patht=0;
main.c(954): warning:  #223-D: function "DX_FCBraille" declared implicitly
  	  DX_FCBraille(btmp);
main.c(986): warning:  #188-D: enumerated type mixed with another type
  					res=f_typetell(fn);	
main.c(989): warning:  #167-D: argument of type "u8 *" is incompatible with parameter of type "const char *restrict"
  						strncpy(buf,fn,6);
main.c(995): warning:  #167-D: argument of type "u8 *" is incompatible with parameter of type "char *restrict"
  								strcpy(nameReplaced,"0:/");
main.c(996): warning:  #167-D: argument of type "u8 *" is incompatible with parameter of type "char *restrict"
  								strcat(nameReplaced,fn);
main.c(996): warning:  #167-D: argument of type "u8 *" is incompatible with parameter of type "const char *restrict"
  								strcat(nameReplaced,fn);
main.c(1004): warning:  #167-D: argument of type "u8 *" is incompatible with parameter of type "char *restrict"
  								strcpy(nameReplaced,"0:/");
main.c(1005): warning:  #167-D: argument of type "u8 *" is incompatible with parameter of type "char *restrict"
  								strcat(nameReplaced,fn);
main.c(1005): warning:  #167-D: argument of type "u8 *" is incompatible with parameter of type "const char *restrict"
  								strcat(nameReplaced,fn);
main.c(1183): warning:  #167-D: argument of type "u8 *" is incompatible with parameter of type "char *restrict"
  		strcat(path_c,bk);
main.c(1193): warning:  #167-D: argument of type "u8 *" is incompatible with parameter of type "char *restrict"
  			strcat(path_c, bk);
main.c(1202): warning:  #167-D: argument of type "u8 *" is incompatible with parameter of type "char *restrict"
  			strcat(path_c, bk);
main.c(1206): warning:  #940-D: missing return statement at end of non-void function "path_Change" 
  }
main.c(1249): warning:  #188-D: enumerated type mixed with another type
  			res=f_typetell(fn);	
main.c(1253): warning:  #167-D: argument of type "u8 *" is incompatible with parameter of type "char *restrict"
  				strcpy((u8*)bookmarkname[line],processedname);
main.c(1533): warning:  #1-D: last line of file ends without a newline
  	
main.c: 45 warnings, 0 errors
linking...
Program Size: Code=49232 RO-data=14332 RW-data=196 ZI-data=55856  
FromELF: creating hex file...
"..\OBJ\HZ.axf" - 0 Error(s), 45 Warning(s).

<h2>Software Packages used:</h2>

Package Vendor: Keil
                http://www.keil.com/pack/Keil.STM32F1xx_DFP.2.3.0.pack
                Keil.STM32F1xx_DFP.2.3.0
                STMicroelectronics STM32F1 Series Device Support, Drivers and Examples

<h2>Collection of Component include folders:</h2>
  .\RTE\_HTB
  D:\Keil5\Keil\STM32F1xx_DFP\2.3.0\Device\Include

<h2>Collection of Component Files used:</h2>
Build Time Elapsed:  00:00:01
</pre>
</body>
</html>
