<html>
<body>
<pre>
<h1>�Vision Build Log</h1>
<h2>Tool Versions:</h2>
IDE-Version: ��Vision V5.28.0.0
Copyright (C) 2019 ARM Ltd and ARM Germany GmbH. All rights reserved.
License Information: 1 1010186930@qq.com, 1, LIC=DSNY8-3LKD5-AWD2F-66RID-T45UY-KTSVE
 
Tool Versions:
Toolchain:       MDK-ARM Professional  Version: 5.28.0.0
Toolchain Path:  D:\Keil5\ARM\ARMCC\Bin
C Compiler:      Armcc.exe V5.06 update 6 (build 750)
Assembler:       Armasm.exe V5.06 update 6 (build 750)
Linker/Locator:  ArmLink.exe V5.06 update 6 (build 750)
Library Manager: ArmAr.exe V5.06 update 6 (build 750)
Hex Converter:   FromElf.exe V5.06 update 6 (build 750)
CPU DLL:         SARMCM3.DLL V5.28.0.0
Dialog DLL:      DARMSTM.DLL V1.68.0.0
Target DLL:      Segger\JL2CM3.dll V2.99.36.0
Dialog DLL:      TARMSTM.DLL V1.66.0.0
 
<h2>Project:</h2>
D:\ʵ���ұ���\�߸�Ŀ¼\USER\HTB.uvprojx
Project File Date:  11/30/2019

<h2>Output:</h2>
*** Using Compiler 'V5.06 update 6 (build 750)', folder: 'D:\Keil5\ARM\ARMCC\Bin'
Rebuild target 'HTB'
compiling htptb.c...
..\HARDWARE\HTPTB\htptb.c(742): warning:  #167-D: argument of type "unsigned char *" is incompatible with parameter of type "char *"
               result = ptb(getcnchar(text));
..\HARDWARE\HTPTB\htptb.c(745): warning:  #167-D: argument of type "unsigned char *" is incompatible with parameter of type "char *"
                 result = ftb(text);
..\HARDWARE\HTPTB\htptb.c(751): warning:  #167-D: argument of type "unsigned char *" is incompatible with parameter of type "char *"
              result=ftb(text);
..\HARDWARE\HTPTB\htptb.c(777): warning:  #111-D: statement is unreachable
  return NMF; break;
..\HARDWARE\HTPTB\htptb.c(785): warning:  #111-D: statement is unreachable
  return NMF; break;
..\HARDWARE\HTPTB\htptb.c(796): warning:  #111-D: statement is unreachable
  return NMF; break;
..\HARDWARE\HTPTB\htptb.c(765): warning:  #177-D: variable "i"  was declared but never referenced
  	int i=0,n=0,k=0,m=0,j;
..\HARDWARE\HTPTB\htptb.c(765): warning:  #177-D: variable "n"  was declared but never referenced
  	int i=0,n=0,k=0,m=0,j;
..\HARDWARE\HTPTB\htptb.c(765): warning:  #177-D: variable "k"  was declared but never referenced
  	int i=0,n=0,k=0,m=0,j;
..\HARDWARE\HTPTB\htptb.c(765): warning:  #177-D: variable "m"  was declared but never referenced
  	int i=0,n=0,k=0,m=0,j;
..\HARDWARE\HTPTB\htptb.c(765): warning:  #177-D: variable "j"  was declared but never referenced
  	int i=0,n=0,k=0,m=0,j;
..\HARDWARE\HTPTB\htptb.c(871): warning:  #167-D: argument of type "unsigned char *" is incompatible with parameter of type "char *restrict"
  			{		strcpy(czhz,text1);
..\HARDWARE\HTPTB\htptb.c(871): warning:  #167-D: argument of type "unsigned char *" is incompatible with parameter of type "const char *restrict"
  			{		strcpy(czhz,text1);
..\HARDWARE\HTPTB\htptb.c(874): warning:  #167-D: argument of type "unsigned char *" is incompatible with parameter of type "char *"
  		{result=ptb(getcnchar(text1));
..\HARDWARE\HTPTB\htptb.c(886): warning:  #167-D: argument of type "unsigned char *" is incompatible with parameter of type "char *restrict"
  				{	 strncat(czhz,text2,2);
..\HARDWARE\HTPTB\htptb.c(886): warning:  #167-D: argument of type "unsigned char *" is incompatible with parameter of type "const char *restrict"
  				{	 strncat(czhz,text2,2);
..\HARDWARE\HTPTB\htptb.c(893): warning:  #167-D: argument of type "unsigned char *" is incompatible with parameter of type "const char *"
  					if(strcmp(czhz,czcpy))
..\HARDWARE\HTPTB\htptb.c(897): warning:  #167-D: argument of type "unsigned char *" is incompatible with parameter of type "char *"
  						result=ptb(getcnchar(text1)); 
..\HARDWARE\HTPTB\htptb.c(929): warning:  #167-D: argument of type "unsigned char *" is incompatible with parameter of type "char *restrict"
  				{	 strncat(czhz,text3,2);
..\HARDWARE\HTPTB\htptb.c(929): warning:  #167-D: argument of type "unsigned char *" is incompatible with parameter of type "const char *restrict"
  				{	 strncat(czhz,text3,2);
..\HARDWARE\HTPTB\htptb.c(934): warning:  #167-D: argument of type "unsigned char *" is incompatible with parameter of type "const char *"
  					if(strcmp(czhz,czcpy))
..\HARDWARE\HTPTB\htptb.c(938): warning:  #167-D: argument of type "unsigned char *" is incompatible with parameter of type "char *restrict"
  							strncat(text1,text2,2);
..\HARDWARE\HTPTB\htptb.c(938): warning:  #167-D: argument of type "unsigned char *" is incompatible with parameter of type "const char *restrict"
  							strncat(text1,text2,2);
..\HARDWARE\HTPTB\htptb.c(973): warning:  #167-D: argument of type "unsigned char *" is incompatible with parameter of type "char *restrict"
  				{	 strncat(czhz,text4,2);
..\HARDWARE\HTPTB\htptb.c(973): warning:  #167-D: argument of type "unsigned char *" is incompatible with parameter of type "const char *restrict"
  				{	 strncat(czhz,text4,2);
..\HARDWARE\HTPTB\htptb.c(977): warning:  #167-D: argument of type "unsigned char *" is incompatible with parameter of type "const char *"
  					if(strcmp(czhz,czhzstring))
..\HARDWARE\HTPTB\htptb.c(981): warning:  #167-D: argument of type "unsigned char *" is incompatible with parameter of type "char *restrict"
  						strncat(text1,text2,2);
..\HARDWARE\HTPTB\htptb.c(981): warning:  #167-D: argument of type "unsigned char *" is incompatible with parameter of type "const char *restrict"
  						strncat(text1,text2,2);
..\HARDWARE\HTPTB\htptb.c(982): warning:  #167-D: argument of type "unsigned char *" is incompatible with parameter of type "char *restrict"
  					strncat(text1,text3,2);
..\HARDWARE\HTPTB\htptb.c(982): warning:  #167-D: argument of type "unsigned char *" is incompatible with parameter of type "const char *restrict"
  					strncat(text1,text3,2);
..\HARDWARE\HTPTB\htptb.c(1035): warning:  #167-D: argument of type "unsigned char *" is incompatible with parameter of type "char *"
  				result=ftb(text4);
..\HARDWARE\HTPTB\htptb.c(1060): warning:  #167-D: argument of type "unsigned char *" is incompatible with parameter of type "char *"
  				result=ftb(text3);
..\HARDWARE\HTPTB\htptb.c(1075): warning:  #167-D: argument of type "unsigned char *" is incompatible with parameter of type "char *"
  				result = ptb(getcnchar(text1)); 
..\HARDWARE\HTPTB\htptb.c(1085): warning:  #167-D: argument of type "unsigned char *" is incompatible with parameter of type "char *"
  				result=ftb(text2);
..\HARDWARE\HTPTB\htptb.c(1099): warning:  #167-D: argument of type "unsigned char *" is incompatible with parameter of type "char *"
  				{ result = ftb(text1); 
..\HARDWARE\HTPTB\htptb.c(843): warning:  #177-D: variable "Nresult"  was declared but never referenced
  	 char Nresult[50]="";
..\HARDWARE\HTPTB\htptb.c(833): warning:  #177-D: variable "nb"  was declared but never referenced
    char nb[10][13]={""};
..\HARDWARE\HTPTB\htptb.c: 37 warnings, 0 errors
compiling stm32f10x_it.c...
compiling key.c...
compiling led.c...
compiling TTS.c...
..\HARDWARE\TTS\TTS.c(43): warning:  #9-D: nested comment is not allowed
      /****/	 
..\HARDWARE\TTS\TTS.c(96): warning:  #223-D: function "strlen" declared implicitly
  	buflen=strlen(buf);
..\HARDWARE\TTS\TTS.c(105): warning:  #223-D: function "memcpy" declared implicitly
  	memcpy(&len[5],buf,buflen);
..\HARDWARE\TTS\TTS.c: 3 warnings, 0 errors
compiling spi.c...
compiling suocun.c...
..\HARDWARE\SUOCUN\suocun.c(98): warning:  #223-D: function "strncpy" declared implicitly
  			 strncpy(ts[0],tbtmp[i],6);
..\HARDWARE\SUOCUN\suocun.c(117): warning:  #174-D: expression has no effect
  		 tbtmp[i]==tbtmp[i];
..\HARDWARE\SUOCUN\suocun.c(120): warning:  #223-D: function "strncpy" declared implicitly
  strncpy(gdtmp,tbtmp[count_s],8);//一个周期内的第一组转换，复制btmp[count_s]的前8�?,完成第一组数据输出点采集	        //据说memcpy效率高，可复制中间包�?'\0'的数据，strncpy好了吗只能复制字符串，strncpy，memcpy有可能出现内存重叠情况，程序出错可以考虑修改为memmove			
..\HARDWARE\SUOCUN\suocun.c(122): warning:  #223-D: function "reverse" declared implicitly
  		reverse(gdtmp);//字符串倒转，用于计算机存储正确点位序列																						盲文点列�?1~8�?7�?8为下一方的1�?2）排列书写的顺序(低位在前高位在后)与对应D0~D7的赋值在数位上（从高到底）相反，所以倒转序列适应锁存器输�?
..\HARDWARE\SUOCUN\suocun.c(123): warning:  #223-D: function "binary" declared implicitly
  		dx[3*count_s/2]=binary(gdtmp);//二进制字符串转十进制整型数，存于点显数组第一个元素中，用于I/O口赋�?
..\HARDWARE\SUOCUN\suocun.c(124): warning:  #223-D: function "memset" declared implicitly
  		memset(gdtmp,'\0',sizeof(gdtmp));//完成一次存储操作后，将过渡数组清零。以采集第二�?
..\HARDWARE\SUOCUN\suocun.c(126): warning:  #223-D: function "strncat" declared implicitly
  		strncat(gdtmp,tbtmp[count_s+1],4);//再添加第二组盲文点列的前4个点序。完成第二组数据输出点的采集�?
..\HARDWARE\SUOCUN\suocun.c(131): warning:  #223-D: function "strcpy" declared implicitly
  		strcpy(gdtmp,tbtmp[count_s+1]+4);//复制第二组盲文点列后9�?(包含\0)点列�?													灵活运用strcpy中的所要拷贝的字符串的首地址(地址btmp[count_s+1]+4为第二组盲文点列�?4�?(�?0位开始计�?)的地址，即�?9�?(包含\0)点列的起始地址)，并已补上\0�?
..\HARDWARE\SUOCUN\suocun.c(63): warning:  #177-D: variable "x2"  was declared but never referenced
  	 int i,j,a,b,m,n,x1,x2,y,l,k;
..\HARDWARE\SUOCUN\suocun.c(63): warning:  #177-D: variable "l"  was declared but never referenced
  	 int i,j,a,b,m,n,x1,x2,y,l,k;
..\HARDWARE\SUOCUN\suocun.c(177): warning:  #223-D: function "strncpy" declared implicitly
  			strncpy(gdtmp,tbtmp[count_s],6);
..\HARDWARE\SUOCUN\suocun.c(178): warning:  #223-D: function "strncat" declared implicitly
  			strncat(gdtmp,tbtmp[count_s+1],2);
..\HARDWARE\SUOCUN\suocun.c(180): warning:  #223-D: function "reverse" declared implicitly
  			reverse(gdtmp);
..\HARDWARE\SUOCUN\suocun.c(181): warning:  #223-D: function "binary" declared implicitly
  			dx[i]=binary(gdtmp);
..\HARDWARE\SUOCUN\suocun.c(182): warning:  #223-D: function "memset" declared implicitly
  			memset(gdtmp,'\0',sizeof(gdtmp));
..\HARDWARE\SUOCUN\suocun.c(145): warning:  #177-D: variable "ts"  was declared but never referenced
  		 char gdtmp[9], ts[2][6]; 
..\HARDWARE\SUOCUN\suocun.c(146): warning:  #177-D: variable "j"  was declared but never referenced
  		int i1,i2 ,j,m,n,x,y,k,a,b,t;
..\HARDWARE\SUOCUN\suocun.c(146): warning:  #177-D: variable "y"  was declared but never referenced
  		int i1,i2 ,j,m,n,x,y,k,a,b,t;
..\HARDWARE\SUOCUN\suocun.c(146): warning:  #177-D: variable "a"  was declared but never referenced
  		int i1,i2 ,j,m,n,x,y,k,a,b,t;
..\HARDWARE\SUOCUN\suocun.c(146): warning:  #177-D: variable "b"  was declared but never referenced
  		int i1,i2 ,j,m,n,x,y,k,a,b,t;
..\HARDWARE\SUOCUN\suocun.c(146): warning:  #177-D: variable "t"  was declared but never referenced
  		int i1,i2 ,j,m,n,x,y,k,a,b,t;
..\HARDWARE\SUOCUN\suocun.c(272): warning:  #223-D: function "delay_ms" declared implicitly
  		delay_ms(100);
..\HARDWARE\SUOCUN\suocun.c(277): warning:  #223-D: function "delay_ms" declared implicitly
  				delay_ms(100);
..\HARDWARE\SUOCUN\suocun.c: 23 warnings, 0 errors
compiling system_stm32f10x.c...
compiling w25qxx.c...
compiling main.c...
main.c(25): warning:  #1295-D: Deprecated declaration dis_txt - give arg types
  void dis_txt();
main.c(28): warning:  #1295-D: Deprecated declaration play - give arg types
  void play();
main.c(29): warning:  #1295-D: Deprecated declaration reco - give arg types
  void reco();
main.c(59): warning:  #167-D: argument of type "u8 *" is incompatible with parameter of type "char *restrict"
  			 strcpy((u8*)name[i],(u8*)fn);
main.c(59): warning:  #167-D: argument of type "u8 *" is incompatible with parameter of type "const char *restrict"
  			 strcpy((u8*)name[i],(u8*)fn);
main.c(43): warning:  #177-D: variable "temp"  was declared but never referenced
  	u16 temp;
main.c(114): warning:  #177-D: variable "res"  was declared but never referenced
  	u8 res;
main.c(193): warning:  #177-D: variable "res"  was declared but never referenced
  	u8 res;
main.c(273): warning:  #177-D: variable "res"  was declared but never referenced
  	u8 res;
main.c(275): warning:  #177-D: variable "t1"  was declared but never referenced
  	u8 t1;
main.c(396): warning:  #223-D: function "dis" declared implicitly
  			dis(0);
main.c(491): warning:  #223-D: function "dis" declared implicitly
  dis(0);
main.c(529): warning:  #111-D: statement is unreachable
  return 0;
main.c(636): warning:  #177-D: variable "i"  was declared but never referenced
  { int i;
main.c(646): warning:  #177-D: variable "tuindex"  was declared but never referenced
  	int tuindex;
main.c(649): warning:  #177-D: variable "key_v"  was declared but never referenced
  	u8 key_v;
main.c(650): warning:  #177-D: variable "t"  was declared but never referenced
  	int t=0;
main.c(651): warning:  #177-D: variable "buffer"  was declared but never referenced
  	BYTE buffer[38];
main.c(741): warning:  #223-D: function "DX_FCBraille" declared implicitly
  	  DX_FCBraille(btmp);
main.c(753): warning:  #1-D: last line of file ends without a newline
  }
main.c: 20 warnings, 0 errors
compiling sdio_sdcard.c...
compiling core_cm3.c...
compiling timer.c...
compiling lcd.c...
assembling startup_stm32f10x_hd.s...
compiling wkup.c...
..\HARDWARE\WKUP\wkup.c(26): warning:  #940-D: missing return statement at end of non-void function "Check_WKUP" 
  } 
..\HARDWARE\WKUP\wkup.c: 1 warning, 0 errors
compiling delay.c...
compiling usart.c...
compiling sys.c...
compiling misc.c...
compiling stm32f10x_fsmc.c...
compiling stm32f10x_gpio.c...
compiling stm32f10x_spi.c...
compiling stm32f10x_usart.c...
compiling stm32f10x_dma.c...
compiling stm32f10x_sdio.c...
compiling stm32f10x_rcc.c...
compiling stm32f10x_pwr.c...
compiling malloc.c...
compiling stm32f10x_tim.c...
compiling diskio.c...
compiling exfuns.c...
compiling ff.c...
compiling mycc936.c...
compiling fontupd.c...
compiling text.c...
linking...
Program Size: Code=44520 RO-data=13580 RW-data=192 ZI-data=57140  
FromELF: creating hex file...
"..\OBJ\HZ.axf" - 0 Error(s), 84 Warning(s).

<h2>Software Packages used:</h2>

Package Vendor: Keil
                http://www.keil.com/pack/Keil.STM32F1xx_DFP.2.3.0.pack
                Keil.STM32F1xx_DFP.2.3.0
                STMicroelectronics STM32F1 Series Device Support, Drivers and Examples

<h2>Collection of Component include folders:</h2>
  .\RTE\_HTB
  D:\Keil5\Keil5Pack\Keil\STM32F1xx_DFP\2.3.0\Device\Include

<h2>Collection of Component Files used:</h2>
Build Time Elapsed:  00:00:03
</pre>
</body>
</html>
