<html>
<body>
<pre>
<h1>礦ision Build Log</h1>
<h2>Tool Versions:</h2>
IDE-Version: μVision V5.28.0.0
Copyright (C) 2019 ARM Ltd and ARM Germany GmbH. All rights reserved.
License Information: 1 1010186930@qq.com, 1, LIC=HN0AR-KQU0Z-01ZP1-C0PKJ-R97M1-TKGP6
 
Tool Versions:
Toolchain:       MDK-ARM Plus  Version: 5.28.0.0
Toolchain Path:  D:\Keil5\ARM\ARMCC\Bin
C Compiler:      Armcc.exe V5.06 update 6 (build 750)
Assembler:       Armasm.exe V5.06 update 6 (build 750)
Linker/Locator:  ArmLink.exe V5.06 update 6 (build 750)
Library Manager: ArmAr.exe V5.06 update 6 (build 750)
Hex Converter:   FromElf.exe V5.06 update 6 (build 750)
CPU DLL:         SARMCM3.DLL V5.28.0.0
Dialog DLL:      DCM.DLL V1.17.3.0
Target DLL:      Segger\JL2CM3.dll V2.99.36.0
Dialog DLL:      TCM.DLL V1.36.2.0
 
<h2>Project:</h2>
D:\BaiduNetdiskDownload\电子小说阅读器\USER\READ.uvprojx
Project File Date:  01/07/2021

<h2>Output:</h2>
*** Using Compiler 'V5.06 update 6 (build 750)', folder: 'D:\Keil5\ARM\ARMCC\Bin'
Build target 'READER'
compiling led.c...
compiling key.c...
compiling spi.c...
compiling ctiic.c...
compiling stm32f4xx_it.c...
compiling w25qxx.c...
compiling ft5206.c...
compiling system_stm32f4xx.c...
compiling gt9147.c...
compiling sdio_sdcard.c...
assembling startup_stm32f40_41xxx.s...
compiling main.c...
main.c(253): warning:  #223-D: function "mf_open" declared implicitly
  	res=mf_open((char *)spr_name,FA_READ);//只读打开
main.c(266): warning:  #223-D: function "mf_lseek" declared implicitly
  	mf_lseek(page_offset[page%1000]);//得到初始偏移
main.c(447): warning:  #223-D: function "mf_open" declared implicitly
  			if(mf_open(spr_buf,FA_OPEN_EXISTING)==FR_OK)
main.c(448): warning:  #167-D: argument of type "char *" is incompatible with parameter of type "const u8 *"
  				ai_load_picfile(spr_buf,60,100,150,250,1);	//显示图片1
main.c(461): warning:  #223-D: function "mf_open" declared implicitly
  			if(mf_open(spr_buf,FA_OPEN_EXISTING)==FR_OK)
main.c(462): warning:  #167-D: argument of type "char *" is incompatible with parameter of type "const u8 *"
  				ai_load_picfile(spr_buf,280,100,150,250,1);
main.c(477): warning:  #223-D: function "mf_open" declared implicitly
  			if(mf_open(spr_buf,FA_OPEN_EXISTING)==FR_OK)
main.c(478): warning:  #167-D: argument of type "char *" is incompatible with parameter of type "const u8 *"
  				ai_load_picfile(spr_buf,60,450,150,250,1);//显示图片3
main.c(492): warning:  #223-D: function "mf_open" declared implicitly
  			if(mf_open(spr_buf,FA_OPEN_EXISTING)==FR_OK)
main.c(493): warning:  #167-D: argument of type "char *" is incompatible with parameter of type "const u8 *"
  				ai_load_picfile(spr_buf,280,450,150,250,1);//显示图片4
main.c(702): warning:  #940-D: missing return statement at end of non-void function "lcd_dis_files" 
  }
main.c(716): warning:  #223-D: function "mf_lseek" declared implicitly
  	mf_lseek(0);
main.c(822): warning:  #223-D: function "mf_lseek" declared implicitly
  	res=mf_lseek(data_offset);//偏移更新
main.c(959): warning:  #170-D: pointer points outside of underlying object
  			if(strncmp(txt_pathname[key-1]-4+strlen(txt_pathname[key-1]),".txt",4)==0)
main.c(1007): warning:  #167-D: argument of type "u8 *" is incompatible with parameter of type "const char *"
  		if(strcmp(path,txt_path_name[i])==0)
main.c(1007): warning:  #167-D: argument of type "u8 *" is incompatible with parameter of type "const char *"
  		if(strcmp(path,txt_path_name[i])==0)
main.c(1011): warning:  #167-D: argument of type "u8 *" is incompatible with parameter of type "char *restrict"
  				strcpy(txt_path_name[j],txt_path_name[j+1]);
main.c(1011): warning:  #167-D: argument of type "u8 *" is incompatible with parameter of type "const char *restrict"
  				strcpy(txt_path_name[j],txt_path_name[j+1]);
main.c: 18 warnings, 0 errors
compiling lcd.c...
compiling misc.c...
compiling sys.c...
compiling delay.c...
compiling 24cxx.c...
compiling stm32f4xx_gpio.c...
compiling usart.c...
compiling myiic.c...
compiling ott2001a.c...
compiling stm32f4xx_fsmc.c...
compiling stm32f4xx_usart.c...
compiling touch.c...
compiling stm32f4xx_rcc.c...
compiling ff.c...
compiling malloc.c...
compiling stm32f4xx_syscfg.c...
compiling diskio.c...
compiling stm32f4xx_spi.c...
compiling stm32f4xx_dma.c...
compiling usmart.c...
compiling stm32f4xx_tim.c...
compiling stm32f4xx_sdio.c...
compiling usmart_str.c...
compiling usmart_config.c...
compiling exfuns.c...
compiling fattester.c...
compiling mycc936.c...
compiling text.c...
compiling fontupd.c...
compiling piclib.c...
compiling bmp.c...
compiling gif.c...
compiling tjpgd.c...
linking...
Program Size: Code=98712 RO-data=10236 RW-data=1080 ZI-data=1234936  
FromELF: creating hex file...
"..\OBJ\HZ.axf" - 0 Error(s), 18 Warning(s).

<h2>Software Packages used:</h2>

Package Vendor: Keil
                http://www.keil.com/pack/Keil.STM32F4xx_DFP.2.13.0.pack
                Keil.STM32F4xx_DFP.2.13.0
                STMicroelectronics STM32F4 Series Device Support, Drivers and Examples

<h2>Collection of Component include folders:</h2>
  .\RTE\_READER
  D:\Keil5\Keil5Pack\Keil\STM32F4xx_DFP\2.13.0\Drivers\CMSIS\Device\ST\STM32F4xx\Include

<h2>Collection of Component Files used:</h2>
Build Time Elapsed:  00:00:05
</pre>
</body>
</html>
