<html>
<body>
<pre>
<h1>µVision Build Log</h1>
<h2>Tool Versions:</h2>
IDE-Version: ¦ÌVision V5.33.0.0
Copyright (C) 2020 ARM Ltd and ARM Germany GmbH. All rights reserved.
License Information: 1 1010186930@qq.com, 1, LIC=MPPLD-8E560-X7KRZ-JMAZ4-F38T7-06MRV
 
Tool Versions:
Toolchain:       MDK-ARM Plus  Version: 5.33.0.0
Toolchain Path:  D:\Keil5\ARM\ARMCC\Bin
C Compiler:      Armcc.exe V5.06 update 7 (build 960)
Assembler:       Armasm.exe V5.06 update 7 (build 960)
Linker/Locator:  ArmLink.exe V5.06 update 7 (build 960)
Library Manager: ArmAr.exe V5.06 update 7 (build 960)
Hex Converter:   FromElf.exe V5.06 update 7 (build 960)
CPU DLL:         SARMCM3.DLL V5.33.0.0
Dialog DLL:      DCM.DLL V1.17.3.0
Target DLL:      STLink\ST-LINKIII-KEIL_SWO.dll V3.0.8.0
Dialog DLL:      TCM.DLL V1.48.0.0
 
<h2>Project:</h2>
C:\Users\10101\Desktop\Stm32F4prj\english learning machine Unicode character display\USER\LED.uvprojx
Project File Date:  08/18/2021

<h2>Output:</h2>
*** Using Compiler 'V5.06 update 7 (build 960)', folder: 'D:\Keil5\ARM\ARMCC\Bin'
Rebuild target 'LED'
assembling startup_stm32f429xx.s...
compiling stm32f4xx_hal_rcc.c...
compiling stm32f4xx_hal.c...
compiling stm32f4xx_it.c...
compiling stm32f4xx_hal_pwr_ex.c...
compiling stm32f4xx_hal_gpio.c...
compiling stm32f4xx_hal_rcc_ex.c...
compiling system_stm32f4xx.c...
compiling stm32f4xx_hal_uart.c...
compiling stm32f4xx_hal_usart.c...
compiling stm32f4xx_hal_cortex.c...
compiling stm32f4xx_hal_pwr.c...
compiling main.c...
..\HARDWARE\CSK4002\csk4002.h(90): warning:  #1295-D: Deprecated declaration CSK4002_Init - give arg types
  void CSK4002_Init();
..\HARDWARE\CSK4002\csk4002.h(91): warning:  #1295-D: Deprecated declaration CSK4002_DeInit - give arg types
  void CSK4002_DeInit();
main.c(93): warning:  #940-D: missing return statement at end of non-void function "USH_User_App" 
  } 
main.c(97): warning:  #177-D: variable "i"  was declared but never referenced
  	u16 i;
main.c(99): warning:  #177-D: variable "key_v"  was declared but never referenced
  	u8 key_v;
main.c(100): warning:  #177-D: variable "res"  was declared but never referenced
  	u8 res;    
main.c: 6 warnings, 0 errors
compiling stm32f4xx_hal_spi.c...
compiling stm32f4xx_hal_sram.c...
compiling stm32f4xx_hal_dma2d.c...
compiling stm32f4xx_hal_dma.c...
compiling stm32f4xx_hal_dma_ex.c...
compiling stm32f4xx_hal_sdram.c...
compiling stm32f4xx_hal_ltdc.c...
compiling stm32f4xx_hal_ltdc_ex.c...
compiling stm32f4xx_hal_tim_ex.c...
compiling stm32f4xx_ll_fmc.c...
compiling stm32f4xx_hal_tim.c...
compiling stm32f4xx_hal_nand.c...
compiling dot_processor.c...
compiling ltdc.c...
compiling dot_driver.c...
..\HARDWARE\CSK4002\csk4002.h(90): warning:  #1295-D: Deprecated declaration CSK4002_Init - give arg types
  void CSK4002_Init();
..\HARDWARE\CSK4002\csk4002.h(91): warning:  #1295-D: Deprecated declaration CSK4002_DeInit - give arg types
  void CSK4002_DeInit();
..\HARDWARE\DOTDRIVER\dot_driver.c: 2 warnings, 0 errors
compiling delay.c...
compiling w25qxx.c...
compiling timer.c...
compiling sys.c...
compiling lcd.c...
compiling exti.c...
..\HARDWARE\CSK4002\csk4002.h(90): warning:  #1295-D: Deprecated declaration CSK4002_Init - give arg types
  void CSK4002_Init();
..\HARDWARE\CSK4002\csk4002.h(91): warning:  #1295-D: Deprecated declaration CSK4002_DeInit - give arg types
  void CSK4002_DeInit();
..\HARDWARE\EXTI\exti.c(124): warning:  #177-D: variable "i"  was declared but never referenced
  	static int i=0;
..\HARDWARE\EXTI\exti.c: 3 warnings, 0 errors
compiling usart.c...
..\HARDWARE\CSK4002\csk4002.h(90): warning:  #1295-D: Deprecated declaration CSK4002_Init - give arg types
  void CSK4002_Init();
..\HARDWARE\CSK4002\csk4002.h(91): warning:  #1295-D: Deprecated declaration CSK4002_DeInit - give arg types
  void CSK4002_DeInit();
..\SYSTEM\usart\usart.c: 2 warnings, 0 errors
compiling key.c...
compiling spi.c...
compiling sdram.c...
compiling malloc.c...
compiling nandtester.c...
compiling nand.c...
compiling csk4002.c...
..\HARDWARE\CSK4002\csk4002.h(90): warning:  #1295-D: Deprecated declaration CSK4002_Init - give arg types
  void CSK4002_Init();
..\HARDWARE\CSK4002\csk4002.h(91): warning:  #1295-D: Deprecated declaration CSK4002_DeInit - give arg types
  void CSK4002_DeInit();
..\HARDWARE\CSK4002\csk4002.c: 2 warnings, 0 errors
compiling fontupd.c...
compiling translate.c...
compiling text.c...
compiling ftl.c...
compiling touni.c...
..\HARDWARE\UTFTOUNI\touni.c(38): warning:  #186-D: pointless comparison of unsigned integer with zero
  		if (b2 <= 0x7F && b2 >= 0x00)
..\HARDWARE\UTFTOUNI\touni.c: 1 warning, 0 errors
compiling segment.c...
compiling usb_hcd.c...
compiling usb_core.c...
compiling usb_bsp.c...
compiling exfuns.c...
compiling usbh_stdreq.c...
compiling usbh_usr.c...
compiling mycc936.c...
compiling usbh_ioreq.c...
compiling usbh_core.c...
compiling usbh_msc_core.c...
compiling usbh_msc_bot.c...
compiling usbh_hcs.c...
compiling usbh_msc_scsi.c...
compiling usb_hcd_int.c...
compiling ff.c...
compiling diskio.c...
linking...
Program Size: Code=36974 RO-data=698 RW-data=148 ZI-data=33747756  
FromELF: creating hex file...
"..\OBJ\LED.axf" - 0 Error(s), 16 Warning(s).

<h2>Software Packages used:</h2>

Package Vendor: Keil
                http://www.keil.com/pack/Keil.STM32F4xx_DFP.2.15.0.pack
                Keil.STM32F4xx_DFP.2.15.0
                STMicroelectronics STM32F4 Series Device Support, Drivers and Examples

<h2>Collection of Component include folders:</h2>
  D:\Keil5\Keil\STM32F4xx_DFP\2.15.0\Drivers\CMSIS\Device\ST\STM32F4xx\Include

<h2>Collection of Component Files used:</h2>
Build Time Elapsed:  00:00:21
</pre>
</body>
</html>
