<html>
<body>
<pre>
<h1>�Vision Build Log</h1>
<h2>Tool Versions:</h2>
IDE-Version: ��Vision V5.28.0.0
Copyright (C) 2019 ARM Ltd and ARM Germany GmbH. All rights reserved.
License Information: 1 1010186930@qq.com, 1, LIC=HN0AR-KQU0Z-01ZP1-C0PKJ-R97M1-TKGP6
 
Tool Versions:
Toolchain:       MDK-ARM Plus  Version: 5.28.0.0
Toolchain Path:  D:\Keil5\ARM\ARMCC\Bin
C Compiler:      Armcc.exe V5.06 update 6 (build 750)
Assembler:       Armasm.exe V5.06 update 6 (build 750)
Linker/Locator:  ArmLink.exe V5.06 update 6 (build 750)
Library Manager: ArmAr.exe V5.06 update 6 (build 750)
Hex Converter:   FromElf.exe V5.06 update 6 (build 750)
CPU DLL:         SARMCM3.DLL V5.28.0.0
Dialog DLL:      DARMSTM.DLL V1.68.0.0
Target DLL:      STLink\ST-LINKIII-KEIL_SWO.dll V3.0.6.0
Dialog DLL:      TARMSTM.DLL V1.66.0.0
 
<h2>Project:</h2>
D:\ʵ����\ʵ����\��äǶ��ʽ�˳���\����ʦä�Ĩ�e��������(ä�Ļ��� ��ǩ��д ��¼������)\USER\HTB.uvprojx
Project File Date:  04/21/2020

<h2>Output:</h2>
*** Using Compiler 'V5.06 update 6 (build 750)', folder: 'D:\Keil5\ARM\ARMCC\Bin'
Build target 'HTB'
compiling htptb.c...
..\HARDWARE\HTPTB\htptb.c(742): warning:  #167-D: argument of type "unsigned char *" is incompatible with parameter of type "char *"
               result = ptb(getcnchar(text));
..\HARDWARE\HTPTB\htptb.c(745): warning:  #167-D: argument of type "unsigned char *" is incompatible with parameter of type "char *"
                 result = ftb(text);
..\HARDWARE\HTPTB\htptb.c(751): warning:  #167-D: argument of type "unsigned char *" is incompatible with parameter of type "char *"
              result=ftb(text);
..\HARDWARE\HTPTB\htptb.c(777): warning:  #111-D: statement is unreachable
  return NMF; break;
..\HARDWARE\HTPTB\htptb.c(785): warning:  #111-D: statement is unreachable
  return NMF; break;
..\HARDWARE\HTPTB\htptb.c(796): warning:  #111-D: statement is unreachable
  return NMF; break;
..\HARDWARE\HTPTB\htptb.c(765): warning:  #177-D: variable "i"  was declared but never referenced
  	int i=0,n=0,k=0,m=0,j;
..\HARDWARE\HTPTB\htptb.c(765): warning:  #177-D: variable "n"  was declared but never referenced
  	int i=0,n=0,k=0,m=0,j;
..\HARDWARE\HTPTB\htptb.c(765): warning:  #177-D: variable "k"  was declared but never referenced
  	int i=0,n=0,k=0,m=0,j;
..\HARDWARE\HTPTB\htptb.c(765): warning:  #177-D: variable "m"  was declared but never referenced
  	int i=0,n=0,k=0,m=0,j;
..\HARDWARE\HTPTB\htptb.c(765): warning:  #177-D: variable "j"  was declared but never referenced
  	int i=0,n=0,k=0,m=0,j;
..\HARDWARE\HTPTB\htptb.c(871): warning:  #167-D: argument of type "unsigned char *" is incompatible with parameter of type "char *restrict"
  			{		strcpy(czhz,text1);
..\HARDWARE\HTPTB\htptb.c(871): warning:  #167-D: argument of type "unsigned char *" is incompatible with parameter of type "const char *restrict"
  			{		strcpy(czhz,text1);
..\HARDWARE\HTPTB\htptb.c(874): warning:  #167-D: argument of type "unsigned char *" is incompatible with parameter of type "char *"
  		{result=ptb(getcnchar(text1));
..\HARDWARE\HTPTB\htptb.c(886): warning:  #167-D: argument of type "unsigned char *" is incompatible with parameter of type "char *restrict"
  				{	 strncat(czhz,text2,2);
..\HARDWARE\HTPTB\htptb.c(886): warning:  #167-D: argument of type "unsigned char *" is incompatible with parameter of type "const char *restrict"
  				{	 strncat(czhz,text2,2);
..\HARDWARE\HTPTB\htptb.c(893): warning:  #167-D: argument of type "unsigned char *" is incompatible with parameter of type "const char *"
  					if(strcmp(czhz,czcpy))
..\HARDWARE\HTPTB\htptb.c(897): warning:  #167-D: argument of type "unsigned char *" is incompatible with parameter of type "char *"
  						result=ptb(getcnchar(text1)); 
..\HARDWARE\HTPTB\htptb.c(929): warning:  #167-D: argument of type "unsigned char *" is incompatible with parameter of type "char *restrict"
  				{	 strncat(czhz,text3,2);
..\HARDWARE\HTPTB\htptb.c(929): warning:  #167-D: argument of type "unsigned char *" is incompatible with parameter of type "const char *restrict"
  				{	 strncat(czhz,text3,2);
..\HARDWARE\HTPTB\htptb.c(934): warning:  #167-D: argument of type "unsigned char *" is incompatible with parameter of type "const char *"
  					if(strcmp(czhz,czcpy))
..\HARDWARE\HTPTB\htptb.c(938): warning:  #167-D: argument of type "unsigned char *" is incompatible with parameter of type "char *restrict"
  							strncat(text1,text2,2);
..\HARDWARE\HTPTB\htptb.c(938): warning:  #167-D: argument of type "unsigned char *" is incompatible with parameter of type "const char *restrict"
  							strncat(text1,text2,2);
..\HARDWARE\HTPTB\htptb.c(973): warning:  #167-D: argument of type "unsigned char *" is incompatible with parameter of type "char *restrict"
  				{	 strncat(czhz,text4,2);
..\HARDWARE\HTPTB\htptb.c(973): warning:  #167-D: argument of type "unsigned char *" is incompatible with parameter of type "const char *restrict"
  				{	 strncat(czhz,text4,2);
..\HARDWARE\HTPTB\htptb.c(977): warning:  #167-D: argument of type "unsigned char *" is incompatible with parameter of type "const char *"
  					if(strcmp(czhz,czhzstring))
..\HARDWARE\HTPTB\htptb.c(981): warning:  #167-D: argument of type "unsigned char *" is incompatible with parameter of type "char *restrict"
  						strncat(text1,text2,2);
..\HARDWARE\HTPTB\htptb.c(981): warning:  #167-D: argument of type "unsigned char *" is incompatible with parameter of type "const char *restrict"
  						strncat(text1,text2,2);
..\HARDWARE\HTPTB\htptb.c(982): warning:  #167-D: argument of type "unsigned char *" is incompatible with parameter of type "char *restrict"
  					strncat(text1,text3,2);
..\HARDWARE\HTPTB\htptb.c(982): warning:  #167-D: argument of type "unsigned char *" is incompatible with parameter of type "const char *restrict"
  					strncat(text1,text3,2);
..\HARDWARE\HTPTB\htptb.c(1035): warning:  #167-D: argument of type "unsigned char *" is incompatible with parameter of type "char *"
  				result=ftb(text4);
..\HARDWARE\HTPTB\htptb.c(1060): warning:  #167-D: argument of type "unsigned char *" is incompatible with parameter of type "char *"
  				result=ftb(text3);
..\HARDWARE\HTPTB\htptb.c(1075): warning:  #167-D: argument of type "unsigned char *" is incompatible with parameter of type "char *"
  				result = ptb(getcnchar(text1)); 
..\HARDWARE\HTPTB\htptb.c(1085): warning:  #167-D: argument of type "unsigned char *" is incompatible with parameter of type "char *"
  				result=ftb(text2);
..\HARDWARE\HTPTB\htptb.c(1099): warning:  #167-D: argument of type "unsigned char *" is incompatible with parameter of type "char *"
  				{ result = ftb(text1); 
..\HARDWARE\HTPTB\htptb.c(843): warning:  #177-D: variable "Nresult"  was declared but never referenced
  	 char Nresult[50]="";
..\HARDWARE\HTPTB\htptb.c(833): warning:  #177-D: variable "nb"  was declared but never referenced
    char nb[10][13]={""};
..\HARDWARE\HTPTB\htptb.c: 37 warnings, 0 errors
compiling led.c...
compiling spi.c...
compiling stm32f10x_it.c...
compiling TTS.c...
..\HARDWARE\TTS\TTS.c(43): warning:  #9-D: nested comment is not allowed
      /****/	 
..\HARDWARE\TTS\TTS.c(96): warning:  #223-D: function "strlen" declared implicitly
  	buflen=strlen(buf);
..\HARDWARE\TTS\TTS.c(105): warning:  #223-D: function "memcpy" declared implicitly
  	memcpy(&len[5],buf,buflen);
..\HARDWARE\TTS\TTS.c: 3 warnings, 0 errors
compiling w25qxx.c...
compiling key.c...
compiling system_stm32f10x.c...
compiling suocun.c...
..\HARDWARE\SUOCUN\suocun.c(98): warning:  #223-D: function "strncpy" declared implicitly
  			 strncpy(ts[0],tbtmp[i],6);
..\HARDWARE\SUOCUN\suocun.c(117): warning:  #174-D: expression has no effect
  		 tbtmp[i]==tbtmp[i];
..\HARDWARE\SUOCUN\suocun.c(120): warning:  #223-D: function "strncpy" declared implicitly
  strncpy(gdtmp,tbtmp[count_s],8);//一个周期内的第一组转换，复制btmp[count_s]的前8�?,完成第一组数据输出点采集	        //据说memcpy效率高，可复制中间包�?'\0'的数据，strncpy好了吗只能复制字符串，strncpy，memcpy有可能出现内存重叠情况，程序出错可以考虑修改为memmove			
..\HARDWARE\SUOCUN\suocun.c(122): warning:  #223-D: function "reverse" declared implicitly
  		reverse(gdtmp);//字符串倒转，用于计算机存储正确点位序列																						盲文点列�?1~8�?7�?8为下一方的1�?2）排列书写的顺序(低位在前高位在后)与对应D0~D7的赋值在数位上（从高到底）相反，所以倒转序列适应锁存器输�?
..\HARDWARE\SUOCUN\suocun.c(123): warning:  #223-D: function "binary" declared implicitly
  		dx[3*count_s/2]=binary(gdtmp);//二进制字符串转十进制整型数，存于点显数组第一个元素中，用于I/O口赋�?
..\HARDWARE\SUOCUN\suocun.c(124): warning:  #223-D: function "memset" declared implicitly
  		memset(gdtmp,'\0',sizeof(gdtmp));//完成一次存储操作后，将过渡数组清零。以采集第二�?
..\HARDWARE\SUOCUN\suocun.c(126): warning:  #223-D: function "strncat" declared implicitly
  		strncat(gdtmp,tbtmp[count_s+1],4);//再添加第二组盲文点列的前4个点序。完成第二组数据输出点的采集�?
..\HARDWARE\SUOCUN\suocun.c(131): warning:  #223-D: function "strcpy" declared implicitly
  		strcpy(gdtmp,tbtmp[count_s+1]+4);//复制第二组盲文点列后9�?(包含\0)点列�?													灵活运用strcpy中的所要拷贝的字符串的首地址(地址btmp[count_s+1]+4为第二组盲文点列�?4�?(�?0位开始计�?)的地址，即�?9�?(包含\0)点列的起始地址)，并已补上\0�?
..\HARDWARE\SUOCUN\suocun.c(63): warning:  #177-D: variable "x2"  was declared but never referenced
  	 int i,j,a,b,m,n,x1,x2,y,l,k;
..\HARDWARE\SUOCUN\suocun.c(63): warning:  #177-D: variable "l"  was declared but never referenced
  	 int i,j,a,b,m,n,x1,x2,y,l,k;
..\HARDWARE\SUOCUN\suocun.c(177): warning:  #223-D: function "strncpy" declared implicitly
  			strncpy(gdtmp,tbtmp[count_s],6);
..\HARDWARE\SUOCUN\suocun.c(178): warning:  #223-D: function "strncat" declared implicitly
  			strncat(gdtmp,tbtmp[count_s+1],2);
..\HARDWARE\SUOCUN\suocun.c(180): warning:  #223-D: function "reverse" declared implicitly
  			reverse(gdtmp);
..\HARDWARE\SUOCUN\suocun.c(181): warning:  #223-D: function "binary" declared implicitly
  			dx[i]=binary(gdtmp);
..\HARDWARE\SUOCUN\suocun.c(182): warning:  #223-D: function "memset" declared implicitly
  			memset(gdtmp,'\0',sizeof(gdtmp));
..\HARDWARE\SUOCUN\suocun.c(145): warning:  #177-D: variable "ts"  was declared but never referenced
  		 char gdtmp[9], ts[2][6]; 
..\HARDWARE\SUOCUN\suocun.c(146): warning:  #177-D: variable "j"  was declared but never referenced
  		int i1,i2 ,j,m,n,x,y,k,a,b,t;
..\HARDWARE\SUOCUN\suocun.c(146): warning:  #177-D: variable "y"  was declared but never referenced
  		int i1,i2 ,j,m,n,x,y,k,a,b,t;
..\HARDWARE\SUOCUN\suocun.c(146): warning:  #177-D: variable "a"  was declared but never referenced
  		int i1,i2 ,j,m,n,x,y,k,a,b,t;
..\HARDWARE\SUOCUN\suocun.c(146): warning:  #177-D: variable "b"  was declared but never referenced
  		int i1,i2 ,j,m,n,x,y,k,a,b,t;
..\HARDWARE\SUOCUN\suocun.c(146): warning:  #177-D: variable "t"  was declared but never referenced
  		int i1,i2 ,j,m,n,x,y,k,a,b,t;
..\HARDWARE\SUOCUN\suocun.c(272): warning:  #223-D: function "delay_ms" declared implicitly
  		delay_ms(100);
..\HARDWARE\SUOCUN\suocun.c(277): warning:  #223-D: function "delay_ms" declared implicitly
  				delay_ms(100);
..\HARDWARE\SUOCUN\suocun.c: 23 warnings, 0 errors
assembling startup_stm32f10x_hd.s...
compiling main.c...
main.c(42): warning:  #1295-D: Deprecated declaration display_Bookmark - give arg types
  int display_Bookmark();//���������е�.c�ļ����Ұ�����ǩ1~10��˳������
main.c(57): warning:  #1295-D: Deprecated declaration k2_event - give arg types
  u8 k2_event();
main.c(65): warning:  #1295-D: Deprecated declaration k4_event - give arg types
  void k4_event();
main.c(66): warning:  #1295-D: Deprecated declaration k5_event - give arg types
  void k5_event();
main.c(67): warning:  #1295-D: Deprecated declaration k6_event - give arg types
  void k6_event();
main.c(74): warning:  #1295-D: Deprecated declaration dis_txt - give arg types
  void dis_txt();
main.c(75): warning:  #1295-D: Deprecated declaration play - give arg types
  void play();
main.c(76): warning:  #1295-D: Deprecated declaration reco - give arg types
  void reco();
main.c(232): warning:  #223-D: function "dis" declared implicitly
  			dis(0);
main.c(237): warning:  #111-D: statement is unreachable
  	return 0;
main.c(91): warning:  #177-D: variable "res1"  was declared but never referenced
  	FRESULT res1;
main.c(93): warning:  #177-D: variable "menu"  was declared but never referenced
  	u8 menu=0;
main.c(398): warning:  #167-D: argument of type "u8 *" is incompatible with parameter of type "char *restrict"
  				strcpy((u8*)filename[i],(u8*)fn);
main.c(398): warning:  #167-D: argument of type "u8 *" is incompatible with parameter of type "const char *restrict"
  				strcpy((u8*)filename[i],(u8*)fn);
main.c(373): warning:  #177-D: variable "buffer"  was declared but never referenced
  	BYTE buffer[20*MAXSIZE]="";
main.c(478): warning:  #167-D: argument of type "u8 *" is incompatible with parameter of type "char *restrict"
  				strcpy((u8*)filename[i],(u8*)fn);
main.c(478): warning:  #167-D: argument of type "u8 *" is incompatible with parameter of type "const char *restrict"
  				strcpy((u8*)filename[i],(u8*)fn);
main.c(544): warning:  #188-D: enumerated type mixed with another type
  	FRESULT res=0;
main.c(595): warning:  #167-D: argument of type "u8 *" is incompatible with parameter of type "char *restrict"
  			strcpy(path_c,"��ǩ10 ");
main.c(605): warning:  #186-D: pointless comparison of unsigned integer with zero
  		else if(cnt2>=0&&cnt2<=MAXBK-1)
main.c(610): warning:  #167-D: argument of type "u8 *" is incompatible with parameter of type "char *restrict"
  			strcat(path_c, bk);
main.c(614): warning:  #42-D: operand types are incompatible ("char *" and "u8 *")
  		strcpy((char*)bkname,q?q+3:pathp);//�����ֺ�'/'ȥ��
main.c(616): warning:  #167-D: argument of type "u8 *" is incompatible with parameter of type "char *restrict"
  		strcat(path_c,bkname);
main.c(616): warning:  #167-D: argument of type "u8 *" is incompatible with parameter of type "const char *restrict"
  		strcat(path_c,bkname);
main.c(617): warning:  #167-D: argument of type "u8 *" is incompatible with parameter of type "char *restrict"
  		strcat(path_c,ext);//����ǩ�ļ�����.c��չ��
main.c(627): warning:  #42-D: operand types are incompatible ("char *" and "u8 *")
  	strcpy(fnt,p?p+1:pathp);
main.c(627): warning:  #167-D: argument of type "u8 *" is incompatible with parameter of type "char *restrict"
  	strcpy(fnt,p?p+1:pathp);
main.c(634): warning:  #167-D: argument of type "u8 *" is incompatible with parameter of type "const char *"
  	if(!strcmp(fnt,pathp))
main.c(634): warning:  #167-D: argument of type "u8 *" is incompatible with parameter of type "const char *"
  	if(!strcmp(fnt,pathp))
main.c(648): warning:  #167-D: argument of type "u8 *" is incompatible with parameter of type "char *restrict"
  				strcpy((u8*)filename[i],(u8*)fn);
main.c(648): warning:  #167-D: argument of type "u8 *" is incompatible with parameter of type "const char *restrict"
  				strcpy((u8*)filename[i],(u8*)fn);
main.c(649): warning:  #167-D: argument of type "u8 *" is incompatible with parameter of type "const char *"
  				if(!strcmp(fnt,fn))
main.c(649): warning:  #167-D: argument of type "u8 *" is incompatible with parameter of type "const char *"
  				if(!strcmp(fnt,fn))
main.c(549): warning:  #177-D: variable "patht"  was declared but never referenced
  	u8*patht=0;
main.c(560): warning:  #177-D: variable "cnt1"  was declared but never referenced
  	u32 cnt1;//������ǩ�Ĵ���
main.c(563): warning:  #177-D: variable "index"  was declared but never referenced
  	int index;//Ҫ�½�����ǩ���
main.c(565): warning:  #177-D: variable "extension"  was declared but never referenced
  	char extension[3]="";
main.c(1011): warning:  #223-D: function "DX_FCBraille" declared implicitly
  	  DX_FCBraille(btmp);
main.c(1043): warning:  #188-D: enumerated type mixed with another type
  				res=f_typetell(fn);	
main.c(1053): warning:  #167-D: argument of type "u8 *" is incompatible with parameter of type "char *restrict"
  								strcpy(nameReplaced,"0:/");
main.c(1054): warning:  #167-D: argument of type "u8 *" is incompatible with parameter of type "char *restrict"
  								strcat(nameReplaced,fn);
main.c(1054): warning:  #167-D: argument of type "u8 *" is incompatible with parameter of type "const char *restrict"
  								strcat(nameReplaced,fn);
main.c(1243): warning:  #167-D: argument of type "u8 *" is incompatible with parameter of type "char *restrict"
  		strcat(path_c,bk);
main.c(1251): warning:  #167-D: argument of type "u8 *" is incompatible with parameter of type "char *restrict"
  			strcat(path_c, bk);
main.c(1254): warning:  #940-D: missing return statement at end of non-void function "path_Change" 
  }
main.c(1297): warning:  #188-D: enumerated type mixed with another type
  			res=f_typetell(fn);	
main.c(1301): warning:  #167-D: argument of type "u8 *" is incompatible with parameter of type "char *restrict"
  				strcpy((u8*)bookmarkname[line],processedname);
main.c(1616): warning:  #167-D: argument of type "u8 *" is incompatible with parameter of type "const char *restrict"
  							strcpy(oldname[i],fn);
main.c(1620): warning:  #167-D: argument of type "u8 *" is incompatible with parameter of type "const char *restrict"
  							strcpy(newname[i],fn);
main.c(1657): warning:  #177-D: variable "i"  was declared but never referenced
  	int i = 0, j = -1;
main.c(1720): warning:  #1-D: last line of file ends without a newline
  }	
main.c: 51 warnings, 0 errors
compiling sdio_sdcard.c...
compiling timer.c...
compiling lcd.c...
compiling core_cm3.c...
compiling wkup.c...
..\HARDWARE\WKUP\wkup.c(26): warning:  #940-D: missing return statement at end of non-void function "Check_WKUP" 
  } 
..\HARDWARE\WKUP\wkup.c: 1 warning, 0 errors
compiling delay.c...
compiling misc.c...
compiling usart.c...
compiling sys.c...
compiling stm32f10x_fsmc.c...
compiling stm32f10x_gpio.c...
compiling stm32f10x_pwr.c...
compiling malloc.c...
compiling stm32f10x_rcc.c...
compiling stm32f10x_sdio.c...
compiling stm32f10x_spi.c...
compiling stm32f10x_usart.c...
compiling diskio.c...
compiling stm32f10x_tim.c...
compiling stm32f10x_dma.c...
compiling ff.c...
compiling exfuns.c...
compiling mycc936.c...
compiling fontupd.c...
compiling text.c...
linking...
Program Size: Code=50684 RO-data=14596 RW-data=196 ZI-data=55888  
FromELF: creating hex file...
"..\OBJ\HZ.axf" - 0 Error(s), 115 Warning(s).

<h2>Software Packages used:</h2>

Package Vendor: Keil
                http://www.keil.com/pack/Keil.STM32F1xx_DFP.2.3.0.pack
                Keil.STM32F1xx_DFP.2.3.0
                STMicroelectronics STM32F1 Series Device Support, Drivers and Examples

<h2>Collection of Component include folders:</h2>
  .\RTE\_HTB
  D:\Keil5\Keil5Pack\Keil\STM32F1xx_DFP\2.3.0\Device\Include

<h2>Collection of Component Files used:</h2>
Build Time Elapsed:  00:00:03
</pre>
</body>
</html>
