<html>
<body>
<pre>
<h1>�Vision Build Log</h1>
<h2>Tool Versions:</h2>
IDE-Version: ��Vision V5.28.0.0
Copyright (C) 2019 ARM Ltd and ARM Germany GmbH. All rights reserved.
License Information: 1 1010186930@qq.com, 1, LIC=DSNY8-3LKD5-AWD2F-66RID-T45UY-KTSVE
 
Tool Versions:
Toolchain:       MDK-ARM Professional  Version: 5.28.0.0
Toolchain Path:  D:\Keil5\ARM\ARMCC\Bin
C Compiler:      Armcc.exe V5.06 update 6 (build 750)
Assembler:       Armasm.exe V5.06 update 6 (build 750)
Linker/Locator:  ArmLink.exe V5.06 update 6 (build 750)
Library Manager: ArmAr.exe V5.06 update 6 (build 750)
Hex Converter:   FromElf.exe V5.06 update 6 (build 750)
CPU DLL:         SARMCM3.DLL V5.28.0.0
Dialog DLL:      DARMSTM.DLL V1.68.0.0
Target DLL:      Segger\JL2CM3.dll V2.99.36.0
Dialog DLL:      TARMSTM.DLL V1.66.0.0
 
<h2>Project:</h2>
C:\Users\10101\Desktop\ʵ����\��ä���Ի�\��������\�������----����\USER\HTB.uvprojx
Project File Date:  10/13/2019

<h2>Output:</h2>
*** Using Compiler 'V5.06 update 6 (build 750)', folder: 'D:\Keil5\ARM\ARMCC\Bin'
Build target 'HTB'
compiling htptb.c...
..\HARDWARE\HTPTB\htptb.c(712): warning:  #167-D: argument of type "unsigned char *" is incompatible with parameter of type "char *"
               result = ptb(getcnchar(text));
..\HARDWARE\HTPTB\htptb.c(715): warning:  #167-D: argument of type "unsigned char *" is incompatible with parameter of type "char *"
                 result = ftb(text);
..\HARDWARE\HTPTB\htptb.c(721): warning:  #167-D: argument of type "unsigned char *" is incompatible with parameter of type "char *"
              result=ftb(text);
..\HARDWARE\HTPTB\htptb.c: 3 warnings, 0 errors
compiling delay.c...
compiling spi.c...
compiling led.c...
compiling w25qxx.c...
compiling system_stm32f10x.c...
compiling stm32f10x_it.c...
compiling key.c...
compiling suocun.c...
..\HARDWARE\SUOCUN\suocun.c(80): warning:  #223-D: function "strncpy" declared implicitly
  			 strncpy(ts[0],tbtmp[i],6);
..\HARDWARE\SUOCUN\suocun.c(99): warning:  #174-D: expression has no effect
  		 tbtmp[i]==tbtmp[i];
..\HARDWARE\SUOCUN\suocun.c(103): warning:  #223-D: function "strncpy" declared implicitly
  		strncpy(gdtmp,tbtmp[count_s],8);//一个周期内的第一组转换，复制btmp[count_s]的前8�?,完成第一组数据输出点采集	        //据说memcpy效率高，可复制中间包�?'\0'的数据，strncpy好了吗只能复制字符串，strncpy，memcpy有可能出现内存重叠情况，程序出错可以考虑修改为memmove			
..\HARDWARE\SUOCUN\suocun.c(107): warning:  #223-D: function "memset" declared implicitly
  		memset(gdtmp,'\0',sizeof(gdtmp));//完成一次存储操作后，将过渡数组清零。以采集第二�?
..\HARDWARE\SUOCUN\suocun.c(109): warning:  #223-D: function "strncat" declared implicitly
  		strncat(gdtmp,tbtmp[count_s+1],4);//再添加第二组盲文点列的前4个点序。完成第二组数据输出点的采集�?
..\HARDWARE\SUOCUN\suocun.c(114): warning:  #223-D: function "strcpy" declared implicitly
  		strcpy(gdtmp,tbtmp[count_s+1]+4);//复制第二组盲文点列后9�?(包含\0)点列�?													灵活运用strcpy中的所要拷贝的字符串的首地址(地址btmp[count_s+1]+4为第二组盲文点列�?4�?(�?0位开始计�?)的地址，即�?9�?(包含\0)点列的起始地址)，并已补上\0�?
..\HARDWARE\SUOCUN\suocun.c(46): warning:  #177-D: variable "l"  was declared but never referenced
  	 int i,j,a,b,m,n,x,y,l,k;
..\HARDWARE\SUOCUN\suocun.c(199): warning:  #223-D: function "delay_ms" declared implicitly
  		delay_ms(100);
..\HARDWARE\SUOCUN\suocun.c(204): warning:  #223-D: function "delay_ms" declared implicitly
  				delay_ms(100);
..\HARDWARE\SUOCUN\suocun.c: 9 warnings, 0 errors
compiling main.c...
main.c(213): warning:  #177-D: variable "fil"  was declared but never referenced
  	FIL fil;
main.c(305): warning:  #167-D: argument of type "char *" is incompatible with parameter of type "u8 *"
  				Show_Str(10,40,220,16,Dirname[keyf-1],12,0);//ע���±��ļ�
main.c(318): warning:  #167-D: argument of type "char *" is incompatible with parameter of type "u8 *"
  				Show_Str(30,160,200,16,strcpy(ltmp,buffer+10),16,0);//��һ����ʾ5���֣���������80����ʾ��һ�����ֵ�ä��
main.c(332): warning:  #1-D: last line of file ends without a newline
  }
main.c: 4 warnings, 0 errors
assembling startup_stm32f10x_hd.s...
compiling core_cm3.c...
compiling sdio_sdcard.c...
compiling sys.c...
compiling lcd.c...
compiling usart.c...
compiling misc.c...
compiling stm32f10x_gpio.c...
compiling stm32f10x_fsmc.c...
compiling stm32f10x_rcc.c...
compiling stm32f10x_spi.c...
compiling ff.c...
..\FATFS\src\ff.c(1331): warning:  #177-D: function "gen_numname"  was declared but never referenced
  void gen_numname (
..\FATFS\src\ff.c: 1 warning, 0 errors
compiling stm32f10x_sdio.c...
compiling stm32f10x_usart.c...
compiling stm32f10x_dma.c...
compiling malloc.c...
compiling diskio.c...
compiling stm32f10x_tim.c...
compiling exfuns.c...
compiling mycc936.c...
compiling text.c...
compiling fontupd.c...
linking...
Program Size: Code=53568 RO-data=34212 RW-data=5008 ZI-data=51524  
FromELF: creating hex file...
"..\OBJ\HZ.axf" - 0 Error(s), 17 Warning(s).

<h2>Software Packages used:</h2>

Package Vendor: Keil
                http://www.keil.com/pack/Keil.STM32F1xx_DFP.2.3.0.pack
                Keil.STM32F1xx_DFP.2.3.0
                STMicroelectronics STM32F1 Series Device Support, Drivers and Examples

<h2>Collection of Component include folders:</h2>
  .\RTE\_HTB
  D:\Keil5\Keil5Pack\Keil\STM32F1xx_DFP\2.3.0\Device\Include

<h2>Collection of Component Files used:</h2>
Build Time Elapsed:  00:00:03
</pre>
</body>
</html>
