<html>
<body>
<pre>
<h1>礦ision Build Log</h1>
<h2>Tool Versions:</h2>
IDE-Version: μVision V5.33.0.0
Copyright (C) 2020 ARM Ltd and ARM Germany GmbH. All rights reserved.
License Information: 1 1010186930@qq.com, 1, LIC=MPPLD-8E560-X7KRZ-JMAZ4-F38T7-06MRV
 
Tool Versions:
Toolchain:       MDK-ARM Plus  Version: 5.33.0.0
Toolchain Path:  D:\Keil5\ARM\ARMCC\Bin
C Compiler:      Armcc.exe V5.06 update 7 (build 960)
Assembler:       Armasm.exe V5.06 update 7 (build 960)
Linker/Locator:  ArmLink.exe V5.06 update 7 (build 960)
Library Manager: ArmAr.exe V5.06 update 7 (build 960)
Hex Converter:   FromElf.exe V5.06 update 7 (build 960)
CPU DLL:         SARMCM3.DLL V5.33.0.0
Dialog DLL:      DARMSTM.DLL V1.68.0.0
Target DLL:      STLink\ST-LINKIII-KEIL_SWO.dll V3.0.8.0
Dialog DLL:      TARMSTM.DLL V1.66.0.0
 
<h2>Project:</h2>
D:\实验室\1. 实验室内容\汉盲嵌入式端程序\03烧录demo\20方学习机\字库烧录V1.0.0.2021625_rc\GBK和Unicode字库\USER\HZ.uvprojx
Project File Date:  06/23/2021

<h2>Output:</h2>
*** Using Compiler 'V5.06 update 7 (build 960)', folder: 'D:\Keil5\ARM\ARMCC\Bin'
Build target 'HZ'
compiling delay.c...
compiling usart.c...
compiling led.c...
compiling key.c...
compiling timer.c...
compiling touni.c...
..\HARDWARE\UTFTOUNI\touni.c(41): warning:  #186-D: pointless comparison of unsigned integer with zero
  		if (b2 <= 0x7F && b2 >= 0x00)
..\HARDWARE\UTFTOUNI\touni.c(68): warning:  #111-D: statement is unreachable
  		break;
..\HARDWARE\UTFTOUNI\touni.c(74): warning:  #177-D: variable "encodeType"  was declared but never referenced
  	int encodeType = Unknown;
..\HARDWARE\UTFTOUNI\touni.c(123): warning:  #1-D: last line of file ends without a newline
  }
..\HARDWARE\UTFTOUNI\touni.c(123): warning:  #940-D: missing return statement at end of non-void function "UTF8_to_Unicode" 
  }
..\HARDWARE\UTFTOUNI\touni.c: 5 warnings, 0 errors
compiling w25qxx.c...
compiling spi.c...
compiling main.c...
main.c(35): warning:  #177-D: variable "i"  was declared but never referenced
  	u8 i,j;
main.c(35): warning:  #177-D: variable "j"  was declared but never referenced
  	u8 i,j;
main.c: 2 warnings, 0 errors
compiling sys.c...
compiling sdio_sdcard.c...
compiling lcd.c...
compiling diskio.c...
compiling ff.c...
compiling mycc936.c...
compiling exfuns.c...
compiling fattester.c...
compiling usmart.c...
compiling usmart_config.c...
compiling usmart_str.c...
compiling text.c...
compiling fontupd.c...
linking...
Program Size: Code=65832 RO-data=14276 RW-data=436 ZI-data=1094700  
FromELF: creating hex file...
"..\OBJ\HZ.axf" - 0 Error(s), 7 Warning(s).

<h2>Software Packages used:</h2>

Package Vendor: Keil
                http://www.keil.com/pack/Keil.STM32F1xx_DFP.2.3.0.pack
                Keil.STM32F1xx_DFP.2.3.0
                STMicroelectronics STM32F1 Series Device Support, Drivers and Examples

<h2>Collection of Component include folders:</h2>
  D:\Keil5\Keil\STM32F1xx_DFP\2.3.0\Device\Include

<h2>Collection of Component Files used:</h2>
Build Time Elapsed:  00:00:02
</pre>
</body>
</html>
