<html>
<body>
<pre>
<h1>礦ision Build Log</h1>
<h2>Tool Versions:</h2>
IDE-Version: μVision V5.33.0.0
Copyright (C) 2020 ARM Ltd and ARM Germany GmbH. All rights reserved.
License Information: 1 1010186930@qq.com, 1, LIC=MPPLD-8E560-X7KRZ-JMAZ4-F38T7-06MRV
 
Tool Versions:
Toolchain:       MDK-ARM Plus  Version: 5.33.0.0
Toolchain Path:  D:\Keil5\ARM\ARMCC\Bin
C Compiler:      Armcc.exe V5.06 update 7 (build 960)
Assembler:       Armasm.exe V5.06 update 7 (build 960)
Linker/Locator:  ArmLink.exe V5.06 update 7 (build 960)
Library Manager: ArmAr.exe V5.06 update 7 (build 960)
Hex Converter:   FromElf.exe V5.06 update 7 (build 960)
CPU DLL:         SARMCM3.DLL V5.33.0.0
Dialog DLL:      DARMSTM.DLL V1.68.0.0
Target DLL:      STLink\ST-LINKIII-KEIL_SWO.dll V3.0.8.0
Dialog DLL:      TARMSTM.DLL V1.66.0.0
 
<h2>Project:</h2>
D:\实验室\1. 实验室内容\汉盲嵌入式端程序\02测试demo\下位机翻译盲文机\2. 文本翻译测试（基于SD卡）\USER\HTB.uvprojx
Project File Date:  07/08/2021

<h2>Output:</h2>
*** Using Compiler 'V5.06 update 7 (build 960)', folder: 'D:\Keil5\ARM\ARMCC\Bin'
Build target 'HTB'
compiling BrailleProtocol.c...
..\HARDWARE\BrailleProtocol\BrailleProtocol.c(85): warning:  #550-D: variable "num"  was set but never used
  	u8 len,num,i;
..\HARDWARE\BrailleProtocol\BrailleProtocol.c(156): warning:  #177-D: variable "num"  was declared but never referenced
  	u8 len,num,i;
..\HARDWARE\BrailleProtocol\BrailleProtocol.c(156): warning:  #177-D: variable "i"  was declared but never referenced
  	u8 len,num,i;
..\HARDWARE\BrailleProtocol\BrailleProtocol.c: 3 warnings, 0 errors
linking...
Program Size: Code=51468 RO-data=14596 RW-data=192 ZI-data=56132  
FromELF: creating hex file...
"..\OBJ\HZ.axf" - 0 Error(s), 3 Warning(s).

<h2>Software Packages used:</h2>

Package Vendor: Keil
                http://www.keil.com/pack/Keil.STM32F1xx_DFP.2.3.0.pack
                Keil.STM32F1xx_DFP.2.3.0
                STMicroelectronics STM32F1 Series Device Support, Drivers and Examples

<h2>Collection of Component include folders:</h2>
  D:\Keil5\Keil\STM32F1xx_DFP\2.3.0\Device\Include

<h2>Collection of Component Files used:</h2>
Build Time Elapsed:  00:00:01
</pre>
</body>
</html>
