<html>
<body>
<pre>
<h1>µVision Build Log</h1>
<h2>Tool Versions:</h2>
IDE-Version: ¦ÌVision V5.33.0.0
Copyright (C) 2020 ARM Ltd and ARM Germany GmbH. All rights reserved.
License Information: 1 1010186930@qq.com, 1, LIC=MPPLD-8E560-X7KRZ-JMAZ4-F38T7-06MRV
 
Tool Versions:
Toolchain:       MDK-ARM Plus  Version: 5.33.0.0
Toolchain Path:  D:\Keil5\ARM\ARMCC\Bin
C Compiler:      Armcc.exe V5.06 update 7 (build 960)
Assembler:       Armasm.exe V5.06 update 7 (build 960)
Linker/Locator:  ArmLink.exe V5.06 update 7 (build 960)
Library Manager: ArmAr.exe V5.06 update 7 (build 960)
Hex Converter:   FromElf.exe V5.06 update 7 (build 960)
CPU DLL:         SARMCM3.DLL V5.33.0.0
Dialog DLL:      DCM.DLL V1.17.3.0
Target DLL:      STLink\ST-LINKIII-KEIL_SWO.dll V3.0.8.0
Dialog DLL:      TCM.DLL V1.48.0.0
 
<h2>Project:</h2>
C:\Users\10101\Desktop\Stm32F4prj\FATFSwrite_duoyinzi£¨2×Ö´Ê£©\USER\FATFS.uvprojx
Project File Date:  07/26/2021

<h2>Output:</h2>
*** Using Compiler 'V5.06 update 7 (build 960)', folder: 'D:\Keil5\ARM\ARMCC\Bin'
Build target 'FATFS'
compiling main.c...
main.c(59): warning:  #177-D: variable "place"  was declared but never referenced
  	static u32 place=0;
main.c(60): warning:  #177-D: variable "unione"  was declared but never referenced
  	u16 unione=0x4e0a;
main.c(61): warning:  #177-D: variable "unitwo"  was declared but never referenced
  	u16 unitwo=0x4e0d;
main.c(62): warning:  #177-D: variable "unionedest"  was declared but never referenced
  	u16 unionedest=0;
main.c(63): warning:  #177-D: variable "unitwodest"  was declared but never referenced
  	u16 unitwodest=0;
main.c(64): warning:  #177-D: variable "cnt"  was declared but never referenced
  	u32 cnt=0;
main.c(66): warning:  #177-D: variable "key"  was declared but never referenced
  	u8 key;
main.c(67): warning:  #177-D: variable "t"  was declared but never referenced
  	u8 t=0;	
main.c(68): warning:  #177-D: variable "i"  was declared but never referenced
  	static u8 i=0x31;
main.c(69): warning:  #177-D: variable "a"  was declared but never referenced
  	int a=0x1234;
main.c(71): warning:  #177-D: variable "fsize"  was declared but never referenced
  	u32 fsize=0;
main.c(72): warning:  #177-D: variable "fplace"  was declared but never referenced
  	u32 fplace=0;
main.c(73): warning:  #177-D: variable "backbuf"  was declared but never referenced
  	u8 *backbuf;
main.c(74): warning:  #177-D: variable "buf"  was declared but never referenced
  	u8 *buf;
main.c(320): warning:  #940-D: missing return statement at end of non-void function "WriteSignIntoNand" 
  }
main.c(267): warning:  #177-D: variable "dstfile_size"  was declared but never referenced
  	u32 dstfile_size=0;
main.c(269): warning:  #177-D: variable "dstfile_place"  was declared but never referenced
  	u32 dstfile_place=0;
main.c(359): warning:  #940-D: missing return statement at end of non-void function "TestDanziInNand" 
  }
main.c(429): warning:  #1-D: last line of file ends without a newline
  }
main.c(429): warning:  #940-D: missing return statement at end of non-void function "WriteTwoPolyIntoNand" 
  }
main.c(368): warning:  #177-D: variable "dstfile_size"  was declared but never referenced
  	u32 dstfile_size=0;
main.c(370): warning:  #177-D: variable "dstfile_place"  was declared but never referenced
  	u32 dstfile_place=0;
main.c: 22 warnings, 0 errors
linking...
Program Size: Code=56946 RO-data=195006 RW-data=728 ZI-data=33752616  
FromELF: creating hex file...
"..\OBJ\FATFS.axf" - 0 Error(s), 22 Warning(s).

<h2>Software Packages used:</h2>

Package Vendor: Keil
                http://www.keil.com/pack/Keil.STM32F4xx_DFP.2.15.0.pack
                Keil.STM32F4xx_DFP.2.15.0
                STMicroelectronics STM32F4 Series Device Support, Drivers and Examples

<h2>Collection of Component include folders:</h2>
  D:\Keil5\Keil\STM32F4xx_DFP\2.15.0\Drivers\CMSIS\Device\ST\STM32F4xx\Include

<h2>Collection of Component Files used:</h2>
Build Time Elapsed:  00:00:03
</pre>
</body>
</html>
