Component: ARM Compiler 5.06 update 7 (build 960) Tool: armlink [4d3601]

==============================================================================

Section Cross References

    main.o(i.TestDanziInNand) refers to _printf_percent.o(.ARM.Collect$$_printf_percent$$00000000) for _printf_percent
    main.o(i.TestDanziInNand) refers to _printf_d.o(.ARM.Collect$$_printf_percent$$00000009) for _printf_d
    main.o(i.TestDanziInNand) refers to _printf_dec.o(.text) for _printf_int_dec
    main.o(i.TestDanziInNand) refers to _printf_x.o(.ARM.Collect$$_printf_percent$$0000000C) for _printf_x
    main.o(i.TestDanziInNand) refers to _printf_hex_int.o(.text) for _printf_longlong_hex
    main.o(i.TestDanziInNand) refers to _printf_s.o(.ARM.Collect$$_printf_percent$$00000014) for _printf_s
    main.o(i.TestDanziInNand) refers to _printf_str.o(.text) for _printf_str
    main.o(i.TestDanziInNand) refers to malloc.o(i.mymalloc) for mymalloc
    main.o(i.TestDanziInNand) refers to strcpy.o(.text) for strcpy
    main.o(i.TestDanziInNand) refers to ff.o(i.f_open) for f_open
    main.o(i.TestDanziInNand) refers to noretval__2printf.o(.text) for __2printf
    main.o(i.TestDanziInNand) refers to malloc.o(i.myfree) for myfree
    main.o(i.TestDanziInNand) refers to ff.o(i.f_read) for f_read
    main.o(i.TestDanziInNand) refers to ff.o(i.f_close) for f_close
    main.o(i.TestDanziInNand) refers to main.o(.bss) for .bss
    main.o(i.TestDanziInNand) refers to exfuns.o(.data) for br
    main.o(i.TestDanziInNand) refers to main.o(.data) for .data
    main.o(i.TestDanziInNand) refers to nand.o(.data) for err_times
    main.o(i.Unidisplay) refers to _printf_percent.o(.ARM.Collect$$_printf_percent$$00000000) for _printf_percent
    main.o(i.Unidisplay) refers to _printf_d.o(.ARM.Collect$$_printf_percent$$00000009) for _printf_d
    main.o(i.Unidisplay) refers to _printf_x.o(.ARM.Collect$$_printf_percent$$0000000C) for _printf_x
    main.o(i.Unidisplay) refers to _printf_dec.o(.text) for _printf_int_dec
    main.o(i.Unidisplay) refers to _printf_hex_int.o(.text) for _printf_longlong_hex
    main.o(i.Unidisplay) refers to noretval__2printf.o(.text) for __2printf
    main.o(i.WriteSegDictionaryIntoNand) refers to _printf_percent.o(.ARM.Collect$$_printf_percent$$00000000) for _printf_percent
    main.o(i.WriteSegDictionaryIntoNand) refers to _printf_d.o(.ARM.Collect$$_printf_percent$$00000009) for _printf_d
    main.o(i.WriteSegDictionaryIntoNand) refers to _printf_s.o(.ARM.Collect$$_printf_percent$$00000014) for _printf_s
    main.o(i.WriteSegDictionaryIntoNand) refers to _printf_dec.o(.text) for _printf_int_dec
    main.o(i.WriteSegDictionaryIntoNand) refers to _printf_str.o(.text) for _printf_str
    main.o(i.WriteSegDictionaryIntoNand) refers to malloc.o(i.mymalloc) for mymalloc
    main.o(i.WriteSegDictionaryIntoNand) refers to strcpy.o(.text) for strcpy
    main.o(i.WriteSegDictionaryIntoNand) refers to ff.o(i.f_open) for f_open
    main.o(i.WriteSegDictionaryIntoNand) refers to noretval__2printf.o(.text) for __2printf
    main.o(i.WriteSegDictionaryIntoNand) refers to malloc.o(i.myfree) for myfree
    main.o(i.WriteSegDictionaryIntoNand) refers to ff.o(i.f_read) for f_read
    main.o(i.WriteSegDictionaryIntoNand) refers to main.o(i.Unicnt) for Unicnt
    main.o(i.WriteSegDictionaryIntoNand) refers to main.o(i.Unidisplay) for Unidisplay
    main.o(i.WriteSegDictionaryIntoNand) refers to ff.o(i.f_write) for f_write
    main.o(i.WriteSegDictionaryIntoNand) refers to ff.o(i.f_close) for f_close
    main.o(i.WriteSegDictionaryIntoNand) refers to main.o(.bss) for .bss
    main.o(i.WriteSegDictionaryIntoNand) refers to exfuns.o(.data) for br
    main.o(i.WriteSegDictionaryIntoNand) refers to exfuns.o(.data) for bw
    main.o(i.WriteSignIntoNand) refers to _printf_percent.o(.ARM.Collect$$_printf_percent$$00000000) for _printf_percent
    main.o(i.WriteSignIntoNand) refers to _printf_d.o(.ARM.Collect$$_printf_percent$$00000009) for _printf_d
    main.o(i.WriteSignIntoNand) refers to _printf_s.o(.ARM.Collect$$_printf_percent$$00000014) for _printf_s
    main.o(i.WriteSignIntoNand) refers to _printf_dec.o(.text) for _printf_int_dec
    main.o(i.WriteSignIntoNand) refers to _printf_str.o(.text) for _printf_str
    main.o(i.WriteSignIntoNand) refers to _printf_x.o(.ARM.Collect$$_printf_percent$$0000000C) for _printf_x
    main.o(i.WriteSignIntoNand) refers to _printf_hex_int.o(.text) for _printf_longlong_hex
    main.o(i.WriteSignIntoNand) refers to malloc.o(i.mymalloc) for mymalloc
    main.o(i.WriteSignIntoNand) refers to strcpy.o(.text) for strcpy
    main.o(i.WriteSignIntoNand) refers to ff.o(i.f_open) for f_open
    main.o(i.WriteSignIntoNand) refers to noretval__2printf.o(.text) for __2printf
    main.o(i.WriteSignIntoNand) refers to malloc.o(i.myfree) for myfree
    main.o(i.WriteSignIntoNand) refers to ff.o(i.f_read) for f_read
    main.o(i.WriteSignIntoNand) refers to ff.o(i.f_write) for f_write
[...]
    HAL_InitTick                             0x0800182d   Thumb Code    34  stm32f4xx_hal.o(i.HAL_InitTick)
    HAL_LTDC_ConfigLayer                     0x0800184f   Thumb Code    82  stm32f4xx_hal_ltdc.o(i.HAL_LTDC_ConfigLayer)
    HAL_LTDC_Init                            0x080018a1   Thumb Code   248  stm32f4xx_hal_ltdc.o(i.HAL_LTDC_Init)
    HAL_LTDC_MspInit                         0x0800199d   Thumb Code   218  ltdc.o(i.HAL_LTDC_MspInit)
    HAL_LTDC_SetWindowPosition               0x08001a91   Thumb Code    84  stm32f4xx_hal_ltdc.o(i.HAL_LTDC_SetWindowPosition)
    HAL_LTDC_SetWindowSize                   0x08001ae5   Thumb Code    84  stm32f4xx_hal_ltdc.o(i.HAL_LTDC_SetWindowSize)
    HAL_MspInit                              0x08001b39   Thumb Code     8  stm32f4xx_hal.o(i.HAL_MspInit)
    HAL_NAND_Init                            0x08001b41   Thumb Code    98  stm32f4xx_hal_nand.o(i.HAL_NAND_Init)
    HAL_NAND_MspInit                         0x08001ba5   Thumb Code   158  nand.o(i.HAL_NAND_MspInit)
    HAL_NVIC_EnableIRQ                       0x08001c55   Thumb Code    22  stm32f4xx_hal_cortex.o(i.HAL_NVIC_EnableIRQ)
    HAL_NVIC_SetPriority                     0x08001c6d   Thumb Code    60  stm32f4xx_hal_cortex.o(i.HAL_NVIC_SetPriority)
    HAL_NVIC_SetPriorityGrouping             0x08001cad   Thumb Code    26  stm32f4xx_hal_cortex.o(i.HAL_NVIC_SetPriorityGrouping)
    HAL_PWREx_EnableOverDrive                0x08001cd1   Thumb Code   122  stm32f4xx_hal_pwr_ex.o(i.HAL_PWREx_EnableOverDrive)
    HAL_RCCEx_PeriphCLKConfig                0x08001d59   Thumb Code   644  stm32f4xx_hal_rcc_ex.o(i.HAL_RCCEx_PeriphCLKConfig)
    HAL_RCC_ClockConfig                      0x08002001   Thumb Code   512  stm32f4xx_hal_rcc.o(i.HAL_RCC_ClockConfig)
    HAL_RCC_GetHCLKFreq                      0x08002209   Thumb Code    38  stm32f4xx_hal_rcc.o(i.HAL_RCC_GetHCLKFreq)
    HAL_RCC_GetPCLK1Freq                     0x0800223d   Thumb Code    36  stm32f4xx_hal_rcc.o(i.HAL_RCC_GetPCLK1Freq)
    HAL_RCC_GetPCLK2Freq                     0x08002269   Thumb Code    36  stm32f4xx_hal_rcc.o(i.HAL_RCC_GetPCLK2Freq)
    HAL_RCC_GetSysClockFreq                  0x08002295   Thumb Code   104  stm32f4xx_hal_rcc.o(i.HAL_RCC_GetSysClockFreq)
    HAL_RCC_OscConfig                        0x08002309   Thumb Code   774  stm32f4xx_hal_rcc.o(i.HAL_RCC_OscConfig)
    HAL_SDRAM_Init                           0x08002625   Thumb Code    66  stm32f4xx_hal_sdram.o(i.HAL_SDRAM_Init)
    HAL_SDRAM_MspInit                        0x08002669   Thumb Code   194  sdram.o(i.HAL_SDRAM_MspInit)
    HAL_SDRAM_ProgramRefreshRate             0x08002745   Thumb Code    34  stm32f4xx_hal_sdram.o(i.HAL_SDRAM_ProgramRefreshRate)
    HAL_SDRAM_SendCommand                    0x08002767   Thumb Code    46  stm32f4xx_hal_sdram.o(i.HAL_SDRAM_SendCommand)
    HAL_SD_Get_CardInfo                      0x08002795   Thumb Code   696  stm32f4xx_hal_sd.o(i.HAL_SD_Get_CardInfo)
    HAL_SD_Init                              0x08002a4d   Thumb Code   160  stm32f4xx_hal_sd.o(i.HAL_SD_Init)
    HAL_SD_MspInit                           0x08002aed   Thumb Code   120  sdio_sdcard.o(i.HAL_SD_MspInit)
    HAL_SD_ReadBlocks                        0x08002b71   Thumb Code   380  stm32f4xx_hal_sd.o(i.HAL_SD_ReadBlocks)
    HAL_SD_StopTransfer                      0x08002ced   Thumb Code    44  stm32f4xx_hal_sd.o(i.HAL_SD_StopTransfer)
    HAL_SD_WideBusOperation_Config           0x08002d19   Thumb Code    94  stm32f4xx_hal_sd.o(i.HAL_SD_WideBusOperation_Config)
    HAL_SD_WriteBlocks                       0x08002d77   Thumb Code   464  stm32f4xx_hal_sd.o(i.HAL_SD_WriteBlocks)
    HAL_SPI_Init                             0x08002f47   Thumb Code   132  stm32f4xx_hal_spi.o(i.HAL_SPI_Init)
    HAL_SPI_MspInit                          0x08002fcd   Thumb Code    74  spi.o(i.HAL_SPI_MspInit)
    HAL_SPI_TransmitReceive                  0x08003021   Thumb Code   682  stm32f4xx_hal_spi.o(i.HAL_SPI_TransmitReceive)
    HAL_SRAM_Init                            0x080032cb   Thumb Code    86  stm32f4xx_hal_sram.o(i.HAL_SRAM_Init)
    HAL_SRAM_MspInit                         0x08003321   Thumb Code   106  lcd.o(i.HAL_SRAM_MspInit)
    HAL_SYSTICK_CLKSourceConfig              0x08003399   Thumb Code    24  stm32f4xx_hal_cortex.o(i.HAL_SYSTICK_CLKSourceConfig)
    HAL_SYSTICK_Config                       0x080033b1   Thumb Code    40  stm32f4xx_hal_cortex.o(i.HAL_SYSTICK_Config)
    HAL_TIM_Base_Init                        0x080033d9   Thumb Code    54  stm32f4xx_hal_tim.o(i.HAL_TIM_Base_Init)
    HAL_TIM_Base_MspInit                     0x0800340f   Thumb Code     2  stm32f4xx_hal_tim.o(i.HAL_TIM_Base_MspInit)
    HAL_TIM_Base_Start_IT                    0x08003411   Thumb Code    24  stm32f4xx_hal_tim.o(i.HAL_TIM_Base_Start_IT)
    HAL_UART_ErrorCallback                   0x08003429   Thumb Code     2  stm32f4xx_hal_uart.o(i.HAL_UART_ErrorCallback)
    HAL_UART_IRQHandler                      0x0800342b   Thumb Code   244  stm32f4xx_hal_uart.o(i.HAL_UART_IRQHandler)
    HAL_UART_Init                            0x0800351f   Thumb Code    94  stm32f4xx_hal_uart.o(i.HAL_UART_Init)
    HAL_UART_MspInit                         0x0800357d   Thumb Code   134  usart.o(i.HAL_UART_MspInit)
    HAL_UART_Receive                         0x08003611   Thumb Code   202  stm32f4xx_hal_uart.o(i.HAL_UART_Receive)
    HAL_UART_RxCpltCallback                  0x080036db   Thumb Code     2  stm32f4xx_hal_uart.o(i.HAL_UART_RxCpltCallback)
    HAL_UART_TxCpltCallback                  0x080036dd   Thumb Code     2  stm32f4xx_hal_uart.o(i.HAL_UART_TxCpltCallback)
    HardFault_Handler                        0x080036df   Thumb Code     2  stm32f4xx_it.o(i.HardFault_Handler)
    KEY_Init                                 0x080036e1   Thumb Code   110  key.o(i.KEY_Init)
    LCD_Clear                                0x08003761   Thumb Code    58  lcd.o(i.LCD_Clear)
    LCD_Display_Dir                          0x080037a9   Thumb Code   234  lcd.o(i.LCD_Display_Dir)
    LCD_Fast_DrawPoint                       0x0800389d   Thumb Code   238  lcd.o(i.LCD_Fast_DrawPoint)
    LCD_Fill                                 0x08003999   Thumb Code    86  lcd.o(i.LCD_Fill)
    LCD_Init                                 0x080039f9   Thumb Code  9094  lcd.o(i.LCD_Init)
    LCD_Pow                                  0x08005d85   Thumb Code    16  lcd.o(i.LCD_Pow)
    LCD_RD_DATA                              0x08005d95   Thumb Code    16  lcd.o(i.LCD_RD_DATA)
    LCD_SSD_BackLightSet                     0x08005da9   Thumb Code    72  lcd.o(i.LCD_SSD_BackLightSet)
    LCD_Scan_Dir                             0x08005df9   Thumb Code   434  lcd.o(i.LCD_Scan_Dir)
    LCD_SetCursor                            0x08005fb1   Thumb Code   254  lcd.o(i.LCD_SetCursor)
    LCD_ShowChar                             0x080060b5   Thumb Code   196  lcd.o(i.LCD_ShowChar)
    LCD_ShowNum                              0x08006191   Thumb Code   118  lcd.o(i.LCD_ShowNum)
    LCD_ShowString                           0x08006207   Thumb Code    84  lcd.o(i.LCD_ShowString)
    LCD_WR_DATA                              0x0800625d   Thumb Code    20  lcd.o(i.LCD_WR_DATA)
    LCD_WR_REG                               0x08006275   Thumb Code    20  lcd.o(i.LCD_WR_REG)
    LCD_WriteRAM_Prepare                     0x0800628d   Thumb Code    10  lcd.o(i.LCD_WriteRAM_Prepare)
    LCD_WriteReg                             0x080062a1   Thumb Code    10  lcd.o(i.LCD_WriteReg)
    LED_Init                                 0x080062b1   Thumb Code    68  led.o(i.LED_Init)
    LTDC_Clear                               0x080062fd   Thumb Code    28  ltdc.o(i.LTDC_Clear)
    LTDC_Clk_Set                             0x0800631d   Thumb Code    30  ltdc.o(i.LTDC_Clk_Set)
    LTDC_Display_Dir                         0x0800633d   Thumb Code    34  ltdc.o(i.LTDC_Display_Dir)
    LTDC_Draw_Point                          0x08006365   Thumb Code    52  ltdc.o(i.LTDC_Draw_Point)
    LTDC_Fill                                0x080063a1   Thumb Code   162  ltdc.o(i.LTDC_Fill)
    LTDC_Init                                0x08006455   Thumb Code   494  ltdc.o(i.LTDC_Init)
    LTDC_Layer_Parameter_Config              0x0800665d   Thumb Code    86  ltdc.o(i.LTDC_Layer_Parameter_Config)
    LTDC_Layer_Window_Config                 0x080066b9   Thumb Code    32  ltdc.o(i.LTDC_Layer_Window_Config)
    LTDC_PanelID_Read                        0x080066dd   Thumb Code   170  ltdc.o(i.LTDC_PanelID_Read)
    MemManage_Handler                        0x080068f7   Thumb Code     2  stm32f4xx_it.o(i.MemManage_Handler)
    NAND_CopyPageWithWrite                   0x080068f9   Thumb Code   412  nand.o(i.NAND_CopyPageWithWrite)
    NAND_CopyPageWithoutWrite                0x08006aa1   Thumb Code   118  nand.o(i.NAND_CopyPageWithoutWrite)
    NAND_Delay                               0x08006b25   Thumb Code    16  nand.o(i.NAND_Delay)
    NAND_ECC_Correction                      0x08006b35   Thumb Code   104  nand.o(i.NAND_ECC_Correction)
    NAND_ECC_Get_OE                          0x08006bc9   Thumb Code    48  nand.o(i.NAND_ECC_Get_OE)
    NAND_EraseBlock                          0x08006bf9   Thumb Code    68  nand.o(i.NAND_EraseBlock)
    NAND_EraseChip                           0x08006c51   Thumb Code    38  nand.o(i.NAND_EraseChip)
    NAND_Init                                0x08006ca1   Thumb Code   156  nand.o(i.NAND_Init)
    NAND_ModeSet                             0x08006d4d   Thumb Code    42  nand.o(i.NAND_ModeSet)
    NAND_ReadID                              0x08006d81   Thumb Code    66  nand.o(i.NAND_ReadID)
    NAND_ReadPage                            0x08006dcd   Thumb Code   496  nand.o(i.NAND_ReadPage)
    NAND_ReadPageComp                        0x08007015   Thumb Code    94  nand.o(i.NAND_ReadPageComp)
    NAND_ReadSpare                           0x0800707d   Thumb Code    28  nand.o(i.NAND_ReadSpare)
    NAND_ReadStatus                          0x0800709d   Thumb Code    36  nand.o(i.NAND_ReadStatus)
    NAND_Reset                               0x080070c5   Thumb Code    24  nand.o(i.NAND_Reset)
    NAND_WaitForReady                        0x080070e1   Thumb Code    36  nand.o(i.NAND_WaitForReady)
    NAND_WaitRB                              0x08007105   Thumb Code    46  nand.o(i.NAND_WaitRB)
    NAND_WritePage                           0x08007139   Thumb Code   330  nand.o(i.NAND_WritePage)
    NAND_WritePageConst                      0x08007291   Thumb Code    76  nand.o(i.NAND_WritePageConst)
    NAND_WriteSpare                          0x080072e5   Thumb Code    28  nand.o(i.NAND_WriteSpare)
    NMI_Handler                              0x08007305   Thumb Code     2  stm32f4xx_it.o(i.NMI_Handler)
    PendSV_Handler                           0x08007327   Thumb Code     2  stm32f4xx_it.o(i.PendSV_Handler)
    SDIO_DataConfig                          0x08007329   Thumb Code    36  stm32f4xx_ll_sdmmc.o(i.SDIO_DataConfig)
    SDIO_GetCommandResponse                  0x0800734d   Thumb Code     6  stm32f4xx_ll_sdmmc.o(i.SDIO_GetCommandResponse)
    SDIO_GetPowerState                       0x08007353   Thumb Code     8  stm32f4xx_ll_sdmmc.o(i.SDIO_GetPowerState)
    SDIO_GetResponse                         0x0800735d   Thumb Code    12  stm32f4xx_ll_sdmmc.o(i.SDIO_GetResponse)
    SDIO_Init                                0x0800736d   Thumb Code    36  stm32f4xx_ll_sdmmc.o(i.SDIO_Init)
    SDIO_PowerState_ON                       0x08007391   Thumb Code     8  stm32f4xx_ll_sdmmc.o(i.SDIO_PowerState_ON)
    SDIO_ReadFIFO                            0x08007399   Thumb Code     6  stm32f4xx_ll_sdmmc.o(i.SDIO_ReadFIFO)
    SDIO_SendCommand                         0x0800739f   Thumb Code    32  stm32f4xx_ll_sdmmc.o(i.SDIO_SendCommand)
    SDIO_WriteFIFO                           0x080073bf   Thumb Code    10  stm32f4xx_ll_sdmmc.o(i.SDIO_WriteFIFO)
    SDRAM_Init                               0x080073c9   Thumb Code    86  sdram.o(i.SDRAM_Init)
    SDRAM_Initialization_Sequence            0x08007429   Thumb Code    74  sdram.o(i.SDRAM_Initialization_Sequence)
    SDRAM_Send_Cmd                           0x08007479   Thumb Code    48  sdram.o(i.SDRAM_Send_Cmd)
    SD_Init                                  0x08007789   Thumb Code    54  sdio_sdcard.o(i.SD_Init)
    SD_ReadDisk                              0x08007b6d   Thumb Code   116  sdio_sdcard.o(i.SD_ReadDisk)
    SD_WriteDisk                             0x08007ccd   Thumb Code   118  sdio_sdcard.o(i.SD_WriteDisk)
    SPI5_Init                                0x08007d49   Thumb Code    72  spi.o(i.SPI5_Init)
    SPI5_ReadWriteByte                       0x08007d99   Thumb Code    28  spi.o(i.SPI5_ReadWriteByte)
    SPI5_SetSpeed                            0x08007db9   Thumb Code    46  spi.o(i.SPI5_SetSpeed)
    SVC_Handler                              0x08007e8b   Thumb Code     2  stm32f4xx_it.o(i.SVC_Handler)
    Stm32_Clock_Init                         0x08007e8d   Thumb Code   122  sys.o(i.Stm32_Clock_Init)
    SysTick_Handler                          0x08007f11   Thumb Code     4  stm32f4xx_it.o(i.SysTick_Handler)
    SystemInit                               0x08007f15   Thumb Code    66  system_stm32f4xx.o(i.SystemInit)
    TIM4_IRQHandler                          0x08007f69   Thumb Code    44  usmart.o(i.TIM4_IRQHandler)
    TIM_Base_SetConfig                       0x08007f9d   Thumb Code   148  stm32f4xx_hal_tim.o(i.TIM_Base_SetConfig)
    Timer4_Init                              0x0800805d   Thumb Code    72  usmart.o(i.Timer4_Init)
    USART1_IRQHandler                        0x080083c5   Thumb Code   100  usart.o(i.USART1_IRQHandler)
    Unicnt                                   0x08008431   Thumb Code    18  main.o(i.Unicnt)
    Unidisplay                               0x08008445   Thumb Code    30  main.o(i.Unidisplay)
    UsageFault_Handler                       0x08008475   Thumb Code     2  stm32f4xx_it.o(i.UsageFault_Handler)
    W25QXX_Erase_Chip                        0x08008479   Thumb Code    40  w25qxx.o(i.W25QXX_Erase_Chip)
    W25QXX_Erase_Sector                      0x080084a5   Thumb Code    80  w25qxx.o(i.W25QXX_Erase_Sector)
    W25QXX_Init                              0x080084fd   Thumb Code   106  w25qxx.o(i.W25QXX_Init)
    W25QXX_Read                              0x08008579   Thumb Code    94  w25qxx.o(i.W25QXX_Read)
    W25QXX_ReadID                            0x080085e1   Thumb Code    62  w25qxx.o(i.W25QXX_ReadID)
    W25QXX_ReadSR                            0x08008625   Thumb Code    52  w25qxx.o(i.W25QXX_ReadSR)
    W25QXX_Wait_Busy                         0x0800865d   Thumb Code    14  w25qxx.o(i.W25QXX_Wait_Busy)
    W25QXX_Write                             0x0800866d   Thumb Code   150  w25qxx.o(i.W25QXX_Write)
    W25QXX_Write_Enable                      0x08008709   Thumb Code    26  w25qxx.o(i.W25QXX_Write_Enable)
    W25QXX_Write_NoCheck                     0x08008729   Thumb Code    62  w25qxx.o(i.W25QXX_Write_NoCheck)
    W25QXX_Write_Page                        0x08008769   Thumb Code   100  w25qxx.o(i.W25QXX_Write_Page)
    WriteSegDictionaryIntoNand               0x080087d5   Thumb Code   328  main.o(i.WriteSegDictionaryIntoNand)
    _is_digit                                0x080089d9   Thumb Code    14  __printf_wp.o(i._is_digit)
    _sys_exit                                0x080089e7   Thumb Code     2  usart.o(i._sys_exit)
    delay_init                               0x08008f59   Thumb Code    16  delay.o(i.delay_init)
    delay_ms                                 0x08008f6d   Thumb Code    26  delay.o(i.delay_ms)
    delay_us                                 0x08008f89   Thumb Code    48  delay.o(i.delay_us)
    disk_initialize                          0x0800966d   Thumb Code    40  diskio.o(i.disk_initialize)
    disk_ioctl                               0x08009695   Thumb Code   146  diskio.o(i.disk_ioctl)
    disk_read                                0x08009731   Thumb Code   102  diskio.o(i.disk_read)
    disk_status                              0x08009797   Thumb Code     4  diskio.o(i.disk_status)
    disk_write                               0x0800979b   Thumb Code    96  diskio.o(i.disk_write)
    exf_getfree                              0x080097fb   Thumb Code    46  exfuns.o(i.exf_getfree)
    exfuns_init                              0x08009829   Thumb Code    92  exfuns.o(i.exfuns_init)
    f_close                                  0x0800988d   Thumb Code    30  ff.o(i.f_close)
    f_closedir                               0x080098ab   Thumb Code    20  ff.o(i.f_closedir)
    f_getfree                                0x080098bf   Thumb Code   280  ff.o(i.f_getfree)
    f_getlabel                               0x080099d7   Thumb Code   242  ff.o(i.f_getlabel)
    f_gets                                   0x08009ac9   Thumb Code    68  ff.o(i.f_gets)
    f_lseek                                  0x08009b0d   Thumb Code   700  ff.o(i.f_lseek)
    f_mkdir                                  0x08009dc9   Thumb Code   476  ff.o(i.f_mkdir)
    f_mkfs                                   0x08009fa5   Thumb Code  1216  ff.o(i.f_mkfs)
    f_mount                                  0x0800a469   Thumb Code    72  ff.o(i.f_mount)
    f_open                                   0x0800a4b5   Thumb Code   630  ff.o(i.f_open)
    f_opendir                                0x0800a72b   Thumb Code   212  ff.o(i.f_opendir)
    f_putc                                   0x0800a7ff   Thumb Code    60  ff.o(i.f_putc)
    f_puts                                   0x0800a83b   Thumb Code    70  ff.o(i.f_puts)
    f_read                                   0x0800a881   Thumb Code   374  ff.o(i.f_read)
    f_readdir                                0x0800a9f7   Thumb Code   118  ff.o(i.f_readdir)
    f_rename                                 0x0800aa6d   Thumb Code   398  ff.o(i.f_rename)
    f_setlabel                               0x0800abfd   Thumb Code   460  ff.o(i.f_setlabel)
    f_sync                                   0x0800adcd   Thumb Code   338  ff.o(i.f_sync)
    f_unlink                                 0x0800af1f   Thumb Code   266  ff.o(i.f_unlink)
    f_write                                  0x0800b029   Thumb Code   468  ff.o(i.f_write)
    ff_convert                               0x0800b1fd   Thumb Code    68  cc936.o(i.ff_convert)
    ff_memalloc                              0x0800b249   Thumb Code     8  diskio.o(i.ff_memalloc)
    ff_memfree                               0x0800b251   Thumb Code     8  diskio.o(i.ff_memfree)
    ff_wtoupper                              0x0800b259   Thumb Code   120  cc936.o(i.ff_wtoupper)
    fputc                                    0x0800b79d   Thumb Code    14  usart.o(i.fputc)
    get_fattime                              0x0800b963   Thumb Code     4  diskio.o(i.get_fattime)
    main                                     0x0800bcb1   Thumb Code   648  main.o(i.main)
    mf_close                                 0x0800c0fd   Thumb Code    14  fattester.o(i.mf_close)
    mf_closedir                              0x0800c111   Thumb Code     6  fattester.o(i.mf_closedir)
    mf_fmkfs                                 0x0800c11d   Thumb Code     4  fattester.o(i.mf_fmkfs)
    mf_getlabel                              0x0800c121   Thumb Code    56  fattester.o(i.mf_getlabel)
    mf_gets                                  0x0800c1a1   Thumb Code    36  fattester.o(i.mf_gets)
    mf_lseek                                 0x0800c1e9   Thumb Code    12  fattester.o(i.mf_lseek)
    mf_mkdir                                 0x0800c1f9   Thumb Code     4  fattester.o(i.mf_mkdir)
    mf_mount                                 0x0800c1fd   Thumb Code    14  fattester.o(i.mf_mount)
    mf_open                                  0x0800c211   Thumb Code    12  fattester.o(i.mf_open)
    mf_opendir                               0x0800c221   Thumb Code     8  fattester.o(i.mf_opendir)
    mf_putc                                  0x0800c22d   Thumb Code    14  fattester.o(i.mf_putc)
    mf_puts                                  0x0800c241   Thumb Code    14  fattester.o(i.mf_puts)
    mf_read                                  0x0800c255   Thumb Code   210  fattester.o(i.mf_read)
    mf_readdir                               0x0800c3a1   Thumb Code   150  fattester.o(i.mf_readdir)
    mf_rename                                0x0800c549   Thumb Code     4  fattester.o(i.mf_rename)
    mf_scan_files                            0x0800c54d   Thumb Code    66  fattester.o(i.mf_scan_files)
    mf_setlabel                              0x0800c5a9   Thumb Code    28  fattester.o(i.mf_setlabel)
    mf_showfree                              0x0800c5fd   Thumb Code    64  fattester.o(i.mf_showfree)
    mf_size                                  0x0800c68d   Thumb Code     8  fattester.o(i.mf_size)
    mf_tell                                  0x0800c699   Thumb Code     8  fattester.o(i.mf_tell)
    mf_unlink                                0x0800c6a5   Thumb Code     4  fattester.o(i.mf_unlink)
    mf_write                                 0x0800c6a9   Thumb Code    64  fattester.o(i.mf_write)
    my_mem_free                              0x0800c791   Thumb Code    80  malloc.o(i.my_mem_free)
    my_mem_init                              0x0800c7e9   Thumb Code    36  malloc.o(i.my_mem_init)
    my_mem_malloc                            0x0800c815   Thumb Code   128  malloc.o(i.my_mem_malloc)
    my_mem_perused                           0x0800c89d   Thumb Code    50  malloc.o(i.my_mem_perused)
    myfree                                   0x0800c8d9   Thumb Code    20  malloc.o(i.myfree)
    mymalloc                                 0x0800c8f1   Thumb Code    28  malloc.o(i.mymalloc)
    mymemset                                 0x0800c911   Thumb Code    12  malloc.o(i.mymemset)
    read_addr                                0x0800cabd   Thumb Code     4  usmart.o(i.read_addr)
    uart_init                                0x0800cd95   Thumb Code    28  usart.o(i.uart_init)
    usmart_cmd_rec                           0x0800cdb9   Thumb Code   144  usmart.o(i.usmart_cmd_rec)
    usmart_exe                               0x0800ce4d   Thumb Code   510  usmart.o(i.usmart_exe)
    usmart_get_aparm                         0x0800d0ad   Thumb Code   156  usmart_str.o(i.usmart_get_aparm)
    usmart_get_cmdname                       0x0800d149   Thumb Code    46  usmart_str.o(i.usmart_get_cmdname)
    usmart_get_fname                         0x0800d179   Thumb Code   352  usmart_str.o(i.usmart_get_fname)
    usmart_get_fparam                        0x0800d2e1   Thumb Code   202  usmart_str.o(i.usmart_get_fparam)
    usmart_get_parmpos                       0x0800d3b1   Thumb Code    30  usmart_str.o(i.usmart_get_parmpos)
    usmart_get_runtime                       0x0800d3d5   Thumb Code    38  usmart.o(i.usmart_get_runtime)
    usmart_init                              0x0800d405   Thumb Code    36  usmart.o(i.usmart_init)
    usmart_pow                               0x0800d42d   Thumb Code    16  usmart_str.o(i.usmart_pow)
    usmart_reset_runtime                     0x0800d43d   Thumb Code    32  usmart.o(i.usmart_reset_runtime)
    usmart_scan                              0x0800d465   Thumb Code    94  usmart.o(i.usmart_scan)
    usmart_search_nextc                      0x0800d509   Thumb Code    16  usmart_str.o(i.usmart_search_nextc)
    usmart_str2num                           0x0800d519   Thumb Code   160  usmart_str.o(i.usmart_str2num)
    usmart_strcmp                            0x0800d5b9   Thumb Code    24  usmart_str.o(i.usmart_strcmp)
    usmart_strcopy                           0x0800d5d1   Thumb Code    18  usmart_str.o(i.usmart_strcopy)
    usmart_strlen                            0x0800d5e3   Thumb Code    18  usmart_str.o(i.usmart_strlen)
    usmart_sys_cmd_exe                       0x0800d5f5   Thumb Code  1458  usmart.o(i.usmart_sys_cmd_exe)
    write_addr                               0x0800dca7   Thumb Code     4  usmart.o(i.write_addr)
    __aeabi_d2uiz                            0x0800dd1d   Thumb Code     0  dfixu.o(x$fpl$dfixu)
    _dfixu                                   0x0800dd1d   Thumb Code    90  dfixu.o(x$fpl$dfixu)
    __aeabi_ui2d                             0x0800dd77   Thumb Code     0  dflt_clz.o(x$fpl$dfltu)
    _dfltu                                   0x0800dd77   Thumb Code    38  dflt_clz.o(x$fpl$dfltu)
    __aeabi_dmul                             0x0800dd9d   Thumb Code     0  dmul.o(x$fpl$dmul)
    _dmul                                    0x0800dd9d   Thumb Code   332  dmul.o(x$fpl$dmul)
    __fpl_dnaninf                            0x0800def1   Thumb Code   156  dnaninf.o(x$fpl$dnaninf)
    __fpl_dretinf                            0x0800df8d   Thumb Code    12  dretinf.o(x$fpl$dretinf)
    _fp_init                                 0x0800df99   Thumb Code    10  fpinit.o(x$fpl$fpinit)
    __fplib_config_fpu_vfp                   0x0800dfa1   Thumb Code     0  fpinit.o(x$fpl$fpinit)
    __fplib_config_pureend_doubles           0x0800dfa1   Thumb Code     0  fpinit.o(x$fpl$fpinit)
    APBAHBPrescTable                         0x0800dfa2   Data          16  stm32f4xx_hal_rcc.o(.constdata)
    __I$use$fp                               0x0800dfa2   Number         0  usenofp.o(x$fpl$usenofp)
    asc2_1206                                0x0800dfb2   Data        1140  lcd.o(.constdata)
    asc2_1608                                0x0800e426   Data        1520  lcd.o(.constdata)
    asc2_2412                                0x0800ea16   Data        3420  lcd.o(.constdata)
    asc2_3216                                0x0800f772   Data       12160  lcd.o(.constdata)
    memtblsize                               0x080126f4   Data          12  malloc.o(.constdata)
    memblksize                               0x08012700   Data          12  malloc.o(.constdata)
    memsize                                  0x0801270c   Data          12  malloc.o(.constdata)
    Region$$Table$$Base                      0x0803d794   Number         0  anon$$obj.o(Region$$Table)
    Region$$Table$$Limit                     0x0803d7b4   Number         0  anon$$obj.o(Region$$Table)
    mem3base                                 0x10000000   Data       61440  malloc.o(.ARM.__AT_0x10000000)
    mem3mapbase                              0x1000f000   Data        3840  malloc.o(.ARM.__AT_0x1000F000)
    danzi                                    0x20000000   Data           2  main.o(.data)
    segdictionary_src                        0x20000002   Data          18  main.o(.data)
    segdictionary_dst                        0x20000014   Data          18  main.o(.data)
    SystemCoreClock                          0x20000028   Data           4  system_stm32f4xx.o(.data)
    AHBPrescTable                            0x2000002c   Data          16  system_stm32f4xx.o(.data)
    USART_RX_STA                             0x20000044   Data           2  usart.o(.data)
    __stdout                                 0x20000048   Data           4  usart.o(.data)
    POINT_COLOR                              0x2000004c   Data           4  lcd.o(.data)
    BACK_COLOR                               0x20000050   Data           4  lcd.o(.data)
    ltdc_framebuf                            0x20000054   Data           8  ltdc.o(.data)
    W25QXX_TYPE                              0x2000005c   Data           2  w25qxx.o(.data)
    err_times                                0x20000064   Data           4  nand.o(.data)
    mallco_dev                               0x20000068   Data          36  malloc.o(.data)
    sys_cmd_tab                              0x2000008c   Data          28  usmart.o(.data)
    usmart_nametab                           0x200000a8   Data         288  usmart_config.o(.data)
    usmart_dev                               0x200001c8   Data         244  usmart_config.o(.data)
    file                                     0x200002c0   Data           4  exfuns.o(.data)
    ftemp                                    0x200002c4   Data           4  exfuns.o(.data)
    fatbuf                                   0x200002c8   Data           4  exfuns.o(.data)
    br                                       0x200002cc   Data           4  exfuns.o(.data)
    bw                                       0x200002d0   Data           4  exfuns.o(.data)
    danzi_dot                                0x200002d8   Data          31  main.o(.bss)
    two_ployphonic_dot                       0x200002f7   Data          29  main.o(.bss)
    segdictionary                            0x20000314   Data          64  main.o(.bss)
    fil1                                     0x20000358   Data         592  main.o(.bss)
    fil2                                     0x200005a8   Data         592  main.o(.bss)
    fil3                                     0x200007f8   Data         592  main.o(.bss)
    USART_RX_BUF                             0x20000a48   Data         200  usart.o(.bss)
    UART1_Handler                            0x20000b10   Data          64  usart.o(.bss)
    SRAM_Handler                             0x20000b50   Data          80  lcd.o(.bss)
    lcddev                                   0x20000ba0   Data          14  lcd.o(.bss)
    SDRAM_Handler                            0x20000bb0   Data          52  sdram.o(.bss)
    LTDC_Handler                             0x20000be4   Data         168  ltdc.o(.bss)
    lcdltdc                                  0x20000c8c   Data          32  ltdc.o(.bss)
    SDCARD_Handler                           0x20000cb0   Data          96  sdio_sdcard.o(.bss)
    SDCardInfo                               0x20000d10   Data          88  sdio_sdcard.o(.bss)
    SDIO_DATA_BUFFER                         0x20000d68   Data         512  sdio_sdcard.o(.bss)
    SPI5_Handler                             0x20000f68   Data          88  spi.o(.bss)
    W25QXX_BUFFER                            0x20000fc0   Data        4096  w25qxx.o(.bss)
    NAND_Handler                             0x20001fc0   Data          56  nand.o(.bss)
    nand_dev                                 0x20001ff8   Data          92  nand.o(.bss)
    mem1base                                 0x20002060   Data       163840  malloc.o(.bss)
    mem1mapbase                              0x2002a060   Data       10240  malloc.o(.bss)
    TIM4_Handler                             0x2002c860   Data          60  usmart.o(.bss)
    fs                                       0x2002c8a8   Data          12  exfuns.o(.bss)
    fileinfo                                 0x2002c8b8   Data         288  exfuns.o(.bss)
    dir                                      0x2002c9d8   Data          72  exfuns.o(.bss)
    __libspace_start                         0x2002ca20   Data          96  libspace.o(.bss)
    __temporary_stack_top$libspace           0x2002ca80   Data           0  libspace.o(.bss)
    ltdc_lcd_framebuf                        0xc0000000   Data       2048000  ltdc.o(.ARM.__AT_0xC0000000)
    mem2base                                 0xc01f4000   Data       29605888  malloc.o(.ARM.__AT_0xC01F4000)
    mem2mapbase                              0xc1e30000   Data       1850368  malloc.o(.ARM.__AT_0xC1E30000)



==============================================================================

Memory Map of the image

  Image Entry point : 0x080001ad

  Load Region LR_IROM1 (Base: 0x08000000, Size: 0x0003da88, Max: 0x00100000, ABSOLUTE, COMPRESSED[0x0003d918])

    Execution Region ER_IROM1 (Exec base: 0x08000000, Load base: 0x08000000, Size: 0x0003d7b4, Max: 0x00100000, ABSOLUTE)

    Exec Addr    Load Addr    Size         Type   Attr      Idx    E Section Name        Object

    0x08000000   0x08000000   0x000001ac   Data   RO          777    RESET               startup_stm32f429xx.o
    0x080001ac   0x080001ac   0x00000008   Code   RO         6923  * !!!main             c_w.l(__main.o)
    0x080001b4   0x080001b4   0x00000034   Code   RO         7127    !!!scatter          c_w.l(__scatter.o)
    0x080001e8   0x080001e8   0x0000005a   Code   RO         7125    !!dczerorl2         c_w.l(__dczerorl2.o)
    0x08000242   0x08000242   0x00000002   PAD
    0x08000244   0x08000244   0x0000001c   Code   RO         7129    !!handler_zi        c_w.l(__scatter_zi.o)
    0x08000260   0x08000260   0x00000000   Code   RO         6903    .ARM.Collect$$_printf_percent$$00000000  c_w.l(_printf_percent.o)
    0x08000260   0x08000260   0x0000000a   Code   RO         6953    .ARM.Collect$$_printf_percent$$00000007  c_w.l(_printf_ll.o)
    0x0800026a   0x0800026a   0x00000006   Code   RO         6901    .ARM.Collect$$_printf_percent$$00000009  c_w.l(_printf_d.o)
    0x08000270   0x08000270   0x00000006   Code   RO         6902    .ARM.Collect$$_printf_percent$$0000000A  c_w.l(_printf_u.o)
    0x08000276   0x08000276   0x00000006   Code   RO         6900    .ARM.Collect$$_printf_percent$$0000000C  c_w.l(_printf_x.o)
    0x0800027c   0x0800027c   0x00000006   Code   RO         6904    .ARM.Collect$$_printf_percent$$0000000E  c_w.l(_printf_lld.o)
    0x08000282   0x08000282   0x00000006   Code   RO         6898    .ARM.Collect$$_printf_percent$$00000013  c_w.l(_printf_c.o)
    0x08000288   0x08000288   0x00000006   Code   RO         6899    .ARM.Collect$$_printf_percent$$00000014  c_w.l(_printf_s.o)
    0x0800028e   0x0800028e   0x00000004   Code   RO         6952    .ARM.Collect$$_printf_percent$$00000017  c_w.l(_printf_percent_end.o)
    0x08000292   0x08000292   0x00000002   Code   RO         6997    .ARM.Collect$$libinit$$00000000  c_w.l(libinit.o)
    0x08000294   0x08000294   0x00000004   Code   RO         7009    .ARM.Collect$$libinit$$00000001  c_w.l(libinit2.o)
    0x08000298   0x08000298   0x00000000   Code   RO         7012    .ARM.Collect$$libinit$$00000004  c_w.l(libinit2.o)
    0x08000298   0x08000298   0x00000000   Code   RO         7015    .ARM.Collect$$libinit$$0000000A  c_w.l(libinit2.o)
    0x08000298   0x08000298   0x00000000   Code   RO         7017    .ARM.Collect$$libinit$$0000000C  c_w.l(libinit2.o)
    0x08000298   0x08000298   0x00000000   Code   RO         7019    .ARM.Collect$$libinit$$0000000E  c_w.l(libinit2.o)
    0x08000298   0x08000298   0x00000000   Code   RO         7022    .ARM.Collect$$libinit$$00000011  c_w.l(libinit2.o)
    0x08000298   0x08000298   0x00000000   Code   RO         7024    .ARM.Collect$$libinit$$00000013  c_w.l(libinit2.o)
    0x08000298   0x08000298   0x00000000   Code   RO         7026    .ARM.Collect$$libinit$$00000015  c_w.l(libinit2.o)
    0x08000298   0x08000298   0x00000000   Code   RO         7028    .ARM.Collect$$libinit$$00000017  c_w.l(libinit2.o)
    0x08000298   0x08000298   0x00000000   Code   RO         7030    .ARM.Collect$$libinit$$00000019  c_w.l(libinit2.o)
    0x08000298   0x08000298   0x00000000   Code   RO         7032    .ARM.Collect$$libinit$$0000001B  c_w.l(libinit2.o)
    0x08000298   0x08000298   0x00000000   Code   RO         7034    .ARM.Collect$$libinit$$0000001D  c_w.l(libinit2.o)
    0x08000298   0x08000298   0x00000000   Code   RO         7036    .ARM.Collect$$libinit$$0000001F  c_w.l(libinit2.o)
    0x08000298   0x08000298   0x00000000   Code   RO         7038    .ARM.Collect$$libinit$$00000021  c_w.l(libinit2.o)
    0x08000298   0x08000298   0x00000000   Code   RO         7040    .ARM.Collect$$libinit$$00000023  c_w.l(libinit2.o)
    0x08000298   0x08000298   0x00000000   Code   RO         7042    .ARM.Collect$$libinit$$00000025  c_w.l(libinit2.o)
    0x08000298   0x08000298   0x00000000   Code   RO         7046    .ARM.Collect$$libinit$$0000002C  c_w.l(libinit2.o)
    0x08000298   0x08000298   0x00000000   Code   RO         7048    .ARM.Collect$$libinit$$0000002E  c_w.l(libinit2.o)
    0x08000298   0x08000298   0x00000000   Code   RO         7050    .ARM.Collect$$libinit$$00000030  c_w.l(libinit2.o)
    0x08000298   0x08000298   0x00000000   Code   RO         7052    .ARM.Collect$$libinit$$00000032  c_w.l(libinit2.o)
    0x08000298   0x08000298   0x00000002   Code   RO         7053    .ARM.Collect$$libinit$$00000033  c_w.l(libinit2.o)
    0x0800029a   0x0800029a   0x00000002   Code   RO         7079    .ARM.Collect$$libshutdown$$00000000  c_w.l(libshutdown.o)
    0x0800029c   0x0800029c   0x00000000   Code   RO         7106    .ARM.Collect$$libshutdown$$00000002  c_w.l(libshutdown2.o)
    0x0800029c   0x0800029c   0x00000000   Code   RO         7108    .ARM.Collect$$libshutdown$$00000004  c_w.l(libshutdown2.o)
    0x0800029c   0x0800029c   0x00000000   Code   RO         7110    .ARM.Collect$$libshutdown$$00000006  c_w.l(libshutdown2.o)
    0x0800029c   0x0800029c   0x00000000   Code   RO         7113    .ARM.Collect$$libshutdown$$00000009  c_w.l(libshutdown2.o)
    0x0800029c   0x0800029c   0x00000000   Code   RO         7116    .ARM.Collect$$libshutdown$$0000000C  c_w.l(libshutdown2.o)
    0x0800029c   0x0800029c   0x00000000   Code   RO         7118    .ARM.Collect$$libshutdown$$0000000E  c_w.l(libshutdown2.o)
    0x0800029c   0x0800029c   0x00000000   Code   RO         7121    .ARM.Collect$$libshutdown$$00000011  c_w.l(libshutdown2.o)
    0x0800029c   0x0800029c   0x00000002   Code   RO         7122    .ARM.Collect$$libshutdown$$00000012  c_w.l(libshutdown2.o)
    0x0800029e   0x0800029e   0x00000000   Code   RO         6939    .ARM.Collect$$rtentry$$00000000  c_w.l(__rtentry.o)
    0x0800029e   0x0800029e   0x00000000   Code   RO         6960    .ARM.Collect$$rtentry$$00000002  c_w.l(__rtentry2.o)
    0x0800029e   0x0800029e   0x00000006   Code   RO         6972    .ARM.Collect$$rtentry$$00000004  c_w.l(__rtentry4.o)
    0x080002a4   0x080002a4   0x00000000   Code   RO         6962    .ARM.Collect$$rtentry$$00000009  c_w.l(__rtentry2.o)
    0x080002a4   0x080002a4   0x00000004   Code   RO         6963    .ARM.Collect$$rtentry$$0000000A  c_w.l(__rtentry2.o)
    0x080002a8   0x080002a8   0x00000000   Code   RO         6965    .ARM.Collect$$rtentry$$0000000C  c_w.l(__rtentry2.o)
    0x080002a8   0x080002a8   0x00000008   Code   RO         6966    .ARM.Collect$$rtentry$$0000000D  c_w.l(__rtentry2.o)
    0x080002b0   0x080002b0   0x00000002   Code   RO         7001    .ARM.Collect$$rtexit$$00000000  c_w.l(rtexit.o)
    0x080002b2   0x080002b2   0x00000000   Code   RO         7055    .ARM.Collect$$rtexit$$00000002  c_w.l(rtexit2.o)
    0x080002b2   0x080002b2   0x00000004   Code   RO         7056    .ARM.Collect$$rtexit$$00000003  c_w.l(rtexit2.o)
    0x080002b6   0x080002b6   0x00000006   Code   RO         7057    .ARM.Collect$$rtexit$$00000004  c_w.l(rtexit2.o)
    0x080002bc   0x080002bc   0x00000010   Code   RO         4458    .emb_text           sys.o
    0x080002cc   0x080002cc   0x00000040   Code   RO          778    .text               startup_stm32f429xx.o
    0x0800030c   0x0800030c   0x00000002   Code   RO         6839    .text               c_w.l(use_no_semi_2.o)
    0x0800030e   0x0800030e   0x000000ee   Code   RO         6841    .text               c_w.l(lludivv7m.o)
    0x080003fc   0x080003fc   0x00000018   Code   RO         6845    .text               c_w.l(noretval__2printf.o)
    0x08000414   0x08000414   0x0000004e   Code   RO         6849    .text               c_w.l(_printf_pad.o)
    0x08000462   0x08000462   0x00000052   Code   RO         6851    .text               c_w.l(_printf_str.o)
    0x080004b4   0x080004b4   0x00000078   Code   RO         6853    .text               c_w.l(_printf_dec.o)
    0x0800052c   0x0800052c   0x0000007c   Code   RO         6855    .text               c_w.l(_printf_longlong_dec.o)
    0x080005a8   0x080005a8   0x00000058   Code   RO         6860    .text               c_w.l(_printf_hex_int.o)
    0x08000600   0x08000600   0x00000188   Code   RO         6895    .text               c_w.l(__printf_flags_ss_wp.o)
    0x08000788   0x08000788   0x00000048   Code   RO         6905    .text               c_w.l(strcpy.o)
    0x080007d0   0x080007d0   0x0000008a   Code   RO         6911    .text               c_w.l(rt_memcpy_v6.o)
    0x0800085a   0x0800085a   0x00000064   Code   RO         6913    .text               c_w.l(rt_memcpy_w.o)
    0x080008be   0x080008be   0x00000044   Code   RO         6915    .text               c_w.l(rt_memclr.o)
    0x08000902   0x08000902   0x0000004e   Code   RO         6917    .text               c_w.l(rt_memclr_w.o)
    0x08000950   0x08000950   0x00000006   Code   RO         6921    .text               c_w.l(heapauxi.o)
    0x08000956   0x08000956   0x00000002   Code   RO         6937    .text               c_w.l(use_no_semi.o)
    0x08000958   0x08000958   0x0000008a   Code   RO         6944    .text               c_w.l(lludiv10.o)
    0x080009e2   0x080009e2   0x000000b2   Code   RO         6946    .text               c_w.l(_printf_intcommon.o)
    0x08000a94   0x08000a94   0x0000002c   Code   RO         6948    .text               c_w.l(_printf_char.o)
    0x08000ac0   0x08000ac0   0x00000024   Code   RO         6950    .text               c_w.l(_printf_char_file.o)
    0x08000ae4   0x08000ae4   0x00000030   Code   RO         6976    .text               c_w.l(_printf_char_common.o)
    0x08000b14   0x08000b14   0x00000008   Code   RO         6978    .text               c_w.l(ferror.o)
    0x08000b1c   0x08000b1c   0x0000004a   Code   RO         6982    .text               c_w.l(sys_stackheap_outer.o)
    0x08000b66   0x08000b66   0x00000012   Code   RO         6986    .text               c_w.l(exit.o)
    0x08000b78   0x08000b78   0x00000008   Code   RO         6998    .text               c_w.l(libspace.o)
    0x08000b80   0x08000b80   0x00000002   Code   RO          358    i.BusFault_Handler  stm32f4xx_it.o
    0x08000b82   0x08000b82   0x00000002   Code   RO          359    i.DebugMon_Handler  stm32f4xx_it.o
    0x08000b84   0x08000b84   0x00000030   Code   RO         2914    i.FMC_NAND_AttributeSpace_Timing_Init  stm32f4xx_ll_fmc.o
    0x08000bb4   0x08000bb4   0x00000030   Code   RO         2915    i.FMC_NAND_CommonSpace_Timing_Init  stm32f4xx_ll_fmc.o
    0x08000be4   0x08000be4   0x00000050   Code   RO         2920    i.FMC_NAND_Init     stm32f4xx_ll_fmc.o
    0x08000c34   0x08000c34   0x00000040   Code   RO         2922    i.FMC_NORSRAM_Extended_Timing_Init  stm32f4xx_ll_fmc.o
    0x08000c74   0x08000c74   0x00000078   Code   RO         2923    i.FMC_NORSRAM_Init  stm32f4xx_ll_fmc.o
    0x08000cec   0x08000cec   0x0000005c   Code   RO         2924    i.FMC_NORSRAM_Timing_Init  stm32f4xx_ll_fmc.o
    0x08000d48   0x08000d48   0x0000004c   Code   RO         2934    i.FMC_SDRAM_Init    stm32f4xx_ll_fmc.o
    0x08000d94   0x08000d94   0x0000000c   Code   RO         2935    i.FMC_SDRAM_ProgramRefreshRate  stm32f4xx_ll_fmc.o
    0x08000da0   0x08000da0   0x00000048   Code   RO         2936    i.FMC_SDRAM_SendCommand  stm32f4xx_ll_fmc.o
    0x08000de8   0x08000de8   0x0000007c   Code   RO         2938    i.FMC_SDRAM_Timing_Init  stm32f4xx_ll_fmc.o
    0x08000e64   0x08000e64   0x00000030   Code   RO         5230    i.FTL_BadBlockMark  ftl.o
    0x08000e94   0x08000e94   0x000000d0   Code   RO         5231    i.FTL_BlockCompare  ftl.o
    0x08000f64   0x08000f64   0x0000004c   Code   RO         5232    i.FTL_CheckBadBlock  ftl.o
    0x08000fb0   0x08000fb0   0x000000c8   Code   RO         5233    i.FTL_CopyAndWriteToBlock  ftl.o
    0x08001078   0x08001078   0x000000c8   Code   RO         5234    i.FTL_CreateLUT     ftl.o
    0x08001140   0x08001140   0x0000004c   Code   RO         5235    i.FTL_FindSamePlaneUnusedBlock  ftl.o
    0x0800118c   0x0800118c   0x00000044   Code   RO         5236    i.FTL_FindUnusedBlock  ftl.o
    0x080011d0   0x080011d0   0x000000c0   Code   RO         5237    i.FTL_Format        ftl.o
    0x08001290   0x08001290   0x000000e0   Code   RO         5238    i.FTL_Init          ftl.o
    0x08001370   0x08001370   0x0000001c   Code   RO         5239    i.FTL_LBNToPBN      ftl.o
    0x0800138c   0x0800138c   0x00000110   Code   RO         5240    i.FTL_ReadSectors   ftl.o
    0x0800149c   0x0800149c   0x00000020   Code   RO         5242    i.FTL_UsedBlockMark  ftl.o
    0x080014bc   0x080014bc   0x00000118   Code   RO         5243    i.FTL_WriteSectors  ftl.o
    0x080015d4   0x080015d4   0x00000016   Code   RO          792    i.HAL_Delay         stm32f4xx_hal.o
    0x080015ea   0x080015ea   0x00000002   PAD
    0x080015ec   0x080015ec   0x000001dc   Code   RO         1069    i.HAL_GPIO_Init     stm32f4xx_hal_gpio.o
    0x080017c8   0x080017c8   0x0000000a   Code   RO         1071    i.HAL_GPIO_ReadPin  stm32f4xx_hal_gpio.o
    0x080017d2   0x080017d2   0x0000000a   Code   RO         1073    i.HAL_GPIO_WritePin  stm32f4xx_hal_gpio.o
    0x080017dc   0x080017dc   0x0000000c   Code   RO          800    i.HAL_GetTick       stm32f4xx_hal.o
    0x080017e8   0x080017e8   0x00000010   Code   RO          801    i.HAL_IncTick       stm32f4xx_hal.o
    0x080017f8   0x080017f8   0x00000034   Code   RO          802    i.HAL_Init          stm32f4xx_hal.o
    0x0800182c   0x0800182c   0x00000022   Code   RO          803    i.HAL_InitTick      stm32f4xx_hal.o
    0x0800184e   0x0800184e   0x00000052   Code   RO         3372    i.HAL_LTDC_ConfigLayer  stm32f4xx_hal_ltdc.o
    0x080018a0   0x080018a0   0x000000fc   Code   RO         3384    i.HAL_LTDC_Init     stm32f4xx_hal_ltdc.o
    0x0800199c   0x0800199c   0x000000f4   Code   RO         4891    i.HAL_LTDC_MspInit  ltdc.o
    0x08001a90   0x08001a90   0x00000054   Code   RO         3393    i.HAL_LTDC_SetWindowPosition  stm32f4xx_hal_ltdc.o
    0x08001ae4   0x08001ae4   0x00000054   Code   RO         3394    i.HAL_LTDC_SetWindowSize  stm32f4xx_hal_ltdc.o
    0x08001b38   0x08001b38   0x00000008   Code   RO          805    i.HAL_MspInit       stm32f4xx_hal.o
    0x08001b40   0x08001b40   0x00000062   Code   RO         4291    i.HAL_NAND_Init     stm32f4xx_hal_nand.o
    0x08001ba2   0x08001ba2   0x00000002   PAD
    0x08001ba4   0x08001ba4   0x000000b0   Code   RO         5556    i.HAL_NAND_MspInit  nand.o
    0x08001c54   0x08001c54   0x00000016   Code   RO          946    i.HAL_NVIC_EnableIRQ  stm32f4xx_hal_cortex.o
    0x08001c6a   0x08001c6a   0x00000002   PAD
    0x08001c6c   0x08001c6c   0x00000040   Code   RO          952    i.HAL_NVIC_SetPriority  stm32f4xx_hal_cortex.o
    0x08001cac   0x08001cac   0x00000024   Code   RO          953    i.HAL_NVIC_SetPriorityGrouping  stm32f4xx_hal_cortex.o
    0x08001cd0   0x08001cd0   0x00000088   Code   RO         1258    i.HAL_PWREx_EnableOverDrive  stm32f4xx_hal_pwr_ex.o
    0x08001d58   0x08001d58   0x000002a8   Code   RO         1430    i.HAL_RCCEx_PeriphCLKConfig  stm32f4xx_hal_rcc_ex.o
    0x08002000   0x08002000   0x00000208   Code   RO         1325    i.HAL_RCC_ClockConfig  stm32f4xx_hal_rcc.o
    0x08002208   0x08002208   0x00000034   Code   RO         1330    i.HAL_RCC_GetHCLKFreq  stm32f4xx_hal_rcc.o
    0x0800223c   0x0800223c   0x0000002c   Code   RO         1332    i.HAL_RCC_GetPCLK1Freq  stm32f4xx_hal_rcc.o
    0x08002268   0x08002268   0x0000002c   Code   RO         1333    i.HAL_RCC_GetPCLK2Freq  stm32f4xx_hal_rcc.o
    0x08002294   0x08002294   0x00000074   Code   RO         1334    i.HAL_RCC_GetSysClockFreq  stm32f4xx_hal_rcc.o
    0x08002308   0x08002308   0x0000031c   Code   RO         1337    i.HAL_RCC_OscConfig  stm32f4xx_hal_rcc.o
    0x08002624   0x08002624   0x00000042   Code   RO         3220    i.HAL_SDRAM_Init    stm32f4xx_hal_sdram.o
    0x08002666   0x08002666   0x00000002   PAD
    0x08002668   0x08002668   0x000000dc   Code   RO         4833    i.HAL_SDRAM_MspInit  sdram.o
    0x08002744   0x08002744   0x00000022   Code   RO         3223    i.HAL_SDRAM_ProgramRefreshRate  stm32f4xx_hal_sdram.o
    0x08002766   0x08002766   0x0000002e   Code   RO         3229    i.HAL_SDRAM_SendCommand  stm32f4xx_hal_sdram.o
    0x08002794   0x08002794   0x000002b8   Code   RO         3810    i.HAL_SD_Get_CardInfo  stm32f4xx_hal_sd.o
    0x08002a4c   0x08002a4c   0x000000a0   Code   RO         3813    i.HAL_SD_Init       stm32f4xx_hal_sd.o
    0x08002aec   0x08002aec   0x00000084   Code   RO         5009    i.HAL_SD_MspInit    sdio_sdcard.o
    0x08002b70   0x08002b70   0x0000017c   Code   RO         3816    i.HAL_SD_ReadBlocks  stm32f4xx_hal_sd.o
    0x08002cec   0x08002cec   0x0000002c   Code   RO         3819    i.HAL_SD_StopTransfer  stm32f4xx_hal_sd.o
    0x08002d18   0x08002d18   0x0000005e   Code   RO         3820    i.HAL_SD_WideBusOperation_Config  stm32f4xx_hal_sd.o
    0x08002d76   0x08002d76   0x000001d0   Code   RO         3821    i.HAL_SD_WriteBlocks  stm32f4xx_hal_sd.o
    0x08002f46   0x08002f46   0x00000084   Code   RO         4046    i.HAL_SPI_Init      stm32f4xx_hal_spi.o
    0x08002fca   0x08002fca   0x00000002   PAD
    0x08002fcc   0x08002fcc   0x00000054   Code   RO         5065    i.HAL_SPI_MspInit   spi.o
    0x08003020   0x08003020   0x000002aa   Code   RO         4055    i.HAL_SPI_TransmitReceive  stm32f4xx_hal_spi.o
    0x080032ca   0x080032ca   0x00000056   Code   RO         3098    i.HAL_SRAM_Init     stm32f4xx_hal_sram.o
    0x08003320   0x08003320   0x00000078   Code   RO         4608    i.HAL_SRAM_MspInit  lcd.o
    0x08003398   0x08003398   0x00000018   Code   RO          955    i.HAL_SYSTICK_CLKSourceConfig  stm32f4xx_hal_cortex.o
    0x080033b0   0x080033b0   0x00000028   Code   RO          957    i.HAL_SYSTICK_Config  stm32f4xx_hal_cortex.o
    0x080033d8   0x080033d8   0x00000036   Code   RO         2046    i.HAL_TIM_Base_Init  stm32f4xx_hal_tim.o
    0x0800340e   0x0800340e   0x00000002   Code   RO         2048    i.HAL_TIM_Base_MspInit  stm32f4xx_hal_tim.o
    0x08003410   0x08003410   0x00000018   Code   RO         2051    i.HAL_TIM_Base_Start_IT  stm32f4xx_hal_tim.o
    0x08003428   0x08003428   0x00000002   Code   RO         1477    i.HAL_UART_ErrorCallback  stm32f4xx_hal_uart.o
    0x0800342a   0x0800342a   0x000000f4   Code   RO         1480    i.HAL_UART_IRQHandler  stm32f4xx_hal_uart.o
    0x0800351e   0x0800351e   0x0000005e   Code   RO         1481    i.HAL_UART_Init     stm32f4xx_hal_uart.o
    0x0800357c   0x0800357c   0x00000094   Code   RO         4486    i.HAL_UART_MspInit  usart.o
    0x08003610   0x08003610   0x000000ca   Code   RO         1484    i.HAL_UART_Receive  stm32f4xx_hal_uart.o
    0x080036da   0x080036da   0x00000002   Code   RO         1487    i.HAL_UART_RxCpltCallback  stm32f4xx_hal_uart.o
    0x080036dc   0x080036dc   0x00000002   Code   RO         1492    i.HAL_UART_TxCpltCallback  stm32f4xx_hal_uart.o
    0x080036de   0x080036de   0x00000002   Code   RO          360    i.HardFault_Handler  stm32f4xx_it.o
    0x080036e0   0x080036e0   0x00000080   Code   RO         4574    i.KEY_Init          key.o
    0x08003760   0x08003760   0x00000048   Code   RO         4610    i.LCD_Clear         lcd.o
    0x080037a8   0x080037a8   0x000000f4   Code   RO         4614    i.LCD_Display_Dir   lcd.o
    0x0800389c   0x0800389c   0x000000fc   Code   RO         4619    i.LCD_Fast_DrawPoint  lcd.o
    0x08003998   0x08003998   0x00000060   Code   RO         4620    i.LCD_Fill          lcd.o
    0x080039f8   0x080039f8   0x0000238c   Code   RO         4621    i.LCD_Init          lcd.o
    0x08005d84   0x08005d84   0x00000010   Code   RO         4622    i.LCD_Pow           lcd.o
    0x08005d94   0x08005d94   0x00000014   Code   RO         4623    i.LCD_RD_DATA       lcd.o
    0x08005da8   0x08005da8   0x00000050   Code   RO         4626    i.LCD_SSD_BackLightSet  lcd.o
    0x08005df8   0x08005df8   0x000001b8   Code   RO         4627    i.LCD_Scan_Dir      lcd.o
    0x08005fb0   0x08005fb0   0x00000104   Code   RO         4628    i.LCD_SetCursor     lcd.o
    0x080060b4   0x080060b4   0x000000dc   Code   RO         4630    i.LCD_ShowChar      lcd.o
    0x08006190   0x08006190   0x00000076   Code   RO         4631    i.LCD_ShowNum       lcd.o
    0x08006206   0x08006206   0x00000054   Code   RO         4632    i.LCD_ShowString    lcd.o
    0x0800625a   0x0800625a   0x00000002   PAD
    0x0800625c   0x0800625c   0x00000018   Code   RO         4634    i.LCD_WR_DATA       lcd.o
    0x08006274   0x08006274   0x00000018   Code   RO         4635    i.LCD_WR_REG        lcd.o
    0x0800628c   0x0800628c   0x00000014   Code   RO         4637    i.LCD_WriteRAM_Prepare  lcd.o
    0x080062a0   0x080062a0   0x00000010   Code   RO         4638    i.LCD_WriteReg      lcd.o
    0x080062b0   0x080062b0   0x0000004c   Code   RO         4547    i.LED_Init          led.o
    0x080062fc   0x080062fc   0x00000020   Code   RO         4892    i.LTDC_Clear        ltdc.o
    0x0800631c   0x0800631c   0x0000001e   Code   RO         4893    i.LTDC_Clk_Set      ltdc.o
    0x0800633a   0x0800633a   0x00000002   PAD
    0x0800633c   0x0800633c   0x00000028   Code   RO         4895    i.LTDC_Display_Dir  ltdc.o
    0x08006364   0x08006364   0x0000003c   Code   RO         4896    i.LTDC_Draw_Point   ltdc.o
    0x080063a0   0x080063a0   0x000000b4   Code   RO         4897    i.LTDC_Fill         ltdc.o
    0x08006454   0x08006454   0x00000208   Code   RO         4898    i.LTDC_Init         ltdc.o
    0x0800665c   0x0800665c   0x0000005c   Code   RO         4899    i.LTDC_Layer_Parameter_Config  ltdc.o
    0x080066b8   0x080066b8   0x00000024   Code   RO         4901    i.LTDC_Layer_Window_Config  ltdc.o
    0x080066dc   0x080066dc   0x000000b8   Code   RO         4902    i.LTDC_PanelID_Read  ltdc.o
    0x08006794   0x08006794   0x00000162   Code   RO         3395    i.LTDC_SetConfig    stm32f4xx_hal_ltdc.o
    0x080068f6   0x080068f6   0x00000002   Code   RO          361    i.MemManage_Handler  stm32f4xx_it.o
    0x080068f8   0x080068f8   0x000001a8   Code   RO         5557    i.NAND_CopyPageWithWrite  nand.o
    0x08006aa0   0x08006aa0   0x00000084   Code   RO         5558    i.NAND_CopyPageWithoutWrite  nand.o
    0x08006b24   0x08006b24   0x00000010   Code   RO         5559    i.NAND_Delay        nand.o
    0x08006b34   0x08006b34   0x00000094   Code   RO         5560    i.NAND_ECC_Correction  nand.o
    0x08006bc8   0x08006bc8   0x00000030   Code   RO         5561    i.NAND_ECC_Get_OE   nand.o
    0x08006bf8   0x08006bf8   0x00000058   Code   RO         5562    i.NAND_EraseBlock   nand.o
    0x08006c50   0x08006c50   0x00000050   Code   RO         5563    i.NAND_EraseChip    nand.o
    0x08006ca0   0x08006ca0   0x000000ac   Code   RO         5564    i.NAND_Init         nand.o
    0x08006d4c   0x08006d4c   0x00000034   Code   RO         5565    i.NAND_ModeSet      nand.o
    0x08006d80   0x08006d80   0x0000004c   Code   RO         5566    i.NAND_ReadID       nand.o
    0x08006dcc   0x08006dcc   0x00000248   Code   RO         5567    i.NAND_ReadPage     nand.o
    0x08007014   0x08007014   0x00000068   Code   RO         5568    i.NAND_ReadPageComp  nand.o
    0x0800707c   0x0800707c   0x00000020   Code   RO         5569    i.NAND_ReadSpare    nand.o
    0x0800709c   0x0800709c   0x00000028   Code   RO         5570    i.NAND_ReadStatus   nand.o
    0x080070c4   0x080070c4   0x0000001c   Code   RO         5571    i.NAND_Reset        nand.o
    0x080070e0   0x080070e0   0x00000024   Code   RO         5572    i.NAND_WaitForReady  nand.o
    0x08007104   0x08007104   0x00000034   Code   RO         5573    i.NAND_WaitRB       nand.o
    0x08007138   0x08007138   0x00000158   Code   RO         5574    i.NAND_WritePage    nand.o
    0x08007290   0x08007290   0x00000054   Code   RO         5575    i.NAND_WritePageConst  nand.o
    0x080072e4   0x080072e4   0x00000020   Code   RO         5576    i.NAND_WriteSpare   nand.o
    0x08007304   0x08007304   0x00000002   Code   RO          362    i.NMI_Handler       stm32f4xx_it.o
    0x08007306   0x08007306   0x00000020   Code   RO          959    i.NVIC_SetPriority  stm32f4xx_hal_cortex.o
    0x08007326   0x08007326   0x00000002   Code   RO          363    i.PendSV_Handler    stm32f4xx_it.o
    0x08007328   0x08007328   0x00000024   Code   RO         3704    i.SDIO_DataConfig   stm32f4xx_ll_sdmmc.o
    0x0800734c   0x0800734c   0x00000006   Code   RO         3705    i.SDIO_GetCommandResponse  stm32f4xx_ll_sdmmc.o
    0x08007352   0x08007352   0x00000008   Code   RO         3708    i.SDIO_GetPowerState  stm32f4xx_ll_sdmmc.o
    0x0800735a   0x0800735a   0x00000002   PAD
    0x0800735c   0x0800735c   0x00000010   Code   RO         3709    i.SDIO_GetResponse  stm32f4xx_ll_sdmmc.o
    0x0800736c   0x0800736c   0x00000024   Code   RO         3710    i.SDIO_Init         stm32f4xx_ll_sdmmc.o
    0x08007390   0x08007390   0x00000008   Code   RO         3712    i.SDIO_PowerState_ON  stm32f4xx_ll_sdmmc.o
    0x08007398   0x08007398   0x00000006   Code   RO         3713    i.SDIO_ReadFIFO     stm32f4xx_ll_sdmmc.o
    0x0800739e   0x0800739e   0x00000020   Code   RO         3714    i.SDIO_SendCommand  stm32f4xx_ll_sdmmc.o
    0x080073be   0x080073be   0x0000000a   Code   RO         3716    i.SDIO_WriteFIFO    stm32f4xx_ll_sdmmc.o
    0x080073c8   0x080073c8   0x00000060   Code   RO         4834    i.SDRAM_Init        sdram.o
    0x08007428   0x08007428   0x00000050   Code   RO         4835    i.SDRAM_Initialization_Sequence  sdram.o
    0x08007478   0x08007478   0x00000034   Code   RO         4836    i.SDRAM_Send_Cmd    sdram.o
    0x080074ac   0x080074ac   0x000000ec   Code   RO         3825    i.SD_CmdResp1Error  stm32f4xx_hal_sd.o
    0x08007598   0x08007598   0x0000002e   Code   RO         3826    i.SD_CmdResp2Error  stm32f4xx_hal_sd.o
    0x080075c6   0x080075c6   0x00000072   Code   RO         3827    i.SD_CmdResp6Error  stm32f4xx_hal_sd.o
    0x08007638   0x08007638   0x00000046   Code   RO         3828    i.SD_CmdResp7Error  stm32f4xx_hal_sd.o
    0x0800767e   0x0800767e   0x0000010a   Code   RO         3833    i.SD_FindSCR        stm32f4xx_hal_sd.o
    0x08007788   0x08007788   0x00000040   Code   RO         5011    i.SD_Init           sdio_sdcard.o
    0x080077c8   0x080077c8   0x000000dc   Code   RO         3834    i.SD_Initialize_Cards  stm32f4xx_hal_sd.o
    0x080078a4   0x080078a4   0x0000013c   Code   RO         3835    i.SD_IsCardProgramming  stm32f4xx_hal_sd.o
    0x080079e0   0x080079e0   0x0000018c   Code   RO         3836    i.SD_PowerON        stm32f4xx_hal_sd.o
    0x08007b6c   0x08007b6c   0x00000078   Code   RO         5012    i.SD_ReadDisk       sdio_sdcard.o
    0x08007be4   0x08007be4   0x00000072   Code   RO         3837    i.SD_WideBus_Disable  stm32f4xx_hal_sd.o
    0x08007c56   0x08007c56   0x00000074   Code   RO         3838    i.SD_WideBus_Enable  stm32f4xx_hal_sd.o
    0x08007cca   0x08007cca   0x00000002   PAD
    0x08007ccc   0x08007ccc   0x0000007c   Code   RO         5013    i.SD_WriteDisk      sdio_sdcard.o
    0x08007d48   0x08007d48   0x00000050   Code   RO         5066    i.SPI5_Init         spi.o
    0x08007d98   0x08007d98   0x00000020   Code   RO         5067    i.SPI5_ReadWriteByte  spi.o
    0x08007db8   0x08007db8   0x00000034   Code   RO         5068    i.SPI5_SetSpeed     spi.o
    0x08007dec   0x08007dec   0x0000009e   Code   RO         4077    i.SPI_WaitOnFlagUntilTimeout  stm32f4xx_hal_spi.o
    0x08007e8a   0x08007e8a   0x00000002   Code   RO          364    i.SVC_Handler       stm32f4xx_it.o
    0x08007e8c   0x08007e8c   0x00000084   Code   RO         4459    i.Stm32_Clock_Init  sys.o
    0x08007f10   0x08007f10   0x00000004   Code   RO          365    i.SysTick_Handler   stm32f4xx_it.o
    0x08007f14   0x08007f14   0x00000054   Code   RO          643    i.SystemInit        system_stm32f4xx.o
    0x08007f68   0x08007f68   0x00000034   Code   RO         5851    i.TIM4_IRQHandler   usmart.o
    0x08007f9c   0x08007f9c   0x000000c0   Code   RO         2130    i.TIM_Base_SetConfig  stm32f4xx_hal_tim.o
    0x0800805c   0x0800805c   0x00000054   Code   RO         5852    i.Timer4_Init       usmart.o
    0x080080b0   0x080080b0   0x000000a6   Code   RO         1499    i.UART_Receive_IT   stm32f4xx_hal_uart.o
    0x08008156   0x08008156   0x00000002   PAD
    0x08008158   0x08008158   0x00000174   Code   RO         1500    i.UART_SetConfig    stm32f4xx_hal_uart.o
    0x080082cc   0x080082cc   0x00000066   Code   RO         1501    i.UART_Transmit_IT  stm32f4xx_hal_uart.o
    0x08008332   0x08008332   0x00000092   Code   RO         1502    i.UART_WaitOnFlagUntilTimeout  stm32f4xx_hal_uart.o
    0x080083c4   0x080083c4   0x0000006c   Code   RO         4487    i.USART1_IRQHandler  usart.o
    0x08008430   0x08008430   0x00000012   Code   RO            5    i.Unicnt            main.o
    0x08008442   0x08008442   0x00000002   PAD
    0x08008444   0x08008444   0x00000030   Code   RO            6    i.Unidisplay        main.o
    0x08008474   0x08008474   0x00000002   Code   RO          366    i.UsageFault_Handler  stm32f4xx_it.o
    0x08008476   0x08008476   0x00000002   PAD
    0x08008478   0x08008478   0x0000002c   Code   RO         5113    i.W25QXX_Erase_Chip  w25qxx.o
    0x080084a4   0x080084a4   0x00000058   Code   RO         5114    i.W25QXX_Erase_Sector  w25qxx.o
    0x080084fc   0x080084fc   0x0000007c   Code   RO         5115    i.W25QXX_Init       w25qxx.o
    0x08008578   0x08008578   0x00000068   Code   RO         5117    i.W25QXX_Read       w25qxx.o
    0x080085e0   0x080085e0   0x00000044   Code   RO         5118    i.W25QXX_ReadID     w25qxx.o
    0x08008624   0x08008624   0x00000038   Code   RO         5119    i.W25QXX_ReadSR     w25qxx.o
    0x0800865c   0x0800865c   0x0000000e   Code   RO         5121    i.W25QXX_Wait_Busy  w25qxx.o
    0x0800866a   0x0800866a   0x00000002   PAD
    0x0800866c   0x0800866c   0x0000009c   Code   RO         5122    i.W25QXX_Write      w25qxx.o
    0x08008708   0x08008708   0x00000020   Code   RO         5124    i.W25QXX_Write_Enable  w25qxx.o
    0x08008728   0x08008728   0x0000003e   Code   RO         5125    i.W25QXX_Write_NoCheck  w25qxx.o
    0x08008766   0x08008766   0x00000002   PAD
    0x08008768   0x08008768   0x0000006c   Code   RO         5126    i.W25QXX_Write_Page  w25qxx.o
    0x080087d4   0x080087d4   0x00000204   Code   RO            7    i.WriteSegDictionaryIntoNand  main.o
    0x080089d8   0x080089d8   0x0000000e   Code   RO         6888    i._is_digit         c_w.l(__printf_wp.o)
    0x080089e6   0x080089e6   0x00000002   Code   RO         4488    i._sys_exit         usart.o
    0x080089e8   0x080089e8   0x00000076   Code   RO         6068    i.change_bitmap     ff.o
    0x08008a5e   0x08008a5e   0x00000002   PAD
    0x08008a60   0x08008a60   0x00000074   Code   RO         6069    i.check_fs          ff.o
    0x08008ad4   0x08008ad4   0x00000010   Code   RO         6070    i.chk_chr           ff.o
    0x08008ae4   0x08008ae4   0x00000032   Code   RO         6071    i.clmt_clust        ff.o
    0x08008b16   0x08008b16   0x00000018   Code   RO         6072    i.clust2sect        ff.o
    0x08008b2e   0x08008b2e   0x00000002   PAD
    0x08008b30   0x08008b30   0x00000084   Code   RO         6073    i.cmp_lfn           ff.o
    0x08008bb4   0x08008bb4   0x0000010e   Code   RO         6074    i.create_chain      ff.o
    0x08008cc2   0x08008cc2   0x00000002   PAD
    0x08008cc4   0x08008cc4   0x00000218   Code   RO         6075    i.create_name       ff.o
    0x08008edc   0x08008edc   0x0000007c   Code   RO         6076    i.create_xdir       ff.o
    0x08008f58   0x08008f58   0x00000014   Code   RO         4414    i.delay_init        delay.o
    0x08008f6c   0x08008f6c   0x0000001a   Code   RO         4415    i.delay_ms          delay.o
    0x08008f86   0x08008f86   0x00000002   PAD
    0x08008f88   0x08008f88   0x00000034   Code   RO         4416    i.delay_us          delay.o
    0x08008fbc   0x08008fbc   0x00000058   Code   RO         6077    i.dir_alloc         ff.o
    0x08009014   0x08009014   0x0000013c   Code   RO         6078    i.dir_find          ff.o
    0x08009150   0x08009150   0x00000104   Code   RO         6079    i.dir_next          ff.o
    0x08009254   0x08009254   0x000000e6   Code   RO         6080    i.dir_read          ff.o
    0x0800933a   0x0800933a   0x00000002   PAD
    0x0800933c   0x0800933c   0x0000023c   Code   RO         6081    i.dir_register      ff.o
    0x08009578   0x08009578   0x0000005e   Code   RO         6082    i.dir_remove        ff.o
    0x080095d6   0x080095d6   0x00000096   Code   RO         6083    i.dir_sdi           ff.o
    0x0800966c   0x0800966c   0x00000028   Code   RO         6513    i.disk_initialize   diskio.o
    0x08009694   0x08009694   0x0000009c   Code   RO         6514    i.disk_ioctl        diskio.o
    0x08009730   0x08009730   0x00000066   Code   RO         6515    i.disk_read         diskio.o
    0x08009796   0x08009796   0x00000004   Code   RO         6516    i.disk_status       diskio.o
    0x0800979a   0x0800979a   0x00000060   Code   RO         6517    i.disk_write        diskio.o
    0x080097fa   0x080097fa   0x0000002e   Code   RO         6591    i.exf_getfree       exfuns.o
    0x08009828   0x08009828   0x00000064   Code   RO         6592    i.exfuns_init       exfuns.o
    0x0800988c   0x0800988c   0x0000001e   Code   RO         6084    i.f_close           ff.o
    0x080098aa   0x080098aa   0x00000014   Code   RO         6085    i.f_closedir        ff.o
    0x080098be   0x080098be   0x00000118   Code   RO         6086    i.f_getfree         ff.o
    0x080099d6   0x080099d6   0x000000f2   Code   RO         6087    i.f_getlabel        ff.o
    0x08009ac8   0x08009ac8   0x00000044   Code   RO         6088    i.f_gets            ff.o
    0x08009b0c   0x08009b0c   0x000002bc   Code   RO         6089    i.f_lseek           ff.o
    0x08009dc8   0x08009dc8   0x000001dc   Code   RO         6090    i.f_mkdir           ff.o
    0x08009fa4   0x08009fa4   0x000004c4   Code   RO         6091    i.f_mkfs            ff.o
    0x0800a468   0x0800a468   0x0000004c   Code   RO         6092    i.f_mount           ff.o
    0x0800a4b4   0x0800a4b4   0x00000276   Code   RO         6093    i.f_open            ff.o
    0x0800a72a   0x0800a72a   0x000000d4   Code   RO         6094    i.f_opendir         ff.o
    0x0800a7fe   0x0800a7fe   0x0000003c   Code   RO         6096    i.f_putc            ff.o
    0x0800a83a   0x0800a83a   0x00000046   Code   RO         6097    i.f_puts            ff.o
    0x0800a880   0x0800a880   0x00000176   Code   RO         6098    i.f_read            ff.o
    0x0800a9f6   0x0800a9f6   0x00000076   Code   RO         6099    i.f_readdir         ff.o
    0x0800aa6c   0x0800aa6c   0x0000018e   Code   RO         6100    i.f_rename          ff.o
    0x0800abfa   0x0800abfa   0x00000002   PAD
    0x0800abfc   0x0800abfc   0x000001d0   Code   RO         6101    i.f_setlabel        ff.o
    0x0800adcc   0x0800adcc   0x00000152   Code   RO         6103    i.f_sync            ff.o
    0x0800af1e   0x0800af1e   0x0000010a   Code   RO         6105    i.f_unlink          ff.o
    0x0800b028   0x0800b028   0x000001d4   Code   RO         6106    i.f_write           ff.o
    0x0800b1fc   0x0800b1fc   0x0000004c   Code   RO         6481    i.ff_convert        cc936.o
    0x0800b248   0x0800b248   0x00000008   Code   RO         6518    i.ff_memalloc       diskio.o
    0x0800b250   0x0800b250   0x00000008   Code   RO         6519    i.ff_memfree        diskio.o
    0x0800b258   0x0800b258   0x00000080   Code   RO         6482    i.ff_wtoupper       cc936.o
    0x0800b2d8   0x0800b2d8   0x0000002e   Code   RO         6107    i.fill_fat_chain    ff.o
    0x0800b306   0x0800b306   0x00000092   Code   RO         6108    i.find_bitmap       ff.o
    0x0800b398   0x0800b398   0x00000350   Code   RO         6109    i.find_volume       ff.o
    0x0800b6e8   0x0800b6e8   0x000000b4   Code   RO         6110    i.follow_path       ff.o
    0x0800b79c   0x0800b79c   0x00000014   Code   RO         4489    i.fputc             usart.o
    0x0800b7b0   0x0800b7b0   0x0000008c   Code   RO         6111    i.gen_numname       ff.o
    0x0800b83c   0x0800b83c   0x00000126   Code   RO         6112    i.get_fat           ff.o
    0x0800b962   0x0800b962   0x00000004   Code   RO         6520    i.get_fattime       diskio.o
    0x0800b966   0x0800b966   0x00000106   Code   RO         6113    i.get_fileinfo      ff.o
    0x0800ba6c   0x0800ba6c   0x0000003c   Code   RO         6114    i.get_ldnumber      ff.o
    0x0800baa8   0x0800baa8   0x0000008a   Code   RO         6115    i.get_xdir_info     ff.o
    0x0800bb32   0x0800bb32   0x00000026   Code   RO         6116    i.ld_clust          ff.o
    0x0800bb58   0x0800bb58   0x00000016   Code   RO         6117    i.ld_dword          ff.o
    0x0800bb6e   0x0800bb6e   0x00000056   Code   RO         6118    i.ld_qword          ff.o
    0x0800bbc4   0x0800bbc4   0x0000000a   Code   RO         6119    i.ld_word           ff.o
    0x0800bbce   0x0800bbce   0x00000038   Code   RO         6120    i.load_obj_dir      ff.o
    0x0800bc06   0x0800bc06   0x000000aa   Code   RO         6121    i.load_xdir         ff.o
    0x0800bcb0   0x0800bcb0   0x00000414   Code   RO           10    i.main              main.o
    0x0800c0c4   0x0800c0c4   0x00000018   Code   RO         6122    i.mem_cmp           ff.o
    0x0800c0dc   0x0800c0dc   0x00000012   Code   RO         6123    i.mem_cpy           ff.o
    0x0800c0ee   0x0800c0ee   0x0000000c   Code   RO         6124    i.mem_set           ff.o
    0x0800c0fa   0x0800c0fa   0x00000002   PAD
    0x0800c0fc   0x0800c0fc   0x00000014   Code   RO         6682    i.mf_close          fattester.o
    0x0800c110   0x0800c110   0x0000000c   Code   RO         6683    i.mf_closedir       fattester.o
    0x0800c11c   0x0800c11c   0x00000004   Code   RO         6684    i.mf_fmkfs          fattester.o
    0x0800c120   0x0800c120   0x00000080   Code   RO         6685    i.mf_getlabel       fattester.o
    0x0800c1a0   0x0800c1a0   0x00000048   Code   RO         6686    i.mf_gets           fattester.o
    0x0800c1e8   0x0800c1e8   0x00000010   Code   RO         6687    i.mf_lseek          fattester.o
    0x0800c1f8   0x0800c1f8   0x00000004   Code   RO         6688    i.mf_mkdir          fattester.o
    0x0800c1fc   0x0800c1fc   0x00000014   Code   RO         6689    i.mf_mount          fattester.o
    0x0800c210   0x0800c210   0x00000010   Code   RO         6690    i.mf_open           fattester.o
    0x0800c220   0x0800c220   0x0000000c   Code   RO         6691    i.mf_opendir        fattester.o
    0x0800c22c   0x0800c22c   0x00000014   Code   RO         6692    i.mf_putc           fattester.o
    0x0800c240   0x0800c240   0x00000014   Code   RO         6693    i.mf_puts           fattester.o
    0x0800c254   0x0800c254   0x0000014c   Code   RO         6694    i.mf_read           fattester.o
    0x0800c3a0   0x0800c3a0   0x000001a8   Code   RO         6695    i.mf_readdir        fattester.o
    0x0800c548   0x0800c548   0x00000004   Code   RO         6696    i.mf_rename         fattester.o
    0x0800c54c   0x0800c54c   0x0000005c   Code   RO         6697    i.mf_scan_files     fattester.o
    0x0800c5a8   0x0800c5a8   0x00000054   Code   RO         6698    i.mf_setlabel       fattester.o
    0x0800c5fc   0x0800c5fc   0x00000090   Code   RO         6699    i.mf_showfree       fattester.o
    0x0800c68c   0x0800c68c   0x0000000c   Code   RO         6700    i.mf_size           fattester.o
    0x0800c698   0x0800c698   0x0000000c   Code   RO         6701    i.mf_tell           fattester.o
    0x0800c6a4   0x0800c6a4   0x00000004   Code   RO         6702    i.mf_unlink         fattester.o
    0x0800c6a8   0x0800c6a8   0x000000b4   Code   RO         6703    i.mf_write          fattester.o
    0x0800c75c   0x0800c75c   0x00000032   Code   RO         6125    i.move_window       ff.o
    0x0800c78e   0x0800c78e   0x00000002   PAD
    0x0800c790   0x0800c790   0x00000058   Code   RO         5768    i.my_mem_free       malloc.o
    0x0800c7e8   0x0800c7e8   0x0000002c   Code   RO         5769    i.my_mem_init       malloc.o
    0x0800c814   0x0800c814   0x00000088   Code   RO         5770    i.my_mem_malloc     malloc.o
    0x0800c89c   0x0800c89c   0x0000003c   Code   RO         5771    i.my_mem_perused    malloc.o
    0x0800c8d8   0x0800c8d8   0x00000018   Code   RO         5772    i.myfree            malloc.o
    0x0800c8f0   0x0800c8f0   0x00000020   Code   RO         5773    i.mymalloc          malloc.o
    0x0800c910   0x0800c910   0x0000000c   Code   RO         5775    i.mymemset          malloc.o
    0x0800c91c   0x0800c91c   0x00000070   Code   RO         6126    i.pick_lfn          ff.o
    0x0800c98c   0x0800c98c   0x000000f6   Code   RO         6127    i.put_fat           ff.o
    0x0800ca82   0x0800ca82   0x0000003a   Code   RO         6128    i.putc_bfd          ff.o
    0x0800cabc   0x0800cabc   0x00000004   Code   RO         5853    i.read_addr         usmart.o
    0x0800cac0   0x0800cac0   0x000000e8   Code   RO         6129    i.remove_chain      ff.o
    0x0800cba8   0x0800cba8   0x00000028   Code   RO         6130    i.st_clust          ff.o
    0x0800cbd0   0x0800cbd0   0x00000010   Code   RO         6131    i.st_dword          ff.o
    0x0800cbe0   0x0800cbe0   0x0000004a   Code   RO         6132    i.st_qword          ff.o
    0x0800cc2a   0x0800cc2a   0x00000008   Code   RO         6133    i.st_word           ff.o
    0x0800cc32   0x0800cc32   0x0000006c   Code   RO         6134    i.store_xdir        ff.o
    0x0800cc9e   0x0800cc9e   0x0000001a   Code   RO         6135    i.sum_sfn           ff.o
    0x0800ccb8   0x0800ccb8   0x00000088   Code   RO         6136    i.sync_fs           ff.o
    0x0800cd40   0x0800cd40   0x00000052   Code   RO         6137    i.sync_window       ff.o
    0x0800cd92   0x0800cd92   0x00000002   PAD
    0x0800cd94   0x0800cd94   0x00000024   Code   RO         4490    i.uart_init         usart.o
    0x0800cdb8   0x0800cdb8   0x00000094   Code   RO         5854    i.usmart_cmd_rec    usmart.o
    0x0800ce4c   0x0800ce4c   0x00000260   Code   RO         5855    i.usmart_exe        usmart.o
    0x0800d0ac   0x0800d0ac   0x0000009c   Code   RO         5992    i.usmart_get_aparm  usmart_str.o
    0x0800d148   0x0800d148   0x0000002e   Code   RO         5993    i.usmart_get_cmdname  usmart_str.o
    0x0800d176   0x0800d176   0x00000002   PAD
    0x0800d178   0x0800d178   0x00000168   Code   RO         5994    i.usmart_get_fname  usmart_str.o
    0x0800d2e0   0x0800d2e0   0x000000d0   Code   RO         5995    i.usmart_get_fparam  usmart_str.o
    0x0800d3b0   0x0800d3b0   0x00000024   Code   RO         5996    i.usmart_get_parmpos  usmart_str.o
    0x0800d3d4   0x0800d3d4   0x00000030   Code   RO         5856    i.usmart_get_runtime  usmart.o
    0x0800d404   0x0800d404   0x00000028   Code   RO         5857    i.usmart_init       usmart.o
    0x0800d42c   0x0800d42c   0x00000010   Code   RO         5997    i.usmart_pow        usmart_str.o
    0x0800d43c   0x0800d43c   0x00000028   Code   RO         5858    i.usmart_reset_runtime  usmart.o
    0x0800d464   0x0800d464   0x000000a4   Code   RO         5859    i.usmart_scan       usmart.o
    0x0800d508   0x0800d508   0x00000010   Code   RO         5998    i.usmart_search_nextc  usmart_str.o
    0x0800d518   0x0800d518   0x000000a0   Code   RO         5999    i.usmart_str2num    usmart_str.o
    0x0800d5b8   0x0800d5b8   0x00000018   Code   RO         6000    i.usmart_strcmp     usmart_str.o
    0x0800d5d0   0x0800d5d0   0x00000012   Code   RO         6001    i.usmart_strcopy    usmart_str.o
    0x0800d5e2   0x0800d5e2   0x00000012   Code   RO         6002    i.usmart_strlen     usmart_str.o
    0x0800d5f4   0x0800d5f4   0x00000680   Code   RO         5860    i.usmart_sys_cmd_exe  usmart.o
    0x0800dc74   0x0800dc74   0x00000032   Code   RO         6138    i.validate          ff.o
    0x0800dca6   0x0800dca6   0x00000004   Code   RO         5861    i.write_addr        usmart.o
    0x0800dcaa   0x0800dcaa   0x00000034   Code   RO         6139    i.xdir_sum          ff.o
    0x0800dcde   0x0800dcde   0x0000003c   Code   RO         6140    i.xname_sum         ff.o
    0x0800dd1a   0x0800dd1a   0x00000002   PAD
    0x0800dd1c   0x0800dd1c   0x0000005a   Code   RO         6925    x$fpl$dfixu         fz_wm.l(dfixu.o)
    0x0800dd76   0x0800dd76   0x00000026   Code   RO         6929    x$fpl$dfltu         fz_wm.l(dflt_clz.o)
    0x0800dd9c   0x0800dd9c   0x00000154   Code   RO         6935    x$fpl$dmul          fz_wm.l(dmul.o)
    0x0800def0   0x0800def0   0x0000009c   Code   RO         6954    x$fpl$dnaninf       fz_wm.l(dnaninf.o)
    0x0800df8c   0x0800df8c   0x0000000c   Code   RO         6956    x$fpl$dretinf       fz_wm.l(dretinf.o)
    0x0800df98   0x0800df98   0x0000000a   Code   RO         7067    x$fpl$fpinit        fz_wm.l(fpinit.o)
    0x0800dfa2   0x0800dfa2   0x00000000   Code   RO         6958    x$fpl$usenofp       fz_wm.l(usenofp.o)
    0x0800dfa2   0x0800dfa2   0x00000010   Data   RO         1338    .constdata          stm32f4xx_hal_rcc.o
    0x0800dfb2   0x0800dfb2   0x00004740   Data   RO         4641    .constdata          lcd.o
    0x080126f2   0x080126f2   0x00000002   PAD
    0x080126f4   0x080126f4   0x00000024   Data   RO         5783    .constdata          malloc.o
    0x08012718   0x08012718   0x0000004a   Data   RO         6142    .constdata          ff.o
    0x08012762   0x08012762   0x0002abb6   Data   RO         6483    .constdata          cc936.o
    0x0803d318   0x0803d318   0x00000028   Data   RO         6861    .constdata          c_w.l(_printf_hex_int.o)
    0x0803d340   0x0803d340   0x00000011   Data   RO         6896    .constdata          c_w.l(__printf_flags_ss_wp.o)
    0x0803d351   0x0803d351   0x00000003   PAD
    0x0803d354   0x0803d354   0x00000028   Data   RO         5863    .conststring        usmart.o
    0x0803d37c   0x0803d37c   0x00000415   Data   RO         5947    .conststring        usmart_config.o
    0x0803d791   0x0803d791   0x00000003   PAD
    0x0803d794   0x0803d794   0x00000020   Data   RO         7123    Region$$Table       anon$$obj.o


    Execution Region RW_IRAM1 (Exec base: 0x20000000, Load base: 0x0803d7b4, Size: 0x0002d080, Max: 0x00030000, ABSOLUTE, COMPRESSED[0x00000164])

    Exec Addr    Load Addr    Size         Type   Attr      Idx    E Section Name        Object

    0x20000000   COMPRESSED   0x00000026   Data   RW           13    .data               main.o
    0x20000026   COMPRESSED   0x00000002   PAD
    0x20000028   COMPRESSED   0x00000014   Data   RW          644    .data               system_stm32f4xx.o
    0x2000003c   COMPRESSED   0x00000004   Data   RW          808    .data               stm32f4xx_hal.o
    0x20000040   COMPRESSED   0x00000004   Data   RW         4417    .data               delay.o
    0x20000044   COMPRESSED   0x00000002   Data   RW         4492    .data               usart.o
    0x20000046   COMPRESSED   0x00000002   PAD
    0x20000048   COMPRESSED   0x00000004   Data   RW         4493    .data               usart.o
    0x2000004c   COMPRESSED   0x00000008   Data   RW         4642    .data               lcd.o
    0x20000054   COMPRESSED   0x00000008   Data   RW         4909    .data               ltdc.o
    0x2000005c   COMPRESSED   0x00000002   Data   RW         5129    .data               w25qxx.o
    0x2000005e   COMPRESSED   0x00000002   PAD
    0x20000060   COMPRESSED   0x00000004   Data   RW         5244    .data               ftl.o
    0x20000064   COMPRESSED   0x00000004   Data   RW         5578    .data               nand.o
    0x20000068   COMPRESSED   0x00000024   Data   RW         5784    .data               malloc.o
    0x2000008c   COMPRESSED   0x0000001c   Data   RW         5864    .data               usmart.o
    0x200000a8   COMPRESSED   0x00000120   Data   RW         5948    .data               usmart_config.o
    0x200001c8   COMPRESSED   0x000000f4   Data   RW         5949    .data               usmart_config.o
    0x200002bc   COMPRESSED   0x00000002   Data   RW         6143    .data               ff.o
    0x200002be   COMPRESSED   0x00000002   PAD
    0x200002c0   COMPRESSED   0x0000000c   Data   RW         6599    .data               exfuns.o
    0x200002cc   COMPRESSED   0x00000004   Data   RW         6600    .data               exfuns.o
    0x200002d0   COMPRESSED   0x00000004   Data   RW         6601    .data               exfuns.o
    0x200002d4   COMPRESSED   0x00000004   PAD
    0x200002d8        -       0x00000770   Zero   RW           11    .bss                main.o
    0x20000a48        -       0x00000108   Zero   RW         4491    .bss                usart.o
    0x20000b50        -       0x0000005e   Zero   RW         4640    .bss                lcd.o
    0x20000bae   COMPRESSED   0x00000002   PAD
    0x20000bb0        -       0x00000034   Zero   RW         4837    .bss                sdram.o
    0x20000be4        -       0x000000c8   Zero   RW         4907    .bss                ltdc.o
    0x20000cac   COMPRESSED   0x00000004   PAD
    0x20000cb0        -       0x000002b8   Zero   RW         5014    .bss                sdio_sdcard.o
    0x20000f68        -       0x00000058   Zero   RW         5069    .bss                spi.o
    0x20000fc0        -       0x00001000   Zero   RW         5128    .bss                w25qxx.o
    0x20001fc0        -       0x00000094   Zero   RW         5577    .bss                nand.o
    0x20002054   COMPRESSED   0x0000000c   PAD
    0x20002060        -       0x00028000   Zero   RW         5781    .bss                malloc.o
    0x2002a060        -       0x00002800   Zero   RW         5782    .bss                malloc.o
    0x2002c860        -       0x0000003c   Zero   RW         5862    .bss                usmart.o
    0x2002c89c        -       0x0000000c   Zero   RW         6141    .bss                ff.o
    0x2002c8a8        -       0x0000000c   Zero   RW         6594    .bss                exfuns.o
    0x2002c8b4   COMPRESSED   0x00000004   PAD
    0x2002c8b8        -       0x00000120   Zero   RW         6595    .bss                exfuns.o
    0x2002c9d8        -       0x00000048   Zero   RW         6596    .bss                exfuns.o
    0x2002ca20        -       0x00000060   Zero   RW         6999    .bss                c_w.l(libspace.o)
    0x2002ca80        -       0x00000200   Zero   RW          776    HEAP                startup_stm32f429xx.o
    0x2002cc80        -       0x00000400   Zero   RW          775    STACK               startup_stm32f429xx.o



  Load Region LR$$.ARM.__AT_0x10000000 (Base: 0x10000000, Size: 0x00000000, Max: 0x0000f000, ABSOLUTE)

    Execution Region ER$$.ARM.__AT_0x10000000 (Exec base: 0x10000000, Load base: 0x10000000, Size: 0x0000f000, Max: 0x0000f000, ABSOLUTE, UNINIT)

    Exec Addr    Load Addr    Size         Type   Attr      Idx    E Section Name        Object

    0x10000000        -       0x0000f000   Zero   RW         5777    .ARM.__AT_0x10000000  malloc.o



  Load Region LR$$.ARM.__AT_0x1000F000 (Base: 0x1000f000, Size: 0x00000000, Max: 0x00000f00, ABSOLUTE)

    Execution Region ER$$.ARM.__AT_0x1000F000 (Exec base: 0x1000f000, Load base: 0x1000f000, Size: 0x00000f00, Max: 0x00000f00, ABSOLUTE, UNINIT)

    Exec Addr    Load Addr    Size         Type   Attr      Idx    E Section Name        Object

    0x1000f000        -       0x00000f00   Zero   RW         5778    .ARM.__AT_0x1000F000  malloc.o



  Load Region LR$$.ARM.__AT_0xC0000000 (Base: 0xc0000000, Size: 0x00000000, Max: 0x001f4000, ABSOLUTE)

    Execution Region ER$$.ARM.__AT_0xC0000000 (Exec base: 0xc0000000, Load base: 0xc0000000, Size: 0x001f4000, Max: 0x001f4000, ABSOLUTE, UNINIT)

    Exec Addr    Load Addr    Size         Type   Attr      Idx    E Section Name        Object

    0xc0000000        -       0x001f4000   Zero   RW         4906    .ARM.__AT_0xC0000000  ltdc.o



  Load Region LR$$.ARM.__AT_0xC01F4000 (Base: 0xc01f4000, Size: 0x00000000, Max: 0x01c3c000, ABSOLUTE)

    Execution Region ER$$.ARM.__AT_0xC01F4000 (Exec base: 0xc01f4000, Load base: 0xc01f4000, Size: 0x01c3c000, Max: 0x01c3c000, ABSOLUTE, UNINIT)

    Exec Addr    Load Addr    Size         Type   Attr      Idx    E Section Name        Object

    0xc01f4000        -       0x01c3c000   Zero   RW         5779    .ARM.__AT_0xC01F4000  malloc.o



  Load Region LR$$.ARM.__AT_0xC1E30000 (Base: 0xc1e30000, Size: 0x00000000, Max: 0x001c3c00, ABSOLUTE)

    Execution Region ER$$.ARM.__AT_0xC1E30000 (Exec base: 0xc1e30000, Load base: 0xc1e30000, Size: 0x001c3c00, Max: 0x001c3c00, ABSOLUTE, UNINIT)

    Exec Addr    Load Addr    Size         Type   Attr      Idx    E Section Name        Object

    0xc1e30000        -       0x001c3c00   Zero   RW         5780    .ARM.__AT_0xC1E30000  malloc.o


==============================================================================

Image component sizes


      Code (inc. data)   RO Data    RW Data    ZI Data      Debug   Object Name

       204         26     175030          0          0       3131   cc936.o
        98          8          0          4          0       4607   delay.o
       418         10          0          0          0       6479   diskio.o
       146          8          0         20        372       5053   exfuns.o
      1632        832          0          0          0      14502   fattester.o
     13506        166         74          2         12      75922   ff.o
      1904        296          0          4          0     306803   ftl.o
       128         18          0          0          0       1071   key.o
     11206        188      18240          8         94      21890   lcd.o
        76          8          0          0          0        955   led.o
      1418        118          0          8    2048200      10036   ltdc.o
      1626        602          0         38       1904      15323   main.o
       396         42         36         36   31695616       7025   malloc.o
      2748        328          0          4        148      18804   nand.o
       440         32          0          0        696       4339   sdio_sdcard.o
       448         46          0          0         52       3686   sdram.o
       248         28          0          0         88       3130   spi.o
        64         26        428          0       1536        856   startup_stm32f429xx.o
       144         16          0          4          0       5088   stm32f4xx_hal.o
       218         14          0          0          0      31221   stm32f4xx_hal_cortex.o
       496         54          0          0          0       3499   stm32f4xx_hal_gpio.o
       856          4          0          0          0       5029   stm32f4xx_hal_ltdc.o
        98          0          0          0          0       1340   stm32f4xx_hal_nand.o
       136         14          0          0          0       1396   stm32f4xx_hal_pwr_ex.o
      1572         72         16          0          0       6723   stm32f4xx_hal_rcc.o
       680         36          0          0          0       1768   stm32f4xx_hal_rcc_ex.o
      3732         20          0          0          0      21748   stm32f4xx_hal_sd.o
       146          0          0          0          0       2912   stm32f4xx_hal_sdram.o
       972          0          0          0          0       3953   stm32f4xx_hal_spi.o
        86          0          0          0          0       1308   stm32f4xx_hal_sram.o
       272         44          0          0          0       4200   stm32f4xx_hal_tim.o
      1332          8          0          0          0       9174   stm32f4xx_hal_uart.o
        20          0          0          0          0     455010   stm32f4xx_it.o
       736         26          0          0          0       8749   stm32f4xx_ll_fmc.o
       158          4          0          0          0       6557   stm32f4xx_ll_sdmmc.o
       148         10          0          0          0       1751   sys.o
        84         18          0         20          0       1181   system_stm32f4xx.o
       314         36          0          6        264       5131   usart.o
      2856       1354         40         28         60       8587   usmart.o
         0          0       1045        532          0       2108   usmart_config.o
      1058         20          0          0          0       9931   usmart_str.o
       856         70          0          2       4096       8761   w25qxx.o

    ----------------------------------------------------------------------
     53726       4602     194946        724   33753164    1110737   Object Totals
         0          0         32          0          0          0   (incl. Generated)
        50          0          5          8         26          0   (incl. Padding)

    ----------------------------------------------------------------------

      Code (inc. data)   RO Data    RW Data    ZI Data      Debug   Library Member Name

        90          0          0          0          0          0   __dczerorl2.o
         8          0          0          0          0         68   __main.o
       392          4         17          0          0         92   __printf_flags_ss_wp.o
        14          0          0          0          0         68   __printf_wp.o
         0          0          0          0          0          0   __rtentry.o
        12          0          0          0          0          0   __rtentry2.o
         6          0          0          0          0          0   __rtentry4.o
        52          8          0          0          0          0   __scatter.o
        28          0          0          0          0          0   __scatter_zi.o
         6          0          0          0          0          0   _printf_c.o
        44          0          0          0          0        108   _printf_char.o
        48          6          0          0          0         96   _printf_char_common.o
        36          4          0          0          0         80   _printf_char_file.o
         6          0          0          0          0          0   _printf_d.o
       120         16          0          0          0         92   _printf_dec.o
        88          4         40          0          0         88   _printf_hex_int.o
       178          0          0          0          0         88   _printf_intcommon.o
        10          0          0          0          0          0   _printf_ll.o
         6          0          0          0          0          0   _printf_lld.o
       124         16          0          0          0         92   _printf_longlong_dec.o
        78          0          0          0          0        108   _printf_pad.o
         0          0          0          0          0          0   _printf_percent.o
         4          0          0          0          0          0   _printf_percent_end.o
         6          0          0          0          0          0   _printf_s.o
        82          0          0          0          0         80   _printf_str.o
         6          0          0          0          0          0   _printf_u.o
         6          0          0          0          0          0   _printf_x.o
        18          0          0          0          0         80   exit.o
         8          0          0          0          0         68   ferror.o
         6          0          0          0          0        152   heapauxi.o
         2          0          0          0          0          0   libinit.o
         6          0          0          0          0          0   libinit2.o
         2          0          0          0          0          0   libshutdown.o
         2          0          0          0          0          0   libshutdown2.o
         8          4          0          0         96         68   libspace.o
       138          0          0          0          0         80   lludiv10.o
       238          0          0          0          0        100   lludivv7m.o
        24          4          0          0          0         84   noretval__2printf.o
        68          0          0          0          0         68   rt_memclr.o
        78          0          0          0          0         80   rt_memclr_w.o
       138          0          0          0          0         68   rt_memcpy_v6.o
       100          0          0          0          0         80   rt_memcpy_w.o
         2          0          0          0          0          0   rtexit.o
        10          0          0          0          0          0   rtexit2.o
        72          0          0          0          0         80   strcpy.o
        74          0          0          0          0         80   sys_stackheap_outer.o
         2          0          0          0          0         68   use_no_semi.o
         2          0          0          0          0         68   use_no_semi_2.o
        90          4          0          0          0        140   dfixu.o
        38          0          0          0          0        116   dflt_clz.o
       340         12          0          0          0        152   dmul.o
       156          4          0          0          0        140   dnaninf.o
        12          0          0          0          0        116   dretinf.o
        10          0          0          0          0        116   fpinit.o
         0          0          0          0          0          0   usenofp.o

    ----------------------------------------------------------------------
      3096         86         60          0         96       3064   Library Totals
         2          0          3          0          0          0   (incl. Padding)

    ----------------------------------------------------------------------

      Code (inc. data)   RO Data    RW Data    ZI Data      Debug   Library Name

      2448         66         57          0         96       2284   c_w.l
       646         20          0          0          0        780   fz_wm.l

    ----------------------------------------------------------------------
      3096         86         60          0         96       3064   Library Totals

    ----------------------------------------------------------------------

==============================================================================


      Code (inc. data)   RO Data    RW Data    ZI Data      Debug   

     56822       4688     195006        724   33753260    1080205   Grand Totals
     56822       4688     195006        356   33753260    1080205   ELF Image Totals (compressed)
     56822       4688     195006        356          0          0   ROM Totals

==============================================================================

    Total RO  Size (Code + RO Data)               251828 ( 245.93kB)
    Total RW  Size (RW Data + ZI Data)          33753984 (32962.88kB)
    Total ROM Size (Code + RO Data + RW Data)     252184 ( 246.27kB)

==============================================================================

