<html>
<body>
<pre>
<h1>µVision Build Log</h1>
<h2>Tool Versions:</h2>
IDE-Version: ¦ÌVision V5.33.0.0
Copyright (C) 2020 ARM Ltd and ARM Germany GmbH. All rights reserved.
License Information: 1 1010186930@qq.com, 1, LIC=MPPLD-8E560-X7KRZ-JMAZ4-F38T7-06MRV
 
Tool Versions:
Toolchain:       MDK-ARM Plus  Version: 5.33.0.0
Toolchain Path:  D:\Keil5\ARM\ARMCC\Bin
C Compiler:      Armcc.exe V5.06 update 7 (build 960)
Assembler:       Armasm.exe V5.06 update 7 (build 960)
Linker/Locator:  ArmLink.exe V5.06 update 7 (build 960)
Library Manager: ArmAr.exe V5.06 update 7 (build 960)
Hex Converter:   FromElf.exe V5.06 update 7 (build 960)
CPU DLL:         SARMCM3.DLL V5.33.0.0
Dialog DLL:      DCM.DLL V1.17.3.0
Target DLL:      STLink\ST-LINKIII-KEIL_SWO.dll V3.0.8.0
Dialog DLL:      TCM.DLL V1.48.0.0
 
<h2>Project:</h2>
C:\Users\10101\Desktop\Stm32F4prj\characterdisplay\USER\HZ.uvprojx
Project File Date:  08/09/2021

<h2>Output:</h2>
*** Using Compiler 'V5.06 update 7 (build 960)', folder: 'D:\Keil5\ARM\ARMCC\Bin'
Build target 'HZ'
compiling main.c...
main.c(30): warning:  #177-D: variable "high"  was declared but never referenced
  	u8 high;
main.c(31): warning:  #177-D: variable "low"  was declared but never referenced
  	u8 low;
main.c(32): warning:  #177-D: variable "fontcnt"  was declared but never referenced
  	u32 fontcnt;		  
main.c(33): warning:  #177-D: variable "i"  was declared but never referenced
  	u8 i,j;
main.c(33): warning:  #177-D: variable "j"  was declared but never referenced
  	u8 i,j;
main.c(34): warning:  #177-D: variable "fontx"  was declared but never referenced
  	u8 fontx[2];                    //gbkÂë
main.c: 6 warnings, 0 errors
linking...
Program Size: Code=45364 RO-data=13856 RW-data=116 ZI-data=33750948  
FromELF: creating hex file...
"..\OBJ\HZ.axf" - 0 Error(s), 6 Warning(s).

<h2>Software Packages used:</h2>

Package Vendor: Keil
                http://www.keil.com/pack/Keil.STM32F4xx_DFP.2.15.0.pack
                Keil.STM32F4xx_DFP.2.15.0
                STMicroelectronics STM32F4 Series Device Support, Drivers and Examples

<h2>Collection of Component include folders:</h2>
  D:\Keil5\Keil\STM32F4xx_DFP\2.15.0\Drivers\CMSIS\Device\ST\STM32F4xx\Include

<h2>Collection of Component Files used:</h2>
Build Time Elapsed:  00:00:02
</pre>
</body>
</html>
