<html>
<body>
<pre>
<h1>礦ision Build Log</h1>
<h2>Tool Versions:</h2>
IDE-Version: μVision V5.28.0.0
Copyright (C) 2019 ARM Ltd and ARM Germany GmbH. All rights reserved.
License Information: 1 1010186930@qq.com, 1, LIC=HN0AR-KQU0Z-01ZP1-C0PKJ-R97M1-TKGP6
 
Tool Versions:
Toolchain:       MDK-ARM Plus  Version: 5.28.0.0
Toolchain Path:  D:\Keil5\ARM\ARMCC\Bin
C Compiler:      Armcc.exe V5.06 update 6 (build 750)
Assembler:       Armasm.exe V5.06 update 6 (build 750)
Linker/Locator:  ArmLink.exe V5.06 update 6 (build 750)
Library Manager: ArmAr.exe V5.06 update 6 (build 750)
Hex Converter:   FromElf.exe V5.06 update 6 (build 750)
CPU DLL:         SARMCM3.DLL V5.28.0.0
Dialog DLL:      DARMSTM.DLL V1.68.0.0
Target DLL:      STLink\ST-LINKIII-KEIL_SWO.dll V3.0.6.0
Dialog DLL:      TARMSTM.DLL V1.66.0.0
 
<h2>Project:</h2>
C:\Users\10101\Desktop\ASCII码翻译为盲文（无错误切分盲文机版本）\USER\HTB.uvprojx
Project File Date:  05/27/2020

<h2>Output:</h2>
*** Using Compiler 'V5.06 update 6 (build 750)', folder: 'D:\Keil5\ARM\ARMCC\Bin'
Build target 'HTB'
compiling timer.c...
compiling key.c...
compiling main.c...
..\HARDWARE\ASCIItoBraille\ASCIItoBraille.h(71): warning:  #1-D: last line of file ends without a newline
  #endif
main.c(27): warning:  #1295-D: Deprecated declaration GetLastTwentyBits - give arg types
  int GetLastTwentyBits();
main.c(28): warning:  #1295-D: Deprecated declaration LastPage - give arg types
  void LastPage();
main.c(29): warning:  #1295-D: Deprecated declaration NextPage - give arg types
  void NextPage();
main.c(30): warning:  #1295-D: Deprecated declaration GetNextTwentyBits - give arg types
  int GetNextTwentyBits();
main.c(40): warning:  #1295-D: Deprecated declaration display_Bookmark - give arg types
  int display_Bookmark();//遍历出所有的.c文件并且按照书签1~10的顺序排序
main.c(55): warning:  #1295-D: Deprecated declaration k2_event - give arg types
  u8 k2_event();
main.c(73): warning:  #1295-D: Deprecated declaration play - give arg types
  void play();
main.c(74): warning:  #1295-D: Deprecated declaration reco - give arg types
  void reco();
main.c(222): warning:  #223-D: function "dis" declared implicitly
  			dis(0);
main.c(227): warning:  #111-D: statement is unreachable
  	return 0;
main.c(90): warning:  #177-D: variable "res1"  was declared but never referenced
  	FRESULT res1;
main.c(92): warning:  #177-D: variable "menu"  was declared but never referenced
  	u8 menu=0;
main.c(443): warning:  #177-D: variable "red"  was declared but never referenced
  	u8 red=0;
main.c(599): warning:  #167-D: argument of type "u8 *" is incompatible with parameter of type "char *restrict"
  			strcpy(path_c,"书签10 ");
main.c(609): warning:  #186-D: pointless comparison of unsigned integer with zero
  		else if(cnt2>=0&&cnt2<=MAXBK-1)
main.c(614): warning:  #167-D: argument of type "u8 *" is incompatible with parameter of type "char *restrict"
  			strcat(path_c, bk);
main.c(618): warning:  #42-D: operand types are incompatible ("char *" and "u8 *")
  		strcpy((char*)bkname,q?q+1:pathp);//把数字和'/'去了
main.c(620): warning:  #167-D: argument of type "u8 *" is incompatible with parameter of type "char *restrict"
  		strcat(path_c,bkname);
main.c(620): warning:  #167-D: argument of type "u8 *" is incompatible with parameter of type "const char *restrict"
  		strcat(path_c,bkname);
main.c(621): warning:  #167-D: argument of type "u8 *" is incompatible with parameter of type "char *restrict"
  		strcat(path_c,ext);//把书签文件换成.c扩展名
main.c(631): warning:  #42-D: operand types are incompatible ("char *" and "u8 *")
  	strcpy(fnt,p?p+1:pathp);
main.c(631): warning:  #167-D: argument of type "u8 *" is incompatible with parameter of type "char *restrict"
  	strcpy(fnt,p?p+1:pathp);
main.c(637): warning:  #167-D: argument of type "u8 *" is incompatible with parameter of type "const char *"
  	if(!strcmp(fnt,pathp))
main.c(637): warning:  #167-D: argument of type "u8 *" is incompatible with parameter of type "const char *"
  	if(!strcmp(fnt,pathp))
main.c(660): warning:  #167-D: argument of type "u8 *" is incompatible with parameter of type "const char *"
  				if(!strcmp(fnt,fn))
main.c(660): warning:  #167-D: argument of type "u8 *" is incompatible with parameter of type "const char *"
  				if(!strcmp(fnt,fn))
main.c(568): warning:  #177-D: variable "cnt1"  was declared but never referenced
  	u32 cnt1;//创建书签的次数
main.c(571): warning:  #177-D: variable "index"  was declared but never referenced
  	int index;//要新建的书签编号
main.c(758): warning:  #550-D: variable "temp"  was set but never used
  	DWORD temp=f_tell(&fil1);
main.c(842): warning:  #177-D: variable "temp"  was declared but never referenced
  	DWORD temp=0;
main.c(951): warning:  #550-D: variable "res"  was set but never used
  	FRESULT res;
main.c(953): warning:  #177-D: variable "temp"  was declared but never referenced
  	DWORD temp=f_tell(&fil1);
main.c(1054): warning:  #550-D: variable "temp"  was set but never used
  	DWORD temp;
main.c(1121): warning:  #188-D: enumerated type mixed with another type
  				res=f_typetell(fn);	
main.c(1131): warning:  #167-D: argument of type "u8 *" is incompatible with parameter of type "char *restrict"
  								strcpy(nameReplaced,"0:/");
main.c(1132): warning:  #167-D: argument of type "u8 *" is incompatible with parameter of type "char *restrict"
  								strcat(nameReplaced,fn);
main.c(1132): warning:  #167-D: argument of type "u8 *" is incompatible with parameter of type "const char *restrict"
  								strcat(nameReplaced,fn);
main.c(1313): warning:  #167-D: argument of type "u8 *" is incompatible with parameter of type "char *restrict"
  		strcat(path_c,bk);
main.c(1323): warning:  #167-D: argument of type "u8 *" is incompatible with parameter of type "char *restrict"
  			strcat(path_c, bk);
main.c(1332): warning:  #167-D: argument of type "u8 *" is incompatible with parameter of type "char *restrict"
  			strcat(path_c, bk);
main.c(1336): warning:  #940-D: missing return statement at end of non-void function "path_Change" 
  }
main.c(1375): warning:  #188-D: enumerated type mixed with another type
  			res=f_typetell(fn);	
main.c(1379): warning:  #167-D: argument of type "u8 *" is incompatible with parameter of type "char *restrict"
  				strcpy((u8*)bookmarkname[line],processedname);
main.c(1433): warning:  #188-D: enumerated type mixed with another type
  	FRESULT res=0;
main.c(1434): warning:  #550-D: variable "dir"  was set but never used
  	DIR*dir=0;
main.c(1435): warning:  #177-D: variable "fn"  was declared but never referenced
  	u8*fn=0;
main.c(1561): warning:  #177-D: variable "per"  was declared but never referenced
  	char per[]="%";
main.c(1594): warning:  #177-D: variable "i"  was declared but never referenced
  	int i = 0, j = -1;
main.c(1691): warning:  #167-D: argument of type "u8 *" is incompatible with parameter of type "const char *restrict"
  							strcpy(oldname[i],fn);
main.c(1695): warning:  #167-D: argument of type "u8 *" is incompatible with parameter of type "const char *restrict"
  							strcpy(newname[i],fn);
main.c(1724): warning:  #1-D: last line of file ends without a newline
  	
main.c: 52 warnings, 0 errors
linking...
Program Size: Code=48164 RO-data=14312 RW-data=648 ZI-data=55820  
FromELF: creating hex file...
"..\OBJ\HZ.axf" - 0 Error(s), 52 Warning(s).

<h2>Software Packages used:</h2>

Package Vendor: Keil
                http://www.keil.com/pack/Keil.STM32F1xx_DFP.2.3.0.pack
                Keil.STM32F1xx_DFP.2.3.0
                STMicroelectronics STM32F1 Series Device Support, Drivers and Examples

<h2>Collection of Component include folders:</h2>
  .\RTE\_HTB
  D:\Keil5\Keil5Pack\Keil\STM32F1xx_DFP\2.3.0\Device\Include

<h2>Collection of Component Files used:</h2>
Build Time Elapsed:  00:00:02
</pre>
</body>
</html>
