Component: ARM Compiler 5.06 update 7 (build 960) Tool: armlink [4d3601]

==============================================================================

Section Cross References

    main.o(.text) refers to _printf_percent.o(.ARM.Collect$$_printf_percent$$00000000) for _printf_percent
    main.o(.text) refers to _printf_x.o(.ARM.Collect$$_printf_percent$$0000000C) for _printf_x
    main.o(.text) refers to _printf_hex_int.o(.text) for _printf_longlong_hex
    main.o(.text) refers to delay.o(.text) for delay_init
    main.o(.text) refers to misc.o(.text) for NVIC_PriorityGroupConfig
    main.o(.text) refers to usart.o(.text) for uart_init
    main.o(.text) refers to led.o(.text) for LED_Init
    main.o(.text) refers to key.o(.text) for KEY_Init
    main.o(.text) refers to lcd.o(.text) for LCD_Init
    main.o(.text) refers to w25qxx.o(.text) for W25QXX_Init
    main.o(.text) refers to timer.o(.text) for TIM3_Int_Init
    main.o(.text) refers to malloc.o(.text) for my_mem_init
    main.o(.text) refers to exfuns.o(.text) for exfuns_init
    main.o(.text) refers to ff.o(.text) for f_mount
    main.o(.text) refers to sdio_sdcard.o(.text) for SD_Init
    main.o(.text) refers to fontupd.o(.text) for update_font
    main.o(.text) refers to text.o(.text) for Show_GBKStr
    main.o(.text) refers to noretval__2sprintf.o(.text) for __2sprintf
    main.o(.text) refers to usmart_config.o(.data) for usmart_dev
    main.o(.text) refers to exfuns.o(.data) for fs
    main.o(.text) refers to lcd.o(.data) for POINT_COLOR
    system_stm32f10x.o(.text) refers to system_stm32f10x.o(.data) for SystemCoreClock
    led.o(.text) refers to stm32f10x_rcc.o(.text) for RCC_APB2PeriphClockCmd
    led.o(.text) refers to stm32f10x_gpio.o(.text) for GPIO_Init
    key.o(.text) refers to stm32f10x_rcc.o(.text) for RCC_APB2PeriphClockCmd
    key.o(.text) refers to stm32f10x_gpio.o(.text) for GPIO_Init
    key.o(.text) refers to delay.o(.text) for delay_ms
    key.o(.text) refers to key.o(.data) for key_up
    lcd.o(.text) refers to _printf_percent.o(.ARM.Collect$$_printf_percent$$00000000) for _printf_percent
    lcd.o(.text) refers to _printf_x.o(.ARM.Collect$$_printf_percent$$0000000C) for _printf_x
    lcd.o(.text) refers to _printf_hex_int.o(.text) for _printf_longlong_hex
    lcd.o(.text) refers to delay.o(.text) for delay_us
    lcd.o(.text) refers to lcd.o(.bss) for lcddev
    lcd.o(.text) refers to lcd.o(.data) for POINT_COLOR
    lcd.o(.text) refers to dflt_clz.o(x$fpl$dfltu) for __aeabi_ui2d
    lcd.o(.text) refers to dmul.o(x$fpl$dmul) for __aeabi_dmul
    lcd.o(.text) refers to dfixu.o(x$fpl$dfixu) for __aeabi_d2uiz
    lcd.o(.text) refers to stm32f10x_rcc.o(.text) for RCC_AHBPeriphClockCmd
    lcd.o(.text) refers to stm32f10x_gpio.o(.text) for GPIO_Init
    lcd.o(.text) refers to stm32f10x_fsmc.o(.text) for FSMC_NORSRAMInit
    lcd.o(.text) refers to noretval__2printf.o(.text) for __2printf
    lcd.o(.text) refers to lcd.o(.constdata) for asc2_3216
    spi.o(.text) refers to stm32f10x_spi.o(.text) for SPI_I2S_GetFlagStatus
    spi.o(.text) refers to stm32f10x_rcc.o(.text) for RCC_APB2PeriphClockCmd
    spi.o(.text) refers to stm32f10x_gpio.o(.text) for GPIO_Init
    w25qxx.o(.text) refers to _printf_percent.o(.ARM.Collect$$_printf_percent$$00000000) for _printf_percent
    w25qxx.o(.text) refers to _printf_x.o(.ARM.Collect$$_printf_percent$$0000000C) for _printf_x
    w25qxx.o(.text) refers to _printf_hex_int.o(.text) for _printf_longlong_hex
    w25qxx.o(.text) refers to spi.o(.text) for SPI2_ReadWriteByte
    w25qxx.o(.text) refers to stm32f10x_rcc.o(.text) for RCC_APB2PeriphClockCmd
    w25qxx.o(.text) refers to stm32f10x_gpio.o(.text) for GPIO_Init
    w25qxx.o(.text) refers to noretval__2printf.o(.text) for __2printf
    w25qxx.o(.text) refers to delay.o(.text) for delay_us
    w25qxx.o(.text) refers to w25qxx.o(.data) for W25QXX_TYPE
    w25qxx.o(.text) refers to w25qxx.o(.bss) for W25QXX_BUFFER
    sdio_sdcard.o(.text) refers to stm32f10x_sdio.o(.text) for SDIO_GetFlagStatus
    sdio_sdcard.o(.text) refers to sdio_sdcard.o(.data) for DeviceMode
    sdio_sdcard.o(.text) refers to sdio_sdcard.o(.bss) for SDIO_CmdInitStructure
    sdio_sdcard.o(.text) refers to stm32f10x_rcc.o(.text) for RCC_APB2PeriphClockCmd
    sdio_sdcard.o(.text) refers to stm32f10x_gpio.o(.text) for GPIO_Init
    sdio_sdcard.o(.text) refers to misc.o(.text) for NVIC_Init
    sdio_sdcard.o(.text) refers to stm32f10x_dma.o(.text) for DMA_DeInit
    sdio_sdcard.o(.text) refers to sys.o(.text) for INTX_DISABLE
    sdio_sdcard.o(.text) refers to rt_memcpy_v6.o(.text) for __aeabi_memcpy
    timer.o(.text) refers to stm32f10x_rcc.o(.text) for RCC_APB1PeriphClockCmd
    timer.o(.text) refers to stm32f10x_tim.o(.text) for TIM_TimeBaseInit
    timer.o(.text) refers to misc.o(.text) for NVIC_Init
    delay.o(.text) refers to misc.o(.text) for SysTick_CLKSourceConfig
    delay.o(.text) refers to system_stm32f10x.o(.data) for SystemCoreClock
[...]
    __rt_lib_init_fp_trap_1                  0x08000209   Thumb Code     0  libinit2.o(.ARM.Collect$$libinit$$0000001F)
    __rt_lib_init_getenv_1                   0x08000209   Thumb Code     0  libinit2.o(.ARM.Collect$$libinit$$00000023)
    __rt_lib_init_heap_1                     0x08000209   Thumb Code     0  libinit2.o(.ARM.Collect$$libinit$$0000000A)
    __rt_lib_init_lc_collate_1               0x08000209   Thumb Code     0  libinit2.o(.ARM.Collect$$libinit$$00000011)
    __rt_lib_init_lc_ctype_1                 0x08000209   Thumb Code     0  libinit2.o(.ARM.Collect$$libinit$$00000013)
    __rt_lib_init_lc_monetary_1              0x08000209   Thumb Code     0  libinit2.o(.ARM.Collect$$libinit$$00000015)
    __rt_lib_init_lc_numeric_1               0x08000209   Thumb Code     0  libinit2.o(.ARM.Collect$$libinit$$00000017)
    __rt_lib_init_lc_time_1                  0x08000209   Thumb Code     0  libinit2.o(.ARM.Collect$$libinit$$00000019)
    __rt_lib_init_preinit_1                  0x08000209   Thumb Code     0  libinit2.o(.ARM.Collect$$libinit$$00000004)
    __rt_lib_init_rand_1                     0x08000209   Thumb Code     0  libinit2.o(.ARM.Collect$$libinit$$0000000E)
    __rt_lib_init_return                     0x08000209   Thumb Code     0  libinit2.o(.ARM.Collect$$libinit$$00000033)
    __rt_lib_init_signal_1                   0x08000209   Thumb Code     0  libinit2.o(.ARM.Collect$$libinit$$0000001D)
    __rt_lib_init_stdio_1                    0x08000209   Thumb Code     0  libinit2.o(.ARM.Collect$$libinit$$00000025)
    __rt_lib_init_user_alloc_1               0x08000209   Thumb Code     0  libinit2.o(.ARM.Collect$$libinit$$0000000C)
    __rt_lib_shutdown                        0x0800020b   Thumb Code     0  libshutdown.o(.ARM.Collect$$libshutdown$$00000000)
    __rt_lib_shutdown_cpp_1                  0x0800020d   Thumb Code     0  libshutdown2.o(.ARM.Collect$$libshutdown$$00000004)
    __rt_lib_shutdown_fini_1                 0x0800020d   Thumb Code     0  libshutdown2.o(.ARM.Collect$$libshutdown$$00000002)
    __rt_lib_shutdown_fp_trap_1              0x0800020d   Thumb Code     0  libshutdown2.o(.ARM.Collect$$libshutdown$$00000009)
    __rt_lib_shutdown_heap_1                 0x0800020d   Thumb Code     0  libshutdown2.o(.ARM.Collect$$libshutdown$$00000011)
    __rt_lib_shutdown_return                 0x0800020d   Thumb Code     0  libshutdown2.o(.ARM.Collect$$libshutdown$$00000012)
    __rt_lib_shutdown_signal_1               0x0800020d   Thumb Code     0  libshutdown2.o(.ARM.Collect$$libshutdown$$0000000C)
    __rt_lib_shutdown_stdio_1                0x0800020d   Thumb Code     0  libshutdown2.o(.ARM.Collect$$libshutdown$$00000006)
    __rt_lib_shutdown_user_alloc_1           0x0800020d   Thumb Code     0  libshutdown2.o(.ARM.Collect$$libshutdown$$0000000E)
    __rt_entry                               0x0800020f   Thumb Code     0  __rtentry.o(.ARM.Collect$$rtentry$$00000000)
    __rt_entry_presh_1                       0x0800020f   Thumb Code     0  __rtentry2.o(.ARM.Collect$$rtentry$$00000002)
    __rt_entry_sh                            0x0800020f   Thumb Code     0  __rtentry4.o(.ARM.Collect$$rtentry$$00000004)
    __rt_entry_li                            0x08000215   Thumb Code     0  __rtentry2.o(.ARM.Collect$$rtentry$$0000000A)
    __rt_entry_postsh_1                      0x08000215   Thumb Code     0  __rtentry2.o(.ARM.Collect$$rtentry$$00000009)
    __rt_entry_main                          0x08000219   Thumb Code     0  __rtentry2.o(.ARM.Collect$$rtentry$$0000000D)
    __rt_entry_postli_1                      0x08000219   Thumb Code     0  __rtentry2.o(.ARM.Collect$$rtentry$$0000000C)
    __rt_exit                                0x08000221   Thumb Code     0  rtexit.o(.ARM.Collect$$rtexit$$00000000)
    __rt_exit_ls                             0x08000223   Thumb Code     0  rtexit2.o(.ARM.Collect$$rtexit$$00000003)
    __rt_exit_prels_1                        0x08000223   Thumb Code     0  rtexit2.o(.ARM.Collect$$rtexit$$00000002)
    __rt_exit_exit                           0x08000227   Thumb Code     0  rtexit2.o(.ARM.Collect$$rtexit$$00000004)
    main                                     0x0800022d   Thumb Code   644  main.o(.text)
    NMI_Handler                              0x0800055d   Thumb Code     2  stm32f10x_it.o(.text)
    HardFault_Handler                        0x0800055f   Thumb Code     4  stm32f10x_it.o(.text)
    MemManage_Handler                        0x08000563   Thumb Code     4  stm32f10x_it.o(.text)
    BusFault_Handler                         0x08000567   Thumb Code     4  stm32f10x_it.o(.text)
    UsageFault_Handler                       0x0800056b   Thumb Code     4  stm32f10x_it.o(.text)
    SVC_Handler                              0x0800056f   Thumb Code     2  stm32f10x_it.o(.text)
    DebugMon_Handler                         0x08000571   Thumb Code     2  stm32f10x_it.o(.text)
    PendSV_Handler                           0x08000573   Thumb Code     2  stm32f10x_it.o(.text)
    SysTick_Handler                          0x08000575   Thumb Code     2  stm32f10x_it.o(.text)
    SystemInit                               0x08000657   Thumb Code    78  system_stm32f10x.o(.text)
    SystemCoreClockUpdate                    0x080006a5   Thumb Code   142  system_stm32f10x.o(.text)
    LED_Init                                 0x08000759   Thumb Code    68  led.o(.text)
    KEY_Init                                 0x080007a5   Thumb Code    52  key.o(.text)
    KEY_Scan                                 0x080007d9   Thumb Code   188  key.o(.text)
    LCD_WR_REG                               0x080008a1   Thumb Code     6  lcd.o(.text)
    LCD_WR_DATA                              0x080008a7   Thumb Code     8  lcd.o(.text)
    LCD_RD_DATA                              0x080008af   Thumb Code    16  lcd.o(.text)
    LCD_WriteReg                             0x080008bf   Thumb Code    10  lcd.o(.text)
    LCD_ReadReg                              0x080008c9   Thumb Code    22  lcd.o(.text)
    LCD_WriteRAM_Prepare                     0x080008df   Thumb Code    10  lcd.o(.text)
    LCD_WriteRAM                             0x080008e9   Thumb Code     8  lcd.o(.text)
    LCD_BGR2RGB                              0x080008f1   Thumb Code    26  lcd.o(.text)
    opt_delay                                0x0800090b   Thumb Code    14  lcd.o(.text)
    LCD_SetCursor                            0x08000919   Thumb Code   418  lcd.o(.text)
    LCD_ReadPoint                            0x08000abb   Thumb Code   360  lcd.o(.text)
    LCD_DisplayOn                            0x08000c23   Thumb Code   102  lcd.o(.text)
    LCD_DisplayOff                           0x08000c89   Thumb Code    90  lcd.o(.text)
    LCD_Scan_Dir                             0x08000ce3   Thumb Code   744  lcd.o(.text)
    LCD_DrawPoint                            0x08000fcb   Thumb Code    28  lcd.o(.text)
    LCD_Fast_DrawPoint                       0x08000fe7   Thumb Code   384  lcd.o(.text)
    LCD_SSD_BackLightSet                     0x08001167   Thumb Code    80  lcd.o(.text)
    LCD_Display_Dir                          0x080011b7   Thumb Code   444  lcd.o(.text)
    LCD_Set_Window                           0x08001373   Thumb Code   540  lcd.o(.text)
    LCD_Clear                                0x0800158f   Thumb Code   100  lcd.o(.text)
    LCD_Init                                 0x080015f3   Thumb Code 14190  lcd.o(.text)
    LCD_Fill                                 0x08004d61   Thumb Code   178  lcd.o(.text)
    LCD_Color_Fill                           0x08004e13   Thumb Code   106  lcd.o(.text)
    LCD_DrawLine                             0x08004e7d   Thumb Code   176  lcd.o(.text)
    LCD_DrawRectangle                        0x08004f2d   Thumb Code    60  lcd.o(.text)
    LCD_Draw_Circle                          0x08004f69   Thumb Code   152  lcd.o(.text)
    LCD_ShowChar                             0x08005001   Thumb Code   230  lcd.o(.text)
    LCD_Pow                                  0x080050e7   Thumb Code    22  lcd.o(.text)
    LCD_ShowNum                              0x080050fd   Thumb Code   148  lcd.o(.text)
    LCD_ShowxNum                             0x08005191   Thumb Code   212  lcd.o(.text)
    LCD_ShowString                           0x08005265   Thumb Code   102  lcd.o(.text)
    SPI2_ReadWriteByte                       0x080052cd   Thumb Code    78  spi.o(.text)
    SPI2_Init                                0x0800531b   Thumb Code   140  spi.o(.text)
    SPI2_SetSpeed                            0x080053a7   Thumb Code    36  spi.o(.text)
    W25QXX_ReadID                            0x080053d5   Thumb Code    64  w25qxx.o(.text)
    W25QXX_Init                              0x08005415   Thumb Code    74  w25qxx.o(.text)
    W25QXX_ReadSR                            0x0800545f   Thumb Code    36  w25qxx.o(.text)
    W25QXX_Write_SR                          0x08005483   Thumb Code    32  w25qxx.o(.text)
    W25QXX_Write_Enable                      0x080054a3   Thumb Code    24  w25qxx.o(.text)
    W25QXX_Write_Disable                     0x080054bb   Thumb Code    24  w25qxx.o(.text)
    W25QXX_Read                              0x080054d3   Thumb Code    74  w25qxx.o(.text)
    W25QXX_Wait_Busy                         0x0800551d   Thumb Code    18  w25qxx.o(.text)
    W25QXX_Write_Page                        0x0800552f   Thumb Code    80  w25qxx.o(.text)
    W25QXX_Write_NoCheck                     0x0800557f   Thumb Code    70  w25qxx.o(.text)
    W25QXX_Erase_Sector                      0x080055c5   Thumb Code    70  w25qxx.o(.text)
    W25QXX_Write                             0x0800560b   Thumb Code   180  w25qxx.o(.text)
    W25QXX_Erase_Chip                        0x080056bf   Thumb Code    36  w25qxx.o(.text)
    W25QXX_PowerDown                         0x080056e3   Thumb Code    30  w25qxx.o(.text)
    W25QXX_WAKEUP                            0x08005701   Thumb Code    30  w25qxx.o(.text)
    SD_SetDeviceMode                         0x0800573d   Thumb Code    20  sdio_sdcard.o(.text)
    SDIO_Clock_Set                           0x08005751   Thumb Code    16  sdio_sdcard.o(.text)
    CmdResp1Error                            0x08005761   Thumb Code    90  sdio_sdcard.o(.text)
    FindSCR                                  0x080057bb   Thumb Code   386  sdio_sdcard.o(.text)
    SDEnWideBus                              0x0800593d   Thumb Code   158  sdio_sdcard.o(.text)
    SD_EnableWideBusOperation                0x080059db   Thumb Code    94  sdio_sdcard.o(.text)
    SD_SelectDeselect                        0x08005a39   Thumb Code    42  sdio_sdcard.o(.text)
    SD_GetCardInfo                           0x08005a63   Thumb Code   798  sdio_sdcard.o(.text)
    CmdResp2Error                            0x08005d81   Thumb Code    80  sdio_sdcard.o(.text)
    CmdResp6Error                            0x08005dd1   Thumb Code   140  sdio_sdcard.o(.text)
    SD_InitializeCards                       0x08005e5d   Thumb Code   342  sdio_sdcard.o(.text)
    CmdResp3Error                            0x08005fb3   Thumb Code    50  sdio_sdcard.o(.text)
    CmdResp7Error                            0x08005fe5   Thumb Code    70  sdio_sdcard.o(.text)
    CmdError                                 0x0800602b   Thumb Code    48  sdio_sdcard.o(.text)
    SD_PowerON                               0x0800605b   Thumb Code   450  sdio_sdcard.o(.text)
    SD_Init                                  0x0800621d   Thumb Code   238  sdio_sdcard.o(.text)
    SD_PowerOFF                              0x0800630b   Thumb Code    12  sdio_sdcard.o(.text)
    SD_DMA_Config                            0x08006317   Thumb Code   142  sdio_sdcard.o(.text)
    convert_from_bytes_to_power_of_two       0x080063a5   Thumb Code    18  sdio_sdcard.o(.text)
    SD_ReadBlock                             0x080063b7   Thumb Code   558  sdio_sdcard.o(.text)
    SD_ReadMultiBlocks                       0x080065e5   Thumb Code   744  sdio_sdcard.o(.text)
    IsCardProgramming                        0x080068cd   Thumb Code   142  sdio_sdcard.o(.text)
    SD_WriteBlock                            0x0800695b   Thumb Code   886  sdio_sdcard.o(.text)
    SD_WriteMultiBlocks                      0x08006cd1   Thumb Code   962  sdio_sdcard.o(.text)
    SD_ProcessIRQSrc                         0x08007093   Thumb Code   294  sdio_sdcard.o(.text)
    SDIO_IRQHandler                          0x080071b9   Thumb Code     8  sdio_sdcard.o(.text)
    SD_SendStatus                            0x080071c1   Thumb Code    72  sdio_sdcard.o(.text)
    SD_GetState                              0x08007209   Thumb Code    26  sdio_sdcard.o(.text)
    SD_ReadDisk                              0x08007223   Thumb Code   148  sdio_sdcard.o(.text)
    SD_WriteDisk                             0x080072b7   Thumb Code   148  sdio_sdcard.o(.text)
    TIM3_Int_Init                            0x08007369   Thumb Code    90  timer.o(.text)
    TIM3_IRQHandler                          0x080073c3   Thumb Code    38  timer.o(.text)
    BytesOneUTF_Required                     0x080073f1   Thumb Code    36  touni.o(.text)
    UTF8toUni                                0x08007415   Thumb Code   142  touni.o(.text)
    StringToUni                              0x080074a3   Thumb Code   142  touni.o(.text)
    UTF8_to_Unicode                          0x08007531   Thumb Code    52  touni.o(.text)
    delay_init                               0x08007565   Thumb Code    50  delay.o(.text)
    delay_us                                 0x08007597   Thumb Code    72  delay.o(.text)
    delay_ms                                 0x080075df   Thumb Code    72  delay.o(.text)
    WFI_SET                                  0x08007639   Thumb Code     4  sys.o(.text)
    INTX_DISABLE                             0x0800763d   Thumb Code     4  sys.o(.text)
    INTX_ENABLE                              0x08007641   Thumb Code     4  sys.o(.text)
    _sys_exit                                0x08007645   Thumb Code     6  usart.o(.text)
    fputc                                    0x0800764b   Thumb Code    24  usart.o(.text)
    uart_init                                0x08007663   Thumb Code   152  usart.o(.text)
    USART1_IRQHandler                        0x080076fb   Thumb Code   122  usart.o(.text)
    Reset_Handler                            0x08007785   Thumb Code     8  startup_stm32f10x_hd.o(.text)
    ADC1_2_IRQHandler                        0x0800779f   Thumb Code     0  startup_stm32f10x_hd.o(.text)
    ADC3_IRQHandler                          0x0800779f   Thumb Code     0  startup_stm32f10x_hd.o(.text)
    CAN1_RX1_IRQHandler                      0x0800779f   Thumb Code     0  startup_stm32f10x_hd.o(.text)
    CAN1_SCE_IRQHandler                      0x0800779f   Thumb Code     0  startup_stm32f10x_hd.o(.text)
    DMA1_Channel1_IRQHandler                 0x0800779f   Thumb Code     0  startup_stm32f10x_hd.o(.text)
    DMA1_Channel2_IRQHandler                 0x0800779f   Thumb Code     0  startup_stm32f10x_hd.o(.text)
    DMA1_Channel3_IRQHandler                 0x0800779f   Thumb Code     0  startup_stm32f10x_hd.o(.text)
    DMA1_Channel4_IRQHandler                 0x0800779f   Thumb Code     0  startup_stm32f10x_hd.o(.text)
    DMA1_Channel5_IRQHandler                 0x0800779f   Thumb Code     0  startup_stm32f10x_hd.o(.text)
    DMA1_Channel6_IRQHandler                 0x0800779f   Thumb Code     0  startup_stm32f10x_hd.o(.text)
    DMA1_Channel7_IRQHandler                 0x0800779f   Thumb Code     0  startup_stm32f10x_hd.o(.text)
    DMA2_Channel1_IRQHandler                 0x0800779f   Thumb Code     0  startup_stm32f10x_hd.o(.text)
    DMA2_Channel2_IRQHandler                 0x0800779f   Thumb Code     0  startup_stm32f10x_hd.o(.text)
    DMA2_Channel3_IRQHandler                 0x0800779f   Thumb Code     0  startup_stm32f10x_hd.o(.text)
    DMA2_Channel4_5_IRQHandler               0x0800779f   Thumb Code     0  startup_stm32f10x_hd.o(.text)
    EXTI0_IRQHandler                         0x0800779f   Thumb Code     0  startup_stm32f10x_hd.o(.text)
    EXTI15_10_IRQHandler                     0x0800779f   Thumb Code     0  startup_stm32f10x_hd.o(.text)
    EXTI1_IRQHandler                         0x0800779f   Thumb Code     0  startup_stm32f10x_hd.o(.text)
    EXTI2_IRQHandler                         0x0800779f   Thumb Code     0  startup_stm32f10x_hd.o(.text)
    EXTI3_IRQHandler                         0x0800779f   Thumb Code     0  startup_stm32f10x_hd.o(.text)
    EXTI4_IRQHandler                         0x0800779f   Thumb Code     0  startup_stm32f10x_hd.o(.text)
    EXTI9_5_IRQHandler                       0x0800779f   Thumb Code     0  startup_stm32f10x_hd.o(.text)
    FLASH_IRQHandler                         0x0800779f   Thumb Code     0  startup_stm32f10x_hd.o(.text)
    FSMC_IRQHandler                          0x0800779f   Thumb Code     0  startup_stm32f10x_hd.o(.text)
    I2C1_ER_IRQHandler                       0x0800779f   Thumb Code     0  startup_stm32f10x_hd.o(.text)
    I2C1_EV_IRQHandler                       0x0800779f   Thumb Code     0  startup_stm32f10x_hd.o(.text)
    I2C2_ER_IRQHandler                       0x0800779f   Thumb Code     0  startup_stm32f10x_hd.o(.text)
    I2C2_EV_IRQHandler                       0x0800779f   Thumb Code     0  startup_stm32f10x_hd.o(.text)
    PVD_IRQHandler                           0x0800779f   Thumb Code     0  startup_stm32f10x_hd.o(.text)
    RCC_IRQHandler                           0x0800779f   Thumb Code     0  startup_stm32f10x_hd.o(.text)
    RTCAlarm_IRQHandler                      0x0800779f   Thumb Code     0  startup_stm32f10x_hd.o(.text)
    RTC_IRQHandler                           0x0800779f   Thumb Code     0  startup_stm32f10x_hd.o(.text)
    SPI1_IRQHandler                          0x0800779f   Thumb Code     0  startup_stm32f10x_hd.o(.text)
    SPI2_IRQHandler                          0x0800779f   Thumb Code     0  startup_stm32f10x_hd.o(.text)
    SPI3_IRQHandler                          0x0800779f   Thumb Code     0  startup_stm32f10x_hd.o(.text)
    TAMPER_IRQHandler                        0x0800779f   Thumb Code     0  startup_stm32f10x_hd.o(.text)
    TIM1_BRK_IRQHandler                      0x0800779f   Thumb Code     0  startup_stm32f10x_hd.o(.text)
    TIM1_CC_IRQHandler                       0x0800779f   Thumb Code     0  startup_stm32f10x_hd.o(.text)
    TIM1_TRG_COM_IRQHandler                  0x0800779f   Thumb Code     0  startup_stm32f10x_hd.o(.text)
    TIM1_UP_IRQHandler                       0x0800779f   Thumb Code     0  startup_stm32f10x_hd.o(.text)
    TIM2_IRQHandler                          0x0800779f   Thumb Code     0  startup_stm32f10x_hd.o(.text)
    TIM5_IRQHandler                          0x0800779f   Thumb Code     0  startup_stm32f10x_hd.o(.text)
    TIM6_IRQHandler                          0x0800779f   Thumb Code     0  startup_stm32f10x_hd.o(.text)
    TIM7_IRQHandler                          0x0800779f   Thumb Code     0  startup_stm32f10x_hd.o(.text)
    TIM8_BRK_IRQHandler                      0x0800779f   Thumb Code     0  startup_stm32f10x_hd.o(.text)
    TIM8_CC_IRQHandler                       0x0800779f   Thumb Code     0  startup_stm32f10x_hd.o(.text)
    TIM8_TRG_COM_IRQHandler                  0x0800779f   Thumb Code     0  startup_stm32f10x_hd.o(.text)
    TIM8_UP_IRQHandler                       0x0800779f   Thumb Code     0  startup_stm32f10x_hd.o(.text)
    UART4_IRQHandler                         0x0800779f   Thumb Code     0  startup_stm32f10x_hd.o(.text)
    UART5_IRQHandler                         0x0800779f   Thumb Code     0  startup_stm32f10x_hd.o(.text)
    USART2_IRQHandler                        0x0800779f   Thumb Code     0  startup_stm32f10x_hd.o(.text)
    USART3_IRQHandler                        0x0800779f   Thumb Code     0  startup_stm32f10x_hd.o(.text)
    USBWakeUp_IRQHandler                     0x0800779f   Thumb Code     0  startup_stm32f10x_hd.o(.text)
    USB_HP_CAN1_TX_IRQHandler                0x0800779f   Thumb Code     0  startup_stm32f10x_hd.o(.text)
    USB_LP_CAN1_RX0_IRQHandler               0x0800779f   Thumb Code     0  startup_stm32f10x_hd.o(.text)
    WWDG_IRQHandler                          0x0800779f   Thumb Code     0  startup_stm32f10x_hd.o(.text)
    __user_initial_stackheap                 0x080077a1   Thumb Code     0  startup_stm32f10x_hd.o(.text)
    NVIC_PriorityGroupConfig                 0x080077c5   Thumb Code    10  misc.o(.text)
    NVIC_Init                                0x080077cf   Thumb Code   100  misc.o(.text)
    NVIC_SetVectorTable                      0x08007833   Thumb Code    14  misc.o(.text)
    NVIC_SystemLPConfig                      0x08007841   Thumb Code    34  misc.o(.text)
    SysTick_CLKSourceConfig                  0x08007863   Thumb Code    40  misc.o(.text)
    FSMC_NORSRAMDeInit                       0x080078a1   Thumb Code    54  stm32f10x_fsmc.o(.text)
    FSMC_NANDDeInit                          0x080078d7   Thumb Code    62  stm32f10x_fsmc.o(.text)
    FSMC_PCCARDDeInit                        0x08007915   Thumb Code    36  stm32f10x_fsmc.o(.text)
    FSMC_NORSRAMInit                         0x08007939   Thumb Code   230  stm32f10x_fsmc.o(.text)
    FSMC_NANDInit                            0x08007a1f   Thumb Code   132  stm32f10x_fsmc.o(.text)
    FSMC_PCCARDInit                          0x08007aa3   Thumb Code   130  stm32f10x_fsmc.o(.text)
    FSMC_NORSRAMStructInit                   0x08007b25   Thumb Code   114  stm32f10x_fsmc.o(.text)
    FSMC_NANDStructInit                      0x08007b97   Thumb Code    54  stm32f10x_fsmc.o(.text)
    FSMC_PCCARDStructInit                    0x08007bcd   Thumb Code    60  stm32f10x_fsmc.o(.text)
    FSMC_NORSRAMCmd                          0x08007c09   Thumb Code    46  stm32f10x_fsmc.o(.text)
    FSMC_NANDCmd                             0x08007c37   Thumb Code    86  stm32f10x_fsmc.o(.text)
    FSMC_PCCARDCmd                           0x08007c8d   Thumb Code    44  stm32f10x_fsmc.o(.text)
    FSMC_NANDECCCmd                          0x08007cb9   Thumb Code    90  stm32f10x_fsmc.o(.text)
    FSMC_GetECC                              0x08007d13   Thumb Code    24  stm32f10x_fsmc.o(.text)
    FSMC_ITConfig                            0x08007d2b   Thumb Code   128  stm32f10x_fsmc.o(.text)
    FSMC_GetFlagStatus                       0x08007dab   Thumb Code    54  stm32f10x_fsmc.o(.text)
    FSMC_ClearFlag                           0x08007de1   Thumb Code    62  stm32f10x_fsmc.o(.text)
    FSMC_GetITStatus                         0x08007e1f   Thumb Code    64  stm32f10x_fsmc.o(.text)
    FSMC_ClearITPendingBit                   0x08007e5f   Thumb Code    68  stm32f10x_fsmc.o(.text)
    GPIO_DeInit                              0x08007ead   Thumb Code   172  stm32f10x_gpio.o(.text)
    GPIO_AFIODeInit                          0x08007f59   Thumb Code    20  stm32f10x_gpio.o(.text)
    GPIO_Init                                0x08007f6d   Thumb Code   278  stm32f10x_gpio.o(.text)
    GPIO_StructInit                          0x08008083   Thumb Code    16  stm32f10x_gpio.o(.text)
    GPIO_ReadInputDataBit                    0x08008093   Thumb Code    18  stm32f10x_gpio.o(.text)
    GPIO_ReadInputData                       0x080080a5   Thumb Code     8  stm32f10x_gpio.o(.text)
    GPIO_ReadOutputDataBit                   0x080080ad   Thumb Code    18  stm32f10x_gpio.o(.text)
    GPIO_ReadOutputData                      0x080080bf   Thumb Code     8  stm32f10x_gpio.o(.text)
    GPIO_SetBits                             0x080080c7   Thumb Code     4  stm32f10x_gpio.o(.text)
    GPIO_ResetBits                           0x080080cb   Thumb Code     4  stm32f10x_gpio.o(.text)
    GPIO_WriteBit                            0x080080cf   Thumb Code    10  stm32f10x_gpio.o(.text)
    GPIO_Write                               0x080080d9   Thumb Code     4  stm32f10x_gpio.o(.text)
    GPIO_PinLockConfig                       0x080080dd   Thumb Code    18  stm32f10x_gpio.o(.text)
    GPIO_EventOutputConfig                   0x080080ef   Thumb Code    26  stm32f10x_gpio.o(.text)
    GPIO_EventOutputCmd                      0x08008109   Thumb Code     6  stm32f10x_gpio.o(.text)
    GPIO_PinRemapConfig                      0x0800810f   Thumb Code   138  stm32f10x_gpio.o(.text)
    GPIO_EXTILineConfig                      0x08008199   Thumb Code    66  stm32f10x_gpio.o(.text)
    GPIO_ETH_MediaInterfaceConfig            0x080081db   Thumb Code     8  stm32f10x_gpio.o(.text)
    RCC_DeInit                               0x08008209   Thumb Code    64  stm32f10x_rcc.o(.text)
    RCC_HSEConfig                            0x08008249   Thumb Code    70  stm32f10x_rcc.o(.text)
    RCC_GetFlagStatus                        0x0800828f   Thumb Code    56  stm32f10x_rcc.o(.text)
    RCC_WaitForHSEStartUp                    0x080082c7   Thumb Code    56  stm32f10x_rcc.o(.text)
    RCC_AdjustHSICalibrationValue            0x080082ff   Thumb Code    20  stm32f10x_rcc.o(.text)
    RCC_HSICmd                               0x08008313   Thumb Code     6  stm32f10x_rcc.o(.text)
    RCC_PLLConfig                            0x08008319   Thumb Code    24  stm32f10x_rcc.o(.text)
    RCC_PLLCmd                               0x08008331   Thumb Code     6  stm32f10x_rcc.o(.text)
    RCC_SYSCLKConfig                         0x08008337   Thumb Code    18  stm32f10x_rcc.o(.text)
    RCC_GetSYSCLKSource                      0x08008349   Thumb Code    10  stm32f10x_rcc.o(.text)
    RCC_HCLKConfig                           0x08008353   Thumb Code    18  stm32f10x_rcc.o(.text)
    RCC_PCLK1Config                          0x08008365   Thumb Code    18  stm32f10x_rcc.o(.text)
    RCC_PCLK2Config                          0x08008377   Thumb Code    20  stm32f10x_rcc.o(.text)
    RCC_ITConfig                             0x0800838b   Thumb Code    26  stm32f10x_rcc.o(.text)
    RCC_USBCLKConfig                         0x080083a5   Thumb Code     8  stm32f10x_rcc.o(.text)
    RCC_ADCCLKConfig                         0x080083ad   Thumb Code    18  stm32f10x_rcc.o(.text)
    RCC_LSEConfig                            0x080083bf   Thumb Code    50  stm32f10x_rcc.o(.text)
    RCC_LSICmd                               0x080083f1   Thumb Code     6  stm32f10x_rcc.o(.text)
    RCC_RTCCLKConfig                         0x080083f7   Thumb Code    12  stm32f10x_rcc.o(.text)
    RCC_RTCCLKCmd                            0x08008403   Thumb Code     8  stm32f10x_rcc.o(.text)
    RCC_GetClocksFreq                        0x0800840b   Thumb Code   192  stm32f10x_rcc.o(.text)
    RCC_AHBPeriphClockCmd                    0x080084cb   Thumb Code    26  stm32f10x_rcc.o(.text)
    RCC_APB2PeriphClockCmd                   0x080084e5   Thumb Code    26  stm32f10x_rcc.o(.text)
    RCC_APB1PeriphClockCmd                   0x080084ff   Thumb Code    26  stm32f10x_rcc.o(.text)
    RCC_APB2PeriphResetCmd                   0x08008519   Thumb Code    26  stm32f10x_rcc.o(.text)
    RCC_APB1PeriphResetCmd                   0x08008533   Thumb Code    26  stm32f10x_rcc.o(.text)
    RCC_BackupResetCmd                       0x0800854d   Thumb Code     8  stm32f10x_rcc.o(.text)
    RCC_ClockSecuritySystemCmd               0x08008555   Thumb Code     6  stm32f10x_rcc.o(.text)
    RCC_MCOConfig                            0x0800855b   Thumb Code     6  stm32f10x_rcc.o(.text)
    RCC_ClearFlag                            0x08008561   Thumb Code    14  stm32f10x_rcc.o(.text)
    RCC_GetITStatus                          0x0800856f   Thumb Code    20  stm32f10x_rcc.o(.text)
    RCC_ClearITPendingBit                    0x08008583   Thumb Code     6  stm32f10x_rcc.o(.text)
    SPI_I2S_DeInit                           0x080085ad   Thumb Code    76  stm32f10x_spi.o(.text)
    SPI_Init                                 0x080085f9   Thumb Code    60  stm32f10x_spi.o(.text)
    I2S_Init                                 0x08008635   Thumb Code   226  stm32f10x_spi.o(.text)
    SPI_StructInit                           0x08008717   Thumb Code    24  stm32f10x_spi.o(.text)
    I2S_StructInit                           0x0800872f   Thumb Code    20  stm32f10x_spi.o(.text)
    SPI_Cmd                                  0x08008743   Thumb Code    24  stm32f10x_spi.o(.text)
    I2S_Cmd                                  0x0800875b   Thumb Code    24  stm32f10x_spi.o(.text)
    SPI_I2S_ITConfig                         0x08008773   Thumb Code    32  stm32f10x_spi.o(.text)
    SPI_I2S_DMACmd                           0x08008793   Thumb Code    18  stm32f10x_spi.o(.text)
    SPI_I2S_SendData                         0x080087a5   Thumb Code     4  stm32f10x_spi.o(.text)
    SPI_I2S_ReceiveData                      0x080087a9   Thumb Code     6  stm32f10x_spi.o(.text)
    SPI_NSSInternalSoftwareConfig            0x080087af   Thumb Code    30  stm32f10x_spi.o(.text)
    SPI_SSOutputCmd                          0x080087cd   Thumb Code    24  stm32f10x_spi.o(.text)
    SPI_DataSizeConfig                       0x080087e5   Thumb Code    18  stm32f10x_spi.o(.text)
    SPI_TransmitCRC                          0x080087f7   Thumb Code    10  stm32f10x_spi.o(.text)
    SPI_CalculateCRC                         0x08008801   Thumb Code    24  stm32f10x_spi.o(.text)
    SPI_GetCRC                               0x08008819   Thumb Code    16  stm32f10x_spi.o(.text)
    SPI_GetCRCPolynomial                     0x08008829   Thumb Code     6  stm32f10x_spi.o(.text)
    SPI_BiDirectionalLineConfig              0x0800882f   Thumb Code    28  stm32f10x_spi.o(.text)
    SPI_I2S_GetFlagStatus                    0x0800884b   Thumb Code    18  stm32f10x_spi.o(.text)
    SPI_I2S_ClearFlag                        0x0800885d   Thumb Code     6  stm32f10x_spi.o(.text)
    SPI_I2S_GetITStatus                      0x08008863   Thumb Code    52  stm32f10x_spi.o(.text)
    SPI_I2S_ClearITPendingBit                0x08008897   Thumb Code    20  stm32f10x_spi.o(.text)
    USART_DeInit                             0x080088b9   Thumb Code   134  stm32f10x_usart.o(.text)
    USART_Init                               0x0800893f   Thumb Code   210  stm32f10x_usart.o(.text)
    USART_StructInit                         0x08008a11   Thumb Code    24  stm32f10x_usart.o(.text)
    USART_ClockInit                          0x08008a29   Thumb Code    34  stm32f10x_usart.o(.text)
    USART_ClockStructInit                    0x08008a4b   Thumb Code    12  stm32f10x_usart.o(.text)
    USART_Cmd                                0x08008a57   Thumb Code    24  stm32f10x_usart.o(.text)
    USART_ITConfig                           0x08008a6f   Thumb Code    74  stm32f10x_usart.o(.text)
    USART_DMACmd                             0x08008ab9   Thumb Code    18  stm32f10x_usart.o(.text)
    USART_SetAddress                         0x08008acb   Thumb Code    18  stm32f10x_usart.o(.text)
    USART_WakeUpConfig                       0x08008add   Thumb Code    18  stm32f10x_usart.o(.text)
    USART_ReceiverWakeUpCmd                  0x08008aef   Thumb Code    24  stm32f10x_usart.o(.text)
    USART_LINBreakDetectLengthConfig         0x08008b07   Thumb Code    18  stm32f10x_usart.o(.text)
    USART_LINCmd                             0x08008b19   Thumb Code    24  stm32f10x_usart.o(.text)
    USART_SendData                           0x08008b31   Thumb Code     8  stm32f10x_usart.o(.text)
    USART_ReceiveData                        0x08008b39   Thumb Code    10  stm32f10x_usart.o(.text)
    USART_SendBreak                          0x08008b43   Thumb Code    10  stm32f10x_usart.o(.text)
    USART_SetGuardTime                       0x08008b4d   Thumb Code    16  stm32f10x_usart.o(.text)
    USART_SetPrescaler                       0x08008b5d   Thumb Code    16  stm32f10x_usart.o(.text)
    USART_SmartCardCmd                       0x08008b6d   Thumb Code    24  stm32f10x_usart.o(.text)
    USART_SmartCardNACKCmd                   0x08008b85   Thumb Code    24  stm32f10x_usart.o(.text)
    USART_HalfDuplexCmd                      0x08008b9d   Thumb Code    24  stm32f10x_usart.o(.text)
    USART_OverSampling8Cmd                   0x08008bb5   Thumb Code    22  stm32f10x_usart.o(.text)
    USART_OneBitMethodCmd                    0x08008bcb   Thumb Code    24  stm32f10x_usart.o(.text)
    USART_IrDAConfig                         0x08008be3   Thumb Code    18  stm32f10x_usart.o(.text)
    USART_IrDACmd                            0x08008bf5   Thumb Code    24  stm32f10x_usart.o(.text)
    USART_GetFlagStatus                      0x08008c0d   Thumb Code    26  stm32f10x_usart.o(.text)
    USART_ClearFlag                          0x08008c27   Thumb Code    18  stm32f10x_usart.o(.text)
    USART_GetITStatus                        0x08008c39   Thumb Code    84  stm32f10x_usart.o(.text)
    USART_ClearITPendingBit                  0x08008c8d   Thumb Code    52  stm32f10x_usart.o(.text)
    TIM_DeInit                               0x08008cc1   Thumb Code   424  stm32f10x_tim.o(.text)
    TIM_TimeBaseInit                         0x08008e69   Thumb Code   122  stm32f10x_tim.o(.text)
    TIM_OC1Init                              0x08008ee3   Thumb Code   132  stm32f10x_tim.o(.text)
    TIM_OC2Init                              0x08008f67   Thumb Code   154  stm32f10x_tim.o(.text)
    TIM_OC3Init                              0x08009001   Thumb Code   150  stm32f10x_tim.o(.text)
    TIM_OC4Init                              0x08009097   Thumb Code   182  stm32f10x_tim.o(.text)
    TIM_SetIC4Prescaler                      0x0800914d   Thumb Code    26  stm32f10x_tim.o(.text)
    TIM_SetIC3Prescaler                      0x080091e9   Thumb Code    18  stm32f10x_tim.o(.text)
    TIM_SetIC2Prescaler                      0x08009275   Thumb Code    26  stm32f10x_tim.o(.text)
    TIM_SetIC1Prescaler                      0x08009311   Thumb Code    18  stm32f10x_tim.o(.text)
    TIM_ICInit                               0x0800938f   Thumb Code   150  stm32f10x_tim.o(.text)
    TIM_PWMIConfig                           0x08009425   Thumb Code   124  stm32f10x_tim.o(.text)
    TIM_BDTRConfig                           0x080094a1   Thumb Code    32  stm32f10x_tim.o(.text)
    TIM_TimeBaseStructInit                   0x080094c1   Thumb Code    18  stm32f10x_tim.o(.text)
    TIM_OCStructInit                         0x080094d3   Thumb Code    20  stm32f10x_tim.o(.text)
    TIM_ICStructInit                         0x080094e7   Thumb Code    18  stm32f10x_tim.o(.text)
    TIM_BDTRStructInit                       0x080094f9   Thumb Code    40  stm32f10x_tim.o(.text)
    TIM_Cmd                                  0x08009521   Thumb Code    24  stm32f10x_tim.o(.text)
    TIM_CtrlPWMOutputs                       0x08009539   Thumb Code    30  stm32f10x_tim.o(.text)
    TIM_ITConfig                             0x08009557   Thumb Code    18  stm32f10x_tim.o(.text)
    TIM_GenerateEvent                        0x08009569   Thumb Code     4  stm32f10x_tim.o(.text)
    TIM_DMAConfig                            0x0800956d   Thumb Code    10  stm32f10x_tim.o(.text)
    TIM_DMACmd                               0x08009577   Thumb Code    18  stm32f10x_tim.o(.text)
    TIM_InternalClockConfig                  0x08009589   Thumb Code    12  stm32f10x_tim.o(.text)
    TIM_SelectInputTrigger                   0x08009595   Thumb Code    18  stm32f10x_tim.o(.text)
    TIM_ITRxExternalClockConfig              0x080095a7   Thumb Code    24  stm32f10x_tim.o(.text)
    TIM_TIxExternalClockConfig               0x080095bf   Thumb Code    62  stm32f10x_tim.o(.text)
    TIM_ETRConfig                            0x080095fd   Thumb Code    28  stm32f10x_tim.o(.text)
    TIM_ETRClockMode1Config                  0x08009619   Thumb Code    54  stm32f10x_tim.o(.text)
    TIM_ETRClockMode2Config                  0x0800964f   Thumb Code    32  stm32f10x_tim.o(.text)
    TIM_PrescalerConfig                      0x0800966f   Thumb Code     6  stm32f10x_tim.o(.text)
    TIM_CounterModeConfig                    0x08009675   Thumb Code    18  stm32f10x_tim.o(.text)
    TIM_EncoderInterfaceConfig               0x08009687   Thumb Code    66  stm32f10x_tim.o(.text)
    TIM_ForcedOC1Config                      0x080096c9   Thumb Code    18  stm32f10x_tim.o(.text)
    TIM_ForcedOC2Config                      0x080096db   Thumb Code    26  stm32f10x_tim.o(.text)
    TIM_ForcedOC3Config                      0x080096f5   Thumb Code    18  stm32f10x_tim.o(.text)
    TIM_ForcedOC4Config                      0x08009707   Thumb Code    26  stm32f10x_tim.o(.text)
    TIM_ARRPreloadConfig                     0x08009721   Thumb Code    24  stm32f10x_tim.o(.text)
    TIM_SelectCOM                            0x08009739   Thumb Code    24  stm32f10x_tim.o(.text)
    TIM_SelectCCDMA                          0x08009751   Thumb Code    24  stm32f10x_tim.o(.text)
    TIM_CCPreloadControl                     0x08009769   Thumb Code    24  stm32f10x_tim.o(.text)
    TIM_OC1PreloadConfig                     0x08009781   Thumb Code    18  stm32f10x_tim.o(.text)
    TIM_OC2PreloadConfig                     0x08009793   Thumb Code    26  stm32f10x_tim.o(.text)
    TIM_OC3PreloadConfig                     0x080097ad   Thumb Code    18  stm32f10x_tim.o(.text)
    TIM_OC4PreloadConfig                     0x080097bf   Thumb Code    26  stm32f10x_tim.o(.text)
    TIM_OC1FastConfig                        0x080097d9   Thumb Code    18  stm32f10x_tim.o(.text)
    TIM_OC2FastConfig                        0x080097eb   Thumb Code    26  stm32f10x_tim.o(.text)
    TIM_OC3FastConfig                        0x08009805   Thumb Code    18  stm32f10x_tim.o(.text)
    TIM_OC4FastConfig                        0x08009817   Thumb Code    26  stm32f10x_tim.o(.text)
    TIM_ClearOC1Ref                          0x08009831   Thumb Code    18  stm32f10x_tim.o(.text)
    TIM_ClearOC2Ref                          0x08009843   Thumb Code    24  stm32f10x_tim.o(.text)
    TIM_ClearOC3Ref                          0x0800985b   Thumb Code    18  stm32f10x_tim.o(.text)
    TIM_ClearOC4Ref                          0x0800986d   Thumb Code    24  stm32f10x_tim.o(.text)
    TIM_OC1PolarityConfig                    0x08009885   Thumb Code    18  stm32f10x_tim.o(.text)
    TIM_OC1NPolarityConfig                   0x08009897   Thumb Code    18  stm32f10x_tim.o(.text)
    TIM_OC2PolarityConfig                    0x080098a9   Thumb Code    26  stm32f10x_tim.o(.text)
    TIM_OC2NPolarityConfig                   0x080098c3   Thumb Code    26  stm32f10x_tim.o(.text)
    TIM_OC3PolarityConfig                    0x080098dd   Thumb Code    26  stm32f10x_tim.o(.text)
    TIM_OC3NPolarityConfig                   0x080098f7   Thumb Code    26  stm32f10x_tim.o(.text)
    TIM_OC4PolarityConfig                    0x08009911   Thumb Code    26  stm32f10x_tim.o(.text)
    TIM_CCxCmd                               0x0800992b   Thumb Code    30  stm32f10x_tim.o(.text)
    TIM_CCxNCmd                              0x08009949   Thumb Code    30  stm32f10x_tim.o(.text)
    TIM_SelectOCxM                           0x08009967   Thumb Code    82  stm32f10x_tim.o(.text)
    TIM_UpdateDisableConfig                  0x080099b9   Thumb Code    24  stm32f10x_tim.o(.text)
    TIM_UpdateRequestConfig                  0x080099d1   Thumb Code    24  stm32f10x_tim.o(.text)
    TIM_SelectHallSensor                     0x080099e9   Thumb Code    24  stm32f10x_tim.o(.text)
    TIM_SelectOnePulseMode                   0x08009a01   Thumb Code    18  stm32f10x_tim.o(.text)
    TIM_SelectOutputTrigger                  0x08009a13   Thumb Code    18  stm32f10x_tim.o(.text)
    TIM_SelectSlaveMode                      0x08009a25   Thumb Code    18  stm32f10x_tim.o(.text)
    TIM_SelectMasterSlaveMode                0x08009a37   Thumb Code    18  stm32f10x_tim.o(.text)
    TIM_SetCounter                           0x08009a49   Thumb Code     4  stm32f10x_tim.o(.text)
    TIM_SetAutoreload                        0x08009a4d   Thumb Code     4  stm32f10x_tim.o(.text)
    TIM_SetCompare1                          0x08009a51   Thumb Code     4  stm32f10x_tim.o(.text)
    TIM_SetCompare2                          0x08009a55   Thumb Code     4  stm32f10x_tim.o(.text)
    TIM_SetCompare3                          0x08009a59   Thumb Code     4  stm32f10x_tim.o(.text)
    TIM_SetCompare4                          0x08009a5d   Thumb Code     6  stm32f10x_tim.o(.text)
    TIM_SetClockDivision                     0x08009a63   Thumb Code    18  stm32f10x_tim.o(.text)
    TIM_GetCapture1                          0x08009a75   Thumb Code     6  stm32f10x_tim.o(.text)
    TIM_GetCapture2                          0x08009a7b   Thumb Code     6  stm32f10x_tim.o(.text)
    TIM_GetCapture3                          0x08009a81   Thumb Code     6  stm32f10x_tim.o(.text)
    TIM_GetCapture4                          0x08009a87   Thumb Code     8  stm32f10x_tim.o(.text)
    TIM_GetCounter                           0x08009a8f   Thumb Code     6  stm32f10x_tim.o(.text)
    TIM_GetPrescaler                         0x08009a95   Thumb Code     6  stm32f10x_tim.o(.text)
    TIM_GetFlagStatus                        0x08009a9b   Thumb Code    18  stm32f10x_tim.o(.text)
    TIM_ClearFlag                            0x08009aad   Thumb Code     6  stm32f10x_tim.o(.text)
    TIM_GetITStatus                          0x08009ab3   Thumb Code    34  stm32f10x_tim.o(.text)
    TIM_ClearITPendingBit                    0x08009ad5   Thumb Code     6  stm32f10x_tim.o(.text)
    SDIO_DeInit                              0x08009add   Thumb Code    28  stm32f10x_sdio.o(.text)
    SDIO_Init                                0x08009af9   Thumb Code    42  stm32f10x_sdio.o(.text)
    SDIO_StructInit                          0x08009b23   Thumb Code    16  stm32f10x_sdio.o(.text)
    SDIO_ClockCmd                            0x08009b33   Thumb Code     6  stm32f10x_sdio.o(.text)
    SDIO_SetPowerState                       0x08009b39   Thumb Code    22  stm32f10x_sdio.o(.text)
    SDIO_GetPowerState                       0x08009b4f   Thumb Code    10  stm32f10x_sdio.o(.text)
    SDIO_ITConfig                            0x08009b59   Thumb Code    26  stm32f10x_sdio.o(.text)
    SDIO_DMACmd                              0x08009b73   Thumb Code     6  stm32f10x_sdio.o(.text)
    SDIO_SendCommand                         0x08009b79   Thumb Code    38  stm32f10x_sdio.o(.text)
    SDIO_CmdStructInit                       0x08009b9f   Thumb Code    14  stm32f10x_sdio.o(.text)
    SDIO_GetCommandResponse                  0x08009bad   Thumb Code     8  stm32f10x_sdio.o(.text)
    SDIO_GetResponse                         0x08009bb5   Thumb Code    22  stm32f10x_sdio.o(.text)
    SDIO_DataConfig                          0x08009bcb   Thumb Code    42  stm32f10x_sdio.o(.text)
    SDIO_DataStructInit                      0x08009bf5   Thumb Code    20  stm32f10x_sdio.o(.text)
    SDIO_GetDataCounter                      0x08009c09   Thumb Code     6  stm32f10x_sdio.o(.text)
    SDIO_ReadData                            0x08009c0f   Thumb Code     8  stm32f10x_sdio.o(.text)
    SDIO_WriteData                           0x08009c17   Thumb Code     8  stm32f10x_sdio.o(.text)
    SDIO_GetFIFOCount                        0x08009c1f   Thumb Code     6  stm32f10x_sdio.o(.text)
    SDIO_StartSDIOReadWait                   0x08009c25   Thumb Code     8  stm32f10x_sdio.o(.text)
    SDIO_StopSDIOReadWait                    0x08009c2d   Thumb Code     8  stm32f10x_sdio.o(.text)
    SDIO_SetSDIOReadWaitMode                 0x08009c35   Thumb Code     8  stm32f10x_sdio.o(.text)
    SDIO_SetSDIOOperation                    0x08009c3d   Thumb Code     8  stm32f10x_sdio.o(.text)
    SDIO_SendSDIOSuspendCmd                  0x08009c45   Thumb Code     6  stm32f10x_sdio.o(.text)
    SDIO_CommandCompletionCmd                0x08009c4b   Thumb Code     8  stm32f10x_sdio.o(.text)
    SDIO_CEATAITCmd                          0x08009c53   Thumb Code    12  stm32f10x_sdio.o(.text)
    SDIO_SendCEATACmd                        0x08009c5f   Thumb Code     8  stm32f10x_sdio.o(.text)
    SDIO_GetFlagStatus                       0x08009c67   Thumb Code    20  stm32f10x_sdio.o(.text)
    SDIO_ClearFlag                           0x08009c7b   Thumb Code     6  stm32f10x_sdio.o(.text)
    SDIO_GetITStatus                         0x08009c81   Thumb Code    20  stm32f10x_sdio.o(.text)
    SDIO_ClearITPendingBit                   0x08009c95   Thumb Code     6  stm32f10x_sdio.o(.text)
    DMA_DeInit                               0x08009cb1   Thumb Code   324  stm32f10x_dma.o(.text)
    DMA_Init                                 0x08009df5   Thumb Code    60  stm32f10x_dma.o(.text)
    DMA_StructInit                           0x08009e31   Thumb Code    26  stm32f10x_dma.o(.text)
    DMA_Cmd                                  0x08009e4b   Thumb Code    24  stm32f10x_dma.o(.text)
    DMA_ITConfig                             0x08009e63   Thumb Code    18  stm32f10x_dma.o(.text)
    DMA_SetCurrDataCounter                   0x08009e75   Thumb Code     4  stm32f10x_dma.o(.text)
    DMA_GetCurrDataCounter                   0x08009e79   Thumb Code     8  stm32f10x_dma.o(.text)
    DMA_GetFlagStatus                        0x08009e81   Thumb Code    40  stm32f10x_dma.o(.text)
    DMA_ClearFlag                            0x08009ea9   Thumb Code    22  stm32f10x_dma.o(.text)
    DMA_GetITStatus                          0x08009ebf   Thumb Code    40  stm32f10x_dma.o(.text)
    DMA_ClearITPendingBit                    0x08009ee7   Thumb Code    22  stm32f10x_dma.o(.text)
    mymemcpy                                 0x08009f05   Thumb Code    26  malloc.o(.text)
    mymemset                                 0x08009f1f   Thumb Code    20  malloc.o(.text)
    my_mem_init                              0x08009f33   Thumb Code    54  malloc.o(.text)
    my_mem_perused                           0x08009f69   Thumb Code    54  malloc.o(.text)
    my_mem_malloc                            0x08009f9f   Thumb Code   154  malloc.o(.text)
    my_mem_free                              0x0800a039   Thumb Code    94  malloc.o(.text)
    myfree                                   0x0800a097   Thumb Code    32  malloc.o(.text)
    mymalloc                                 0x0800a0b7   Thumb Code    36  malloc.o(.text)
    myrealloc                                0x0800a0db   Thumb Code    68  malloc.o(.text)
    disk_status                              0x0800a131   Thumb Code     6  diskio.o(.text)
    disk_initialize                          0x0800a137   Thumb Code    52  diskio.o(.text)
    disk_read                                0x0800a16b   Thumb Code   122  diskio.o(.text)
    disk_write                               0x0800a1e5   Thumb Code   122  diskio.o(.text)
    disk_ioctl                               0x0800a25f   Thumb Code   170  diskio.o(.text)
    get_fattime                              0x0800a309   Thumb Code     4  diskio.o(.text)
    ff_memalloc                              0x0800a30d   Thumb Code    14  diskio.o(.text)
    ff_memfree                               0x0800a31b   Thumb Code    14  diskio.o(.text)
    clust2sect                               0x0800a4e7   Thumb Code    26  ff.o(.text)
    get_fat                                  0x0800a501   Thumb Code   242  ff.o(.text)
    put_fat                                  0x0800a5f3   Thumb Code   322  ff.o(.text)
    dir_sdi                                  0x0800a8a9   Thumb Code   158  ff.o(.text)
    f_mount                                  0x0800b931   Thumb Code    86  ff.o(.text)
    f_open                                   0x0800b987   Thumb Code   384  ff.o(.text)
    f_read                                   0x0800bb07   Thumb Code   448  ff.o(.text)
    f_write                                  0x0800bcc7   Thumb Code   490  ff.o(.text)
    f_sync                                   0x0800beb1   Thumb Code   176  ff.o(.text)
    f_close                                  0x0800bf61   Thumb Code    32  ff.o(.text)
    f_lseek                                  0x0800bf81   Thumb Code   684  ff.o(.text)
    f_opendir                                0x0800c22d   Thumb Code   136  ff.o(.text)
    f_closedir                               0x0800c2b5   Thumb Code    22  ff.o(.text)
    f_readdir                                0x0800c2cb   Thumb Code   114  ff.o(.text)
    f_stat                                   0x0800c33d   Thumb Code    84  ff.o(.text)
    f_getfree                                0x0800c391   Thumb Code   258  ff.o(.text)
    f_truncate                               0x0800c493   Thumb Code   184  ff.o(.text)
    f_unlink                                 0x0800c54b   Thumb Code   190  ff.o(.text)
    f_mkdir                                  0x0800c609   Thumb Code   380  ff.o(.text)
    f_chmod                                  0x0800c785   Thumb Code   112  ff.o(.text)
    f_rename                                 0x0800c7f5   Thumb Code   290  ff.o(.text)
    f_utime                                  0x0800c917   Thumb Code   110  ff.o(.text)
    f_getlabel                               0x0800c985   Thumb Code   190  ff.o(.text)
    f_setlabel                               0x0800ca43   Thumb Code   482  ff.o(.text)
    f_mkfs                                   0x0800cc25   Thumb Code  1578  ff.o(.text)
    f_gets                                   0x0800d24f   Thumb Code    82  ff.o(.text)
    f_putc                                   0x0800d2e5   Thumb Code    64  ff.o(.text)
    f_puts                                   0x0800d325   Thumb Code    74  ff.o(.text)
    f_printf                                 0x0800d36f   Thumb Code   674  ff.o(.text)
    exfuns_init                              0x0800d611   Thumb Code   114  exfuns.o(.text)
    char_upper                               0x0800d683   Thumb Code    26  exfuns.o(.text)
    f_typetell                               0x0800d69d   Thumb Code   188  exfuns.o(.text)
    exf_getfree                              0x0800d759   Thumb Code    74  exfuns.o(.text)
    ff_convert                               0x0800d7b9   Thumb Code   146  mycc936.o(.text)
    ff_wtoupper                              0x0800d84b   Thumb Code    46  mycc936.o(.text)
    usmart_sys_cmd_exe                       0x0800d885   Thumb Code  1554  usmart.o(.text)
    usmart_reset_runtime                     0x0800de97   Thumb Code    38  usmart.o(.text)
    usmart_get_runtime                       0x0800debd   Thumb Code    60  usmart.o(.text)
    TIM4_IRQHandler                          0x0800def9   Thumb Code    46  usmart.o(.text)
    Timer4_Init                              0x0800df27   Thumb Code    88  usmart.o(.text)
    usmart_init                              0x0800df7f   Thumb Code    36  usmart.o(.text)
    usmart_cmd_rec                           0x0800dfa3   Thumb Code   170  usmart.o(.text)
    usmart_exe                               0x0800e04d   Thumb Code   870  usmart.o(.text)
    usmart_scan                              0x0800e3b3   Thumb Code   120  usmart.o(.text)
    read_addr                                0x0800e42b   Thumb Code     6  usmart.o(.text)
    write_addr                               0x0800e431   Thumb Code     4  usmart.o(.text)
    usmart_strcmp                            0x0800e4bd   Thumb Code    34  usmart_str.o(.text)
    usmart_strcopy                           0x0800e4df   Thumb Code    22  usmart_str.o(.text)
    usmart_strlen                            0x0800e4f5   Thumb Code    24  usmart_str.o(.text)
    usmart_pow                               0x0800e50d   Thumb Code    22  usmart_str.o(.text)
    usmart_str2num                           0x0800e523   Thumb Code   202  usmart_str.o(.text)
    usmart_get_cmdname                       0x0800e5ed   Thumb Code    54  usmart_str.o(.text)
    usmart_search_nextc                      0x0800e623   Thumb Code    22  usmart_str.o(.text)
    usmart_get_fname                         0x0800e639   Thumb Code   440  usmart_str.o(.text)
    usmart_get_aparm                         0x0800e7f1   Thumb Code   200  usmart_str.o(.text)
    usmart_get_parmpos                       0x0800e8b9   Thumb Code    26  usmart_str.o(.text)
    usmart_get_fparam                        0x0800e8d3   Thumb Code   262  usmart_str.o(.text)
    fupd_prog                                0x0800e9e5   Thumb Code   134  fontupd.o(.text)
    updata_fontx                             0x0800ea6b   Thumb Code   304  fontupd.o(.text)
    update_font                              0x0800eb9b   Thumb Code   774  fontupd.o(.text)
    font_init                                0x0800eea1   Thumb Code    62  fontupd.o(.text)
    Get_HzMat                                0x0800eee5   Thumb Code   162  text.o(.text)
    Show_GBKFont                             0x0800ef87   Thumb Code   182  text.o(.text)
    Show_GBKStr                              0x0800f03d   Thumb Code   194  text.o(.text)
    Show_Str_Mid                             0x0800f0ff   Thumb Code   106  text.o(.text)
    Get_UNIMat                               0x0800f169   Thumb Code   116  text.o(.text)
    Show_UNIFont                             0x0800f1dd   Thumb Code   182  text.o(.text)
    Show_UNIStr                              0x0800f293   Thumb Code   210  text.o(.text)
    Show_UTF8Str                             0x0800f365   Thumb Code    54  text.o(.text)
    __use_no_semihosting                     0x0800f39b   Thumb Code     2  use_no_semi_2.o(.text)
    __aeabi_ldivmod                          0x0800f39d   Thumb Code     0  llsdiv.o(.text)
    _ll_sdiv                                 0x0800f39d   Thumb Code    72  llsdiv.o(.text)
    __2printf                                0x0800f3e5   Thumb Code    20  noretval__2printf.o(.text)
    __2sprintf                               0x0800f3fd   Thumb Code    34  noretval__2sprintf.o(.text)
    _printf_pre_padding                      0x0800f425   Thumb Code    44  _printf_pad.o(.text)
    _printf_post_padding                     0x0800f451   Thumb Code    34  _printf_pad.o(.text)
    _printf_str                              0x0800f473   Thumb Code    82  _printf_str.o(.text)
    _printf_int_dec                          0x0800f4c5   Thumb Code   104  _printf_dec.o(.text)
    _printf_int_hex                          0x0800f53d   Thumb Code    84  _printf_hex_int.o(.text)
    _printf_longlong_hex                     0x0800f53d   Thumb Code     0  _printf_hex_int.o(.text)
    __printf                                 0x0800f595   Thumb Code   388  __printf_flags_ss_wp.o(.text)
    strcpy                                   0x0800f71d   Thumb Code    72  strcpy.o(.text)
    strlen                                   0x0800f765   Thumb Code    62  strlen.o(.text)
    strcat                                   0x0800f7a3   Thumb Code    24  strcat.o(.text)
    __aeabi_memcpy                           0x0800f7bb   Thumb Code     0  rt_memcpy_v6.o(.text)
    __rt_memcpy                              0x0800f7bb   Thumb Code   138  rt_memcpy_v6.o(.text)
    _memcpy_lastbytes                        0x0800f821   Thumb Code     0  rt_memcpy_v6.o(.text)
    strcmp                                   0x0800f845   Thumb Code   128  strcmpv7m.o(.text)
    __use_two_region_memory                  0x0800f8c5   Thumb Code     2  heapauxi.o(.text)
    __rt_heap_escrow$2region                 0x0800f8c7   Thumb Code     2  heapauxi.o(.text)
    __rt_heap_expand$2region                 0x0800f8c9   Thumb Code     2  heapauxi.o(.text)
    __I$use$semihosting                      0x0800f8cb   Thumb Code     0  use_no_semi.o(.text)
    __use_no_semihosting_swi                 0x0800f8cb   Thumb Code     2  use_no_semi.o(.text)
    __aeabi_uldivmod                         0x0800f8cd   Thumb Code     0  lludivv7m.o(.text)
    _ll_udiv                                 0x0800f8cd   Thumb Code   238  lludivv7m.o(.text)
    _printf_int_common                       0x0800f9bb   Thumb Code   178  _printf_intcommon.o(.text)
    _printf_char_common                      0x0800fa77   Thumb Code    32  _printf_char_common.o(.text)
    _sputc                                   0x0800fa9d   Thumb Code    10  _sputc.o(.text)
    _printf_cs_common                        0x0800faa7   Thumb Code    20  _printf_char.o(.text)
    _printf_char                             0x0800fabb   Thumb Code    16  _printf_char.o(.text)
    _printf_string                           0x0800facb   Thumb Code     8  _printf_char.o(.text)
    _printf_char_file                        0x0800fad5   Thumb Code    32  _printf_char_file.o(.text)
    __aeabi_memcpy4                          0x0800faf9   Thumb Code     0  rt_memcpy_w.o(.text)
    __aeabi_memcpy8                          0x0800faf9   Thumb Code     0  rt_memcpy_w.o(.text)
    __rt_memcpy_w                            0x0800faf9   Thumb Code   100  rt_memcpy_w.o(.text)
    _memcpy_lastbytes_aligned                0x0800fb41   Thumb Code     0  rt_memcpy_w.o(.text)
    ferror                                   0x0800fb5d   Thumb Code     8  ferror.o(.text)
    __user_setup_stackheap                   0x0800fb65   Thumb Code    74  sys_stackheap_outer.o(.text)
    exit                                     0x0800fbaf   Thumb Code    18  exit.o(.text)
    __user_libspace                          0x0800fbc1   Thumb Code     8  libspace.o(.text)
    __user_perproc_libspace                  0x0800fbc1   Thumb Code     0  libspace.o(.text)
    __user_perthread_libspace                0x0800fbc1   Thumb Code     0  libspace.o(.text)
    _is_digit                                0x0800fbc9   Thumb Code    14  __printf_wp.o(i._is_digit)
    __aeabi_d2uiz                            0x0800fbd9   Thumb Code     0  dfixu.o(x$fpl$dfixu)
    _dfixu                                   0x0800fbd9   Thumb Code    90  dfixu.o(x$fpl$dfixu)
    __aeabi_ui2d                             0x0800fc33   Thumb Code     0  dflt_clz.o(x$fpl$dfltu)
    _dfltu                                   0x0800fc33   Thumb Code    38  dflt_clz.o(x$fpl$dfltu)
    __aeabi_dmul                             0x0800fc59   Thumb Code     0  dmul.o(x$fpl$dmul)
    _dmul                                    0x0800fc59   Thumb Code   332  dmul.o(x$fpl$dmul)
    __fpl_dnaninf                            0x0800fdad   Thumb Code   156  dnaninf.o(x$fpl$dnaninf)
    __fpl_dretinf                            0x0800fe49   Thumb Code    12  dretinf.o(x$fpl$dretinf)
    __fpl_fcmp_Inf                           0x0800fe55   Thumb Code    24  fcmpi.o(x$fpl$fcmpinf)
    __aeabi_fdiv                             0x0800fe6d   Thumb Code     0  fdiv.o(x$fpl$fdiv)
    _fdiv                                    0x0800fe6d   Thumb Code   384  fdiv.o(x$fpl$fdiv)
    __aeabi_cfcmpeq                          0x0800fff1   Thumb Code     0  feqf.o(x$fpl$feqf)
    _fcmpeq                                  0x0800fff1   Thumb Code   104  feqf.o(x$fpl$feqf)
    __aeabi_f2uiz                            0x08010059   Thumb Code     0  ffixu.o(x$fpl$ffixu)
    _ffixu                                   0x08010059   Thumb Code    62  ffixu.o(x$fpl$ffixu)
    __aeabi_ui2f                             0x08010099   Thumb Code     0  fflt_clz.o(x$fpl$ffltu)
    _ffltu                                   0x08010099   Thumb Code    38  fflt_clz.o(x$fpl$ffltu)
    __aeabi_fmul                             0x080100c1   Thumb Code     0  fmul.o(x$fpl$fmul)
    _fmul                                    0x080100c1   Thumb Code   258  fmul.o(x$fpl$fmul)
    __fpl_fnaninf                            0x080101c3   Thumb Code   140  fnaninf.o(x$fpl$fnaninf)
    __fpl_fretinf                            0x0801024f   Thumb Code    10  fretinf.o(x$fpl$fretinf)
    __I$use$fp                               0x08010258   Number         0  usenofp.o(x$fpl$usenofp)
    asc2_3216                                0x08010258   Data       12160  lcd.o(.constdata)
    memtblsize                               0x080131d8   Data           8  malloc.o(.constdata)
    memblksize                               0x080131e0   Data           8  malloc.o(.constdata)
    memsize                                  0x080131e8   Data           8  malloc.o(.constdata)
    FILE_TYPE_TBL                            0x0801322c   Data         312  exfuns.o(.constdata)
    UNIGBK_PATH                              0x08013724   Data           4  fontupd.o(.constdata)
    GBK32SONG_PATH                           0x08013728   Data           4  fontupd.o(.constdata)
    UNI32SONG_PATH                           0x0801372c   Data           4  fontupd.o(.constdata)
    Region$$Table$$Base                      0x080138cc   Number         0  anon$$obj.o(Region$$Table)
    Region$$Table$$Limit                     0x080138ec   Number         0  anon$$obj.o(Region$$Table)
    SystemCoreClock                          0x20000000   Data           4  system_stm32f10x.o(.data)
    AHBPrescTable                            0x20000004   Data          16  system_stm32f10x.o(.data)
    POINT_COLOR                              0x20000016   Data           2  lcd.o(.data)
    BACK_COLOR                               0x20000018   Data           2  lcd.o(.data)
    W25QXX_TYPE                              0x2000001a   Data           2  w25qxx.o(.data)
    TransferError                            0x20000026   Data           1  sdio_sdcard.o(.data)
    TransferEnd                              0x20000027   Data           1  sdio_sdcard.o(.data)
    tempbuff                                 0x20000028   Data           4  sdio_sdcard.o(.data)
    __stdout                                 0x20000030   Data           4  usart.o(.data)
    USART_RX_STA                             0x20000034   Data           2  usart.o(.data)
    mallco_dev                               0x2000004c   Data          28  malloc.o(.data)
    FLASH_SECTOR_COUNT                       0x20000068   Data           2  diskio.o(.data)
    fs                                       0x20000074   Data           4  exfuns.o(.data)
    file                                     0x20000078   Data           4  exfuns.o(.data)
    ftemp                                    0x2000007c   Data           4  exfuns.o(.data)
    br                                       0x20000080   Data           4  exfuns.o(.data)
    bw                                       0x20000084   Data           4  exfuns.o(.data)
    fatbuf                                   0x20000088   Data           4  exfuns.o(.data)
    sys_cmd_tab                              0x2000008c   Data          28  usmart.o(.data)
    usmart_nametab                           0x200000a8   Data          24  usmart_config.o(.data)
    usmart_dev                               0x200000c0   Data         244  usmart_config.o(.data)
    lcddev                                   0x200001b4   Data          14  lcd.o(.bss)
    W25QXX_BUFFER                            0x200001c2   Data        4096  w25qxx.o(.bss)
    SDIO_InitStructure                       0x200011c8   Data          24  sdio_sdcard.o(.bss)
    SDIO_CmdInitStructure                    0x200011e0   Data          20  sdio_sdcard.o(.bss)
    SDIO_DataInitStructure                   0x200011f4   Data          24  sdio_sdcard.o(.bss)
    SDCardInfo                               0x20001230   Data          88  sdio_sdcard.o(.bss)
    SDIO_DATA_BUFFER                         0x20001288   Data         512  sdio_sdcard.o(.bss)
    USART_RX_BUF                             0x20001488   Data         200  usart.o(.bss)
    mem1base                                 0x20001560   Data       40960  malloc.o(.bss)
    mem1mapbase                              0x2000b560   Data        2560  malloc.o(.bss)
    ftinfo                                   0x2000bf60   Data          25  fontupd.o(.bss)
    __libspace_start                         0x2000bf7c   Data          96  libspace.o(.bss)
    __temporary_stack_top$libspace           0x2000bfdc   Data           0  libspace.o(.bss)
    mem2base                                 0x68000000   Data       983040  malloc.o(.ARM.__AT_0x68000000)
    mem2mapbase                              0x680f0000   Data       61440  malloc.o(.ARM.__AT_0x680F0000)



==============================================================================

Memory Map of the image

  Image Entry point : 0x08000131

  Load Region LR_IROM1 (Base: 0x08000000, Size: 0x00013aa0, Max: 0x00080000, ABSOLUTE, COMPRESSED[0x00013968])

    Execution Region ER_IROM1 (Exec base: 0x08000000, Load base: 0x08000000, Size: 0x000138ec, Max: 0x00080000, ABSOLUTE)

    Exec Addr    Load Addr    Size         Type   Attr      Idx    E Section Name        Object

    0x08000000   0x08000000   0x00000130   Data   RO          497    RESET               startup_stm32f10x_hd.o
    0x08000130   0x08000130   0x00000008   Code   RO          910  * !!!main             c_w.l(__main.o)
    0x08000138   0x08000138   0x00000034   Code   RO         1141    !!!scatter          c_w.l(__scatter.o)
    0x0800016c   0x0800016c   0x0000005a   Code   RO         1139    !!dczerorl2         c_w.l(__dczerorl2.o)
    0x080001c6   0x080001c6   0x00000002   PAD
    0x080001c8   0x080001c8   0x0000001c   Code   RO         1143    !!handler_zi        c_w.l(__scatter_zi.o)
    0x080001e4   0x080001e4   0x00000000   Code   RO          897    .ARM.Collect$$_printf_percent$$00000000  c_w.l(_printf_percent.o)
    0x080001e4   0x080001e4   0x00000006   Code   RO          895    .ARM.Collect$$_printf_percent$$00000009  c_w.l(_printf_d.o)
    0x080001ea   0x080001ea   0x00000006   Code   RO          896    .ARM.Collect$$_printf_percent$$0000000A  c_w.l(_printf_u.o)
    0x080001f0   0x080001f0   0x00000006   Code   RO          894    .ARM.Collect$$_printf_percent$$0000000C  c_w.l(_printf_x.o)
    0x080001f6   0x080001f6   0x00000006   Code   RO          892    .ARM.Collect$$_printf_percent$$00000013  c_w.l(_printf_c.o)
    0x080001fc   0x080001fc   0x00000006   Code   RO          893    .ARM.Collect$$_printf_percent$$00000014  c_w.l(_printf_s.o)
    0x08000202   0x08000202   0x00000004   Code   RO          957    .ARM.Collect$$_printf_percent$$00000017  c_w.l(_printf_percent_end.o)
    0x08000206   0x08000206   0x00000002   Code   RO         1007    .ARM.Collect$$libinit$$00000000  c_w.l(libinit.o)
    0x08000208   0x08000208   0x00000000   Code   RO         1018    .ARM.Collect$$libinit$$00000002  c_w.l(libinit2.o)
    0x08000208   0x08000208   0x00000000   Code   RO         1020    .ARM.Collect$$libinit$$00000004  c_w.l(libinit2.o)
    0x08000208   0x08000208   0x00000000   Code   RO         1023    .ARM.Collect$$libinit$$0000000A  c_w.l(libinit2.o)
    0x08000208   0x08000208   0x00000000   Code   RO         1025    .ARM.Collect$$libinit$$0000000C  c_w.l(libinit2.o)
    0x08000208   0x08000208   0x00000000   Code   RO         1027    .ARM.Collect$$libinit$$0000000E  c_w.l(libinit2.o)
    0x08000208   0x08000208   0x00000000   Code   RO         1030    .ARM.Collect$$libinit$$00000011  c_w.l(libinit2.o)
    0x08000208   0x08000208   0x00000000   Code   RO         1032    .ARM.Collect$$libinit$$00000013  c_w.l(libinit2.o)
    0x08000208   0x08000208   0x00000000   Code   RO         1034    .ARM.Collect$$libinit$$00000015  c_w.l(libinit2.o)
    0x08000208   0x08000208   0x00000000   Code   RO         1036    .ARM.Collect$$libinit$$00000017  c_w.l(libinit2.o)
    0x08000208   0x08000208   0x00000000   Code   RO         1038    .ARM.Collect$$libinit$$00000019  c_w.l(libinit2.o)
    0x08000208   0x08000208   0x00000000   Code   RO         1040    .ARM.Collect$$libinit$$0000001B  c_w.l(libinit2.o)
    0x08000208   0x08000208   0x00000000   Code   RO         1042    .ARM.Collect$$libinit$$0000001D  c_w.l(libinit2.o)
    0x08000208   0x08000208   0x00000000   Code   RO         1044    .ARM.Collect$$libinit$$0000001F  c_w.l(libinit2.o)
    0x08000208   0x08000208   0x00000000   Code   RO         1046    .ARM.Collect$$libinit$$00000021  c_w.l(libinit2.o)
    0x08000208   0x08000208   0x00000000   Code   RO         1048    .ARM.Collect$$libinit$$00000023  c_w.l(libinit2.o)
    0x08000208   0x08000208   0x00000000   Code   RO         1050    .ARM.Collect$$libinit$$00000025  c_w.l(libinit2.o)
    0x08000208   0x08000208   0x00000000   Code   RO         1054    .ARM.Collect$$libinit$$0000002C  c_w.l(libinit2.o)
    0x08000208   0x08000208   0x00000000   Code   RO         1056    .ARM.Collect$$libinit$$0000002E  c_w.l(libinit2.o)
    0x08000208   0x08000208   0x00000000   Code   RO         1058    .ARM.Collect$$libinit$$00000030  c_w.l(libinit2.o)
    0x08000208   0x08000208   0x00000000   Code   RO         1060    .ARM.Collect$$libinit$$00000032  c_w.l(libinit2.o)
    0x08000208   0x08000208   0x00000002   Code   RO         1061    .ARM.Collect$$libinit$$00000033  c_w.l(libinit2.o)
    0x0800020a   0x0800020a   0x00000002   Code   RO         1089    .ARM.Collect$$libshutdown$$00000000  c_w.l(libshutdown.o)
    0x0800020c   0x0800020c   0x00000000   Code   RO         1103    .ARM.Collect$$libshutdown$$00000002  c_w.l(libshutdown2.o)
    0x0800020c   0x0800020c   0x00000000   Code   RO         1105    .ARM.Collect$$libshutdown$$00000004  c_w.l(libshutdown2.o)
    0x0800020c   0x0800020c   0x00000000   Code   RO         1107    .ARM.Collect$$libshutdown$$00000006  c_w.l(libshutdown2.o)
    0x0800020c   0x0800020c   0x00000000   Code   RO         1110    .ARM.Collect$$libshutdown$$00000009  c_w.l(libshutdown2.o)
    0x0800020c   0x0800020c   0x00000000   Code   RO         1113    .ARM.Collect$$libshutdown$$0000000C  c_w.l(libshutdown2.o)
    0x0800020c   0x0800020c   0x00000000   Code   RO         1115    .ARM.Collect$$libshutdown$$0000000E  c_w.l(libshutdown2.o)
    0x0800020c   0x0800020c   0x00000000   Code   RO         1118    .ARM.Collect$$libshutdown$$00000011  c_w.l(libshutdown2.o)
    0x0800020c   0x0800020c   0x00000002   Code   RO         1119    .ARM.Collect$$libshutdown$$00000012  c_w.l(libshutdown2.o)
    0x0800020e   0x0800020e   0x00000000   Code   RO          944    .ARM.Collect$$rtentry$$00000000  c_w.l(__rtentry.o)
    0x0800020e   0x0800020e   0x00000000   Code   RO          972    .ARM.Collect$$rtentry$$00000002  c_w.l(__rtentry2.o)
    0x0800020e   0x0800020e   0x00000006   Code   RO          984    .ARM.Collect$$rtentry$$00000004  c_w.l(__rtentry4.o)
    0x08000214   0x08000214   0x00000000   Code   RO          974    .ARM.Collect$$rtentry$$00000009  c_w.l(__rtentry2.o)
    0x08000214   0x08000214   0x00000004   Code   RO          975    .ARM.Collect$$rtentry$$0000000A  c_w.l(__rtentry2.o)
    0x08000218   0x08000218   0x00000000   Code   RO          977    .ARM.Collect$$rtentry$$0000000C  c_w.l(__rtentry2.o)
    0x08000218   0x08000218   0x00000008   Code   RO          978    .ARM.Collect$$rtentry$$0000000D  c_w.l(__rtentry2.o)
    0x08000220   0x08000220   0x00000002   Code   RO         1011    .ARM.Collect$$rtexit$$00000000  c_w.l(rtexit.o)
    0x08000222   0x08000222   0x00000000   Code   RO         1063    .ARM.Collect$$rtexit$$00000002  c_w.l(rtexit2.o)
    0x08000222   0x08000222   0x00000004   Code   RO         1064    .ARM.Collect$$rtexit$$00000003  c_w.l(rtexit2.o)
    0x08000226   0x08000226   0x00000006   Code   RO         1065    .ARM.Collect$$rtexit$$00000004  c_w.l(rtexit2.o)
    0x0800022c   0x0800022c   0x00000330   Code   RO            1    .text               main.o
    0x0800055c   0x0800055c   0x0000001a   Code   RO          176    .text               stm32f10x_it.o
    0x08000576   0x08000576   0x00000002   PAD
    0x08000578   0x08000578   0x000001e0   Code   RO          274    .text               system_stm32f10x.o
    0x08000758   0x08000758   0x0000004c   Code   RO          292    .text               led.o
    0x080007a4   0x080007a4   0x000000fc   Code   RO          304    .text               key.o
    0x080008a0   0x080008a0   0x00004a2a   Code   RO          317    .text               lcd.o
    0x080052ca   0x080052ca   0x00000002   PAD
    0x080052cc   0x080052cc   0x00000108   Code   RO          347    .text               spi.o
    0x080053d4   0x080053d4   0x00000368   Code   RO          362    .text               w25qxx.o
    0x0800573c   0x0800573c   0x00001c2c   Code   RO          381    .text               sdio_sdcard.o
    0x08007368   0x08007368   0x00000088   Code   RO          407    .text               timer.o
    0x080073f0   0x080073f0   0x00000174   Code   RO          419    .text               touni.o
    0x08007564   0x08007564   0x000000d4   Code   RO          431    .text               delay.o
    0x08007638   0x08007638   0x0000000c   Code   RO          446    .text               sys.o
    0x08007644   0x08007644   0x00000140   Code   RO          462    .text               usart.o
    0x08007784   0x08007784   0x00000040   Code   RO          498    .text               startup_stm32f10x_hd.o
    0x080077c4   0x080077c4   0x000000dc   Code   RO          502    .text               misc.o
    0x080078a0   0x080078a0   0x0000060c   Code   RO          540    .text               stm32f10x_fsmc.o
    0x08007eac   0x08007eac   0x0000035c   Code   RO          552    .text               stm32f10x_gpio.o
    0x08008208   0x08008208   0x000003a4   Code   RO          564    .text               stm32f10x_rcc.o
    0x080085ac   0x080085ac   0x0000030c   Code   RO          578    .text               stm32f10x_spi.o
    0x080088b8   0x080088b8   0x00000408   Code   RO          590    .text               stm32f10x_usart.o
    0x08008cc0   0x08008cc0   0x00000e1a   Code   RO          602    .text               stm32f10x_tim.o
    0x08009ada   0x08009ada   0x00000002   PAD
    0x08009adc   0x08009adc   0x000001d4   Code   RO          614    .text               stm32f10x_sdio.o
    0x08009cb0   0x08009cb0   0x00000254   Code   RO          626    .text               stm32f10x_dma.o
    0x08009f04   0x08009f04   0x0000022c   Code   RO          638    .text               malloc.o
    0x0800a130   0x0800a130   0x00000200   Code   RO          660    .text               diskio.o
    0x0800a330   0x0800a330   0x000032e0   Code   RO          678    .text               ff.o
    0x0800d610   0x0800d610   0x000001a8   Code   RO          699    .text               exfuns.o
    0x0800d7b8   0x0800d7b8   0x000000cc   Code   RO          739    .text               mycc936.o
    0x0800d884   0x0800d884   0x00000c38   Code   RO          752    .text               usmart.o
    0x0800e4bc   0x0800e4bc   0x00000528   Code   RO          781    .text               usmart_str.o
    0x0800e9e4   0x0800e9e4   0x00000500   Code   RO          793    .text               fontupd.o
    0x0800eee4   0x0800eee4   0x000004b6   Code   RO          817    .text               text.o
    0x0800f39a   0x0800f39a   0x00000002   Code   RO          831    .text               c_w.l(use_no_semi_2.o)
    0x0800f39c   0x0800f39c   0x00000048   Code   RO          833    .text               c_w.l(llsdiv.o)
    0x0800f3e4   0x0800f3e4   0x00000018   Code   RO          839    .text               c_w.l(noretval__2printf.o)
    0x0800f3fc   0x0800f3fc   0x00000028   Code   RO          841    .text               c_w.l(noretval__2sprintf.o)
    0x0800f424   0x0800f424   0x0000004e   Code   RO          845    .text               c_w.l(_printf_pad.o)
    0x0800f472   0x0800f472   0x00000052   Code   RO          847    .text               c_w.l(_printf_str.o)
    0x0800f4c4   0x0800f4c4   0x00000078   Code   RO          849    .text               c_w.l(_printf_dec.o)
    0x0800f53c   0x0800f53c   0x00000058   Code   RO          854    .text               c_w.l(_printf_hex_int.o)
    0x0800f594   0x0800f594   0x00000188   Code   RO          889    .text               c_w.l(__printf_flags_ss_wp.o)
    0x0800f71c   0x0800f71c   0x00000048   Code   RO          898    .text               c_w.l(strcpy.o)
    0x0800f764   0x0800f764   0x0000003e   Code   RO          900    .text               c_w.l(strlen.o)
    0x0800f7a2   0x0800f7a2   0x00000018   Code   RO          902    .text               c_w.l(strcat.o)
    0x0800f7ba   0x0800f7ba   0x0000008a   Code   RO          904    .text               c_w.l(rt_memcpy_v6.o)
    0x0800f844   0x0800f844   0x00000080   Code   RO          906    .text               c_w.l(strcmpv7m.o)
    0x0800f8c4   0x0800f8c4   0x00000006   Code   RO          908    .text               c_w.l(heapauxi.o)
    0x0800f8ca   0x0800f8ca   0x00000002   Code   RO          942    .text               c_w.l(use_no_semi.o)
    0x0800f8cc   0x0800f8cc   0x000000ee   Code   RO          945    .text               c_w.l(lludivv7m.o)
    0x0800f9ba   0x0800f9ba   0x000000b2   Code   RO          947    .text               c_w.l(_printf_intcommon.o)
    0x0800fa6c   0x0800fa6c   0x00000030   Code   RO          949    .text               c_w.l(_printf_char_common.o)
    0x0800fa9c   0x0800fa9c   0x0000000a   Code   RO          951    .text               c_w.l(_sputc.o)
    0x0800faa6   0x0800faa6   0x0000002c   Code   RO          953    .text               c_w.l(_printf_char.o)
    0x0800fad2   0x0800fad2   0x00000002   PAD
    0x0800fad4   0x0800fad4   0x00000024   Code   RO          955    .text               c_w.l(_printf_char_file.o)
    0x0800faf8   0x0800faf8   0x00000064   Code   RO          958    .text               c_w.l(rt_memcpy_w.o)
    0x0800fb5c   0x0800fb5c   0x00000008   Code   RO          992    .text               c_w.l(ferror.o)
    0x0800fb64   0x0800fb64   0x0000004a   Code   RO          996    .text               c_w.l(sys_stackheap_outer.o)
    0x0800fbae   0x0800fbae   0x00000012   Code   RO         1000    .text               c_w.l(exit.o)
    0x0800fbc0   0x0800fbc0   0x00000008   Code   RO         1008    .text               c_w.l(libspace.o)
    0x0800fbc8   0x0800fbc8   0x0000000e   Code   RO          882    i._is_digit         c_w.l(__printf_wp.o)
    0x0800fbd6   0x0800fbd6   0x00000002   PAD
    0x0800fbd8   0x0800fbd8   0x0000005a   Code   RO          912    x$fpl$dfixu         fz_ws.l(dfixu.o)
    0x0800fc32   0x0800fc32   0x00000026   Code   RO          916    x$fpl$dfltu         fz_ws.l(dflt_clz.o)
    0x0800fc58   0x0800fc58   0x00000154   Code   RO          922    x$fpl$dmul          fz_ws.l(dmul.o)
    0x0800fdac   0x0800fdac   0x0000009c   Code   RO          960    x$fpl$dnaninf       fz_ws.l(dnaninf.o)
    0x0800fe48   0x0800fe48   0x0000000c   Code   RO          962    x$fpl$dretinf       fz_ws.l(dretinf.o)
    0x0800fe54   0x0800fe54   0x00000018   Code   RO          964    x$fpl$fcmpinf       fz_ws.l(fcmpi.o)
    0x0800fe6c   0x0800fe6c   0x00000184   Code   RO          925    x$fpl$fdiv          fz_ws.l(fdiv.o)
    0x0800fff0   0x0800fff0   0x00000068   Code   RO          928    x$fpl$feqf          fz_ws.l(feqf.o)
    0x08010058   0x08010058   0x0000003e   Code   RO          930    x$fpl$ffixu         fz_ws.l(ffixu.o)
    0x08010096   0x08010096   0x00000002   PAD
    0x08010098   0x08010098   0x00000026   Code   RO          934    x$fpl$ffltu         fz_ws.l(fflt_clz.o)
    0x080100be   0x080100be   0x00000002   PAD
    0x080100c0   0x080100c0   0x00000102   Code   RO          940    x$fpl$fmul          fz_ws.l(fmul.o)
    0x080101c2   0x080101c2   0x0000008c   Code   RO          966    x$fpl$fnaninf       fz_ws.l(fnaninf.o)
    0x0801024e   0x0801024e   0x0000000a   Code   RO          968    x$fpl$fretinf       fz_ws.l(fretinf.o)
    0x08010258   0x08010258   0x00000000   Code   RO          970    x$fpl$usenofp       fz_ws.l(usenofp.o)
    0x08010258   0x08010258   0x00002f80   Data   RO          319    .constdata          lcd.o
    0x080131d8   0x080131d8   0x00000018   Data   RO          642    .constdata          malloc.o
    0x080131f0   0x080131f0   0x0000003a   Data   RO          679    .constdata          ff.o
    0x0801322a   0x0801322a   0x00000002   PAD
    0x0801322c   0x0801322c   0x00000138   Data   RO          701    .constdata          exfuns.o
    0x08013364   0x08013364   0x000003c0   Data   RO          740    .constdata          mycc936.o
    0x08013724   0x08013724   0x0000000c   Data   RO          795    .constdata          fontupd.o
    0x08013730   0x08013730   0x00000028   Data   RO          855    .constdata          c_w.l(_printf_hex_int.o)
    0x08013758   0x08013758   0x00000011   Data   RO          890    .constdata          c_w.l(__printf_flags_ss_wp.o)
    0x08013769   0x08013769   0x00000003   PAD
    0x0801376c   0x0801376c   0x00000060   Data   RO          702    .conststring        exfuns.o
    0x080137cc   0x080137cc   0x00000028   Data   RO          753    .conststring        usmart.o
    0x080137f4   0x080137f4   0x00000084   Data   RO          768    .conststring        usmart_config.o
    0x08013878   0x08013878   0x00000054   Data   RO          796    .conststring        fontupd.o
    0x080138cc   0x080138cc   0x00000020   Data   RO         1137    Region$$Table       anon$$obj.o


    Execution Region RW_IRAM1 (Exec base: 0x20000000, Load base: 0x080138ec, Size: 0x0000c5e0, Max: 0x00010000, ABSOLUTE, COMPRESSED[0x0000007c])

    Exec Addr    Load Addr    Size         Type   Attr      Idx    E Section Name        Object

    0x20000000   COMPRESSED   0x00000014   Data   RW          275    .data               system_stm32f10x.o
    0x20000014   COMPRESSED   0x00000001   Data   RW          305    .data               key.o
    0x20000015   COMPRESSED   0x00000001   PAD
    0x20000016   COMPRESSED   0x00000004   Data   RW          320    .data               lcd.o
    0x2000001a   COMPRESSED   0x00000002   Data   RW          364    .data               w25qxx.o
    0x2000001c   COMPRESSED   0x00000010   Data   RW          383    .data               sdio_sdcard.o
    0x2000002c   COMPRESSED   0x00000004   Data   RW          432    .data               delay.o
    0x20000030   COMPRESSED   0x00000006   Data   RW          464    .data               usart.o
    0x20000036   COMPRESSED   0x00000014   Data   RW          565    .data               stm32f10x_rcc.o
    0x2000004a   COMPRESSED   0x00000002   PAD
    0x2000004c   COMPRESSED   0x0000001c   Data   RW          643    .data               malloc.o
    0x20000068   COMPRESSED   0x00000002   Data   RW          661    .data               diskio.o
    0x2000006a   COMPRESSED   0x00000002   PAD
    0x2000006c   COMPRESSED   0x00000006   Data   RW          680    .data               ff.o
    0x20000072   COMPRESSED   0x00000002   PAD
    0x20000074   COMPRESSED   0x00000018   Data   RW          703    .data               exfuns.o
    0x2000008c   COMPRESSED   0x0000001c   Data   RW          754    .data               usmart.o
    0x200000a8   COMPRESSED   0x0000010c   Data   RW          769    .data               usmart_config.o
    0x200001b4        -       0x0000000e   Zero   RW          318    .bss                lcd.o
    0x200001c2        -       0x00001000   Zero   RW          363    .bss                w25qxx.o
    0x200011c2   COMPRESSED   0x00000006   PAD
    0x200011c8        -       0x000002c0   Zero   RW          382    .bss                sdio_sdcard.o
    0x20001488        -       0x000000c8   Zero   RW          463    .bss                usart.o
    0x20001550   COMPRESSED   0x00000010   PAD
    0x20001560        -       0x0000aa00   Zero   RW          641    .bss                malloc.o
    0x2000bf60        -       0x00000019   Zero   RW          794    .bss                fontupd.o
    0x2000bf79   COMPRESSED   0x00000003   PAD
    0x2000bf7c        -       0x00000060   Zero   RW         1009    .bss                c_w.l(libspace.o)
    0x2000bfdc   COMPRESSED   0x00000004   PAD
    0x2000bfe0        -       0x00000200   Zero   RW          496    HEAP                startup_stm32f10x_hd.o
    0x2000c1e0        -       0x00000400   Zero   RW          495    STACK               startup_stm32f10x_hd.o



  Load Region LR$$.ARM.__AT_0x68000000 (Base: 0x68000000, Size: 0x00000000, Max: 0x000f0000, ABSOLUTE)

    Execution Region ER$$.ARM.__AT_0x68000000 (Exec base: 0x68000000, Load base: 0x68000000, Size: 0x000f0000, Max: 0x000f0000, ABSOLUTE, UNINIT)

    Exec Addr    Load Addr    Size         Type   Attr      Idx    E Section Name        Object

    0x68000000        -       0x000f0000   Zero   RW          639    .ARM.__AT_0x68000000  malloc.o



  Load Region LR$$.ARM.__AT_0x680F0000 (Base: 0x680f0000, Size: 0x00000000, Max: 0x0000f000, ABSOLUTE)

    Execution Region ER$$.ARM.__AT_0x680F0000 (Exec base: 0x680f0000, Load base: 0x680f0000, Size: 0x0000f000, Max: 0x0000f000, ABSOLUTE, UNINIT)

    Exec Addr    Load Addr    Size         Type   Attr      Idx    E Section Name        Object

    0x680f0000        -       0x0000f000   Zero   RW          640    .ARM.__AT_0x680F0000  malloc.o


==============================================================================

Image component sizes


      Code (inc. data)   RO Data    RW Data    ZI Data      Debug   Object Name

       212         18          0          4          0       1199   delay.o
       512          8          0          2          0       4634   diskio.o
       424         22        408         24          0       2980   exfuns.o
     13024        142         58          6          0      38466   ff.o
      1280        110         96          0         25       4433   fontupd.o
       252         12          0          1          0        920   key.o
     18986        156      12160          4         14      22514   lcd.o
        76          8          0          0          0        575   led.o
       816        172          0          0          0     280155   main.o
       556         18         24         28    1088000       4848   malloc.o
       220         22          0          0          0     206733   misc.o
       204         12        960          0          0       1769   mycc936.o
      7212        256          0         16        704      25020   sdio_sdcard.o
       264         10          0          0          0       1201   spi.o
        64         26        304          0       1536        852   startup_stm32f10x_hd.o
       596          8          0          0          0       4446   stm32f10x_dma.o
      1548         18          0          0          0       5459   stm32f10x_fsmc.o
       860         38          0          0          0       5813   stm32f10x_gpio.o
        26          0          0          0          0      78974   stm32f10x_it.o
       932         36          0         20          0       9032   stm32f10x_rcc.o
       468         22          0          0          0       7200   stm32f10x_sdio.o
       780         14          0          0          0       6694   stm32f10x_spi.o
      3610         88          0          0          0      22920   stm32f10x_tim.o
      1032         22          0          0          0       8540   stm32f10x_usart.o
        12          0          0          0          0        695   sys.o
       480         38          0         20          0       1863   system_stm32f10x.o
      1206         18          0          0          0       5595   text.o
       136          8          0          0          0        868   timer.o
       372          0          0          0          0       2561   touni.o
       320         16          0          6        200       3402   usart.o
      3128       1288         40         28          0       4606   usmart.o
         0          0        132        268          0       1764   usmart_config.o
      1320         12          0          0          0       5385   usmart_str.o
       872         30          0          2       4096       4709   w25qxx.o

    ----------------------------------------------------------------------
     61806       2648      14216        436    1094600     776825   Object Totals
         0          0         32          0          0          0   (incl. Generated)
         6          0          2          7         25          0   (incl. Padding)

    ----------------------------------------------------------------------

      Code (inc. data)   RO Data    RW Data    ZI Data      Debug   Library Member Name

        90          0          0          0          0          0   __dczerorl2.o
         8          0          0          0          0         68   __main.o
       392          4         17          0          0         92   __printf_flags_ss_wp.o
        14          0          0          0          0         68   __printf_wp.o
         0          0          0          0          0          0   __rtentry.o
        12          0          0          0          0          0   __rtentry2.o
         6          0          0          0          0          0   __rtentry4.o
        52          8          0          0          0          0   __scatter.o
        28          0          0          0          0          0   __scatter_zi.o
         6          0          0          0          0          0   _printf_c.o
        44          0          0          0          0        108   _printf_char.o
        48          6          0          0          0         96   _printf_char_common.o
        36          4          0          0          0         80   _printf_char_file.o
         6          0          0          0          0          0   _printf_d.o
       120         16          0          0          0         92   _printf_dec.o
        88          4         40          0          0         88   _printf_hex_int.o
       178          0          0          0          0         88   _printf_intcommon.o
        78          0          0          0          0        108   _printf_pad.o
         0          0          0          0          0          0   _printf_percent.o
         4          0          0          0          0          0   _printf_percent_end.o
         6          0          0          0          0          0   _printf_s.o
        82          0          0          0          0         80   _printf_str.o
         6          0          0          0          0          0   _printf_u.o
         6          0          0          0          0          0   _printf_x.o
        10          0          0          0          0         68   _sputc.o
        18          0          0          0          0         80   exit.o
         8          0          0          0          0         68   ferror.o
         6          0          0          0          0        152   heapauxi.o
         2          0          0          0          0          0   libinit.o
         2          0          0          0          0          0   libinit2.o
         2          0          0          0          0          0   libshutdown.o
         2          0          0          0          0          0   libshutdown2.o
         8          4          0          0         96         68   libspace.o
        72          0          0          0          0         76   llsdiv.o
       238          0          0          0          0        100   lludivv7m.o
        24          4          0          0          0         84   noretval__2printf.o
        40          6          0          0          0         84   noretval__2sprintf.o
       138          0          0          0          0         68   rt_memcpy_v6.o
       100          0          0          0          0         80   rt_memcpy_w.o
         2          0          0          0          0          0   rtexit.o
        10          0          0          0          0          0   rtexit2.o
        24          0          0          0          0         68   strcat.o
       128          0          0          0          0         68   strcmpv7m.o
        72          0          0          0          0         80   strcpy.o
        62          0          0          0          0         76   strlen.o
        74          0          0          0          0         80   sys_stackheap_outer.o
         2          0          0          0          0         68   use_no_semi.o
         2          0          0          0          0         68   use_no_semi_2.o
        90          4          0          0          0         92   dfixu.o
        38          0          0          0          0         68   dflt_clz.o
       340         12          0          0          0        104   dmul.o
       156          4          0          0          0         92   dnaninf.o
        12          0          0          0          0         68   dretinf.o
        24          0          0          0          0         68   fcmpi.o
       388         76          0          0          0         96   fdiv.o
       104          4          0          0          0         84   feqf.o
        62          4          0          0          0         84   ffixu.o
        38          0          0          0          0         68   fflt_clz.o
       258          4          0          0          0         84   fmul.o
       140          4          0          0          0         84   fnaninf.o
        10          0          0          0          0         68   fretinf.o
         0          0          0          0          0          0   usenofp.o

    ----------------------------------------------------------------------
      4026        168         60          0        100       3464   Library Totals
        10          0          3          0          4          0   (incl. Padding)

    ----------------------------------------------------------------------

      Code (inc. data)   RO Data    RW Data    ZI Data      Debug   Library Name

      2356         56         57          0         96       2404   c_w.l
      1660        112          0          0          0       1060   fz_ws.l

    ----------------------------------------------------------------------
      4026        168         60          0        100       3464   Library Totals

    ----------------------------------------------------------------------

==============================================================================


      Code (inc. data)   RO Data    RW Data    ZI Data      Debug   

     65832       2816      14276        436    1094700     775345   Grand Totals
     65832       2816      14276        124    1094700     775345   ELF Image Totals (compressed)
     65832       2816      14276        124          0          0   ROM Totals

==============================================================================

    Total RO  Size (Code + RO Data)                80108 (  78.23kB)
    Total RW  Size (RW Data + ZI Data)           1095136 (1069.47kB)
    Total ROM Size (Code + RO Data + RW Data)      80232 (  78.35kB)

==============================================================================

