<html>
<body>
<pre>
<h1>µVision Build Log</h1>
<h2>Tool Versions:</h2>
IDE-Version: ¦ÌVision V5.33.0.0
Copyright (C) 2020 ARM Ltd and ARM Germany GmbH. All rights reserved.
License Information: 1 1010186930@qq.com, 1, LIC=MPPLD-8E560-X7KRZ-JMAZ4-F38T7-06MRV
 
Tool Versions:
Toolchain:       MDK-ARM Plus  Version: 5.33.0.0
Toolchain Path:  D:\Keil5\ARM\ARMCC\Bin
C Compiler:      Armcc.exe V5.06 update 7 (build 960)
Assembler:       Armasm.exe V5.06 update 7 (build 960)
Linker/Locator:  ArmLink.exe V5.06 update 7 (build 960)
Library Manager: ArmAr.exe V5.06 update 7 (build 960)
Hex Converter:   FromElf.exe V5.06 update 7 (build 960)
CPU DLL:         SARMCM3.DLL V5.33.0.0
Dialog DLL:      DCM.DLL V1.17.3.0
Target DLL:      STLink\ST-LINKIII-KEIL_SWO.dll V3.0.8.0
Dialog DLL:      TCM.DLL V1.48.0.0
 
<h2>Project:</h2>
C:\Users\10101\Desktop\Stm32F4prj\FATFSread\USER\FATFS.uvprojx
Project File Date:  07/26/2021

<h2>Output:</h2>
*** Using Compiler 'V5.06 update 7 (build 960)', folder: 'D:\Keil5\ARM\ARMCC\Bin'
Build target 'FATFS'
compiling nandtester.c...
compiling usmart_config.c...
compiling diskio.c...
compiling main.c...
main.c(34): warning:  #177-D: variable "cnt"  was declared but never referenced
  	u32 cnt=0;
main.c(36): warning:  #177-D: variable "key"  was declared but never referenced
  	u8 key;
main.c(38): warning:  #177-D: variable "i"  was declared but never referenced
  	static u8 i=0x31;
main.c(39): warning:  #177-D: variable "a"  was declared but never referenced
  	int a=0x1234;
main.c(41): warning:  #550-D: variable "backbuf"  was set but never used
  	u8 *backbuf;
main.c: 5 warnings, 0 errors
compiling ftl.c...
compiling nand.c...
linking...
Program Size: Code=56414 RO-data=195006 RW-data=684 ZI-data=33754004  
FromELF: creating hex file...
"..\OBJ\FATFS.axf" - 0 Error(s), 5 Warning(s).

<h2>Software Packages used:</h2>

Package Vendor: Keil
                http://www.keil.com/pack/Keil.STM32F4xx_DFP.2.15.0.pack
                Keil.STM32F4xx_DFP.2.15.0
                STMicroelectronics STM32F4 Series Device Support, Drivers and Examples

<h2>Collection of Component include folders:</h2>
  D:\Keil5\Keil\STM32F4xx_DFP\2.15.0\Drivers\CMSIS\Device\ST\STM32F4xx\Include

<h2>Collection of Component Files used:</h2>
Build Time Elapsed:  00:00:03
</pre>
</body>
</html>
