<html>
<body>
<pre>
<h1>礦ision Build Log</h1>
<h2>Tool Versions:</h2>
IDE-Version: μVision V5.28.0.0
Copyright (C) 2019 ARM Ltd and ARM Germany GmbH. All rights reserved.
License Information: 1 Administrator, 1, LIC=YA3TG-VMZSS-WD1K8-3V1ZD-EIBFI-W855F
 
Tool Versions:
Toolchain:       MDK-ARM Plus  Version: 5.28.0.0
Toolchain Path:  D:\Keil5\ARM\ARMCC\Bin
C Compiler:      Armcc.exe V5.06 update 6 (build 750)
Assembler:       Armasm.exe V5.06 update 6 (build 750)
Linker/Locator:  ArmLink.exe V5.06 update 6 (build 750)
Library Manager: ArmAr.exe V5.06 update 6 (build 750)
Hex Converter:   FromElf.exe V5.06 update 6 (build 750)
CPU DLL:         SARMCM3.DLL V5.28.0.0
Dialog DLL:      DARMSTM.DLL V1.68.0.0
Target DLL:      STLink\ST-LINKIII-KEIL_SWO.dll V3.0.6.0
Dialog DLL:      TARMSTM.DLL V1.66.0.0
 
<h2>Project:</h2>
C:\Users\Administrator\Desktop\三大要求demo(学习板）\USER\HTB.uvprojx
Project File Date:  05/27/2020

<h2>Output:</h2>
*** Using Compiler 'V5.06 update 6 (build 750)', folder: 'D:\Keil5\ARM\ARMCC\Bin'
Build target 'HTB'
compiling main.c...
..\HARDWARE\ASCIItoBraille\ASCIItoBraille.h(71): warning:  #1-D: last line of file ends without a newline
  #endif
main.c(23): warning:  #1295-D: Deprecated declaration LastPage - give arg types
  void LastPage();
main.c(24): warning:  #1295-D: Deprecated declaration NextPage - give arg types
  void NextPage();
main.c(25): warning:  #1295-D: Deprecated declaration GetNextTwentyBits - give arg types
  int GetNextTwentyBits();
main.c(35): warning:  #1295-D: Deprecated declaration display_Bookmark - give arg types
  int display_Bookmark();//遍历出所有的.c文件并且按照书签1~10的顺序排序
main.c(50): warning:  #1295-D: Deprecated declaration k2_event - give arg types
  u8 k2_event();
main.c(67): warning:  #1295-D: Deprecated declaration play - give arg types
  void play();
main.c(68): warning:  #1295-D: Deprecated declaration reco - give arg types
  void reco();
main.c(216): warning:  #223-D: function "dis" declared implicitly
  			dis(0);
main.c(221): warning:  #111-D: statement is unreachable
  	return 0;
main.c(84): warning:  #177-D: variable "res1"  was declared but never referenced
  	FRESULT res1;
main.c(86): warning:  #177-D: variable "menu"  was declared but never referenced
  	u8 menu=0;
main.c(425): warning:  #177-D: variable "red"  was declared but never referenced
  	u8 red=0;
main.c(578): warning:  #42-D: operand types are incompatible ("char *" and "u8 *")
  		strcpy((char*)bkname,q?q+1:pathp);//把数字和'/'去了
main.c(581): warning:  #167-D: argument of type "u8 *" is incompatible with parameter of type "char *restrict"
  		strcat(path_c,processedname);
main.c(582): warning:  #167-D: argument of type "u8 *" is incompatible with parameter of type "char *restrict"
  		strcat(path_c,ext);
main.c(590): warning:  #42-D: operand types are incompatible ("char *" and "u8 *")
  	strcpy(fnt,p?p+1:pathp);
main.c(590): warning:  #167-D: argument of type "u8 *" is incompatible with parameter of type "char *restrict"
  	strcpy(fnt,p?p+1:pathp);
main.c(596): warning:  #167-D: argument of type "u8 *" is incompatible with parameter of type "const char *"
  	if(!strcmp(fnt,pathp))
main.c(596): warning:  #167-D: argument of type "u8 *" is incompatible with parameter of type "const char *"
  	if(!strcmp(fnt,pathp))
main.c(619): warning:  #167-D: argument of type "u8 *" is incompatible with parameter of type "const char *"
  				if(!strcmp(fnt,fn))
main.c(619): warning:  #167-D: argument of type "u8 *" is incompatible with parameter of type "const char *"
  				if(!strcmp(fnt,fn))
main.c(789): warning:  #550-D: variable "temp"  was set but never used
  	DWORD temp=0;
main.c(802): warning:  #550-D: variable "temp"  was set but never used
  	DWORD temp=0;
main.c(1019): warning:  #188-D: enumerated type mixed with another type
  					res=f_typetell(fn);	
main.c(1022): warning:  #167-D: argument of type "u8 *" is incompatible with parameter of type "const char *restrict"
  						strncpy(buf,fn,6);
main.c(1028): warning:  #167-D: argument of type "u8 *" is incompatible with parameter of type "char *restrict"
  								strcpy(nameReplaced,"0:/");
main.c(1029): warning:  #167-D: argument of type "u8 *" is incompatible with parameter of type "char *restrict"
  								strcat(nameReplaced,fn);
main.c(1029): warning:  #167-D: argument of type "u8 *" is incompatible with parameter of type "const char *restrict"
  								strcat(nameReplaced,fn);
main.c(1037): warning:  #167-D: argument of type "u8 *" is incompatible with parameter of type "char *restrict"
  								strcpy(nameReplaced,"0:/");
main.c(1038): warning:  #167-D: argument of type "u8 *" is incompatible with parameter of type "char *restrict"
  								strcat(nameReplaced,fn);
main.c(1038): warning:  #167-D: argument of type "u8 *" is incompatible with parameter of type "const char *restrict"
  								strcat(nameReplaced,fn);
main.c(1216): warning:  #167-D: argument of type "u8 *" is incompatible with parameter of type "char *restrict"
  		strcat(path_c,bk);
main.c(1226): warning:  #167-D: argument of type "u8 *" is incompatible with parameter of type "char *restrict"
  			strcat(path_c, bk);
main.c(1235): warning:  #167-D: argument of type "u8 *" is incompatible with parameter of type "char *restrict"
  			strcat(path_c, bk);
main.c(1239): warning:  #940-D: missing return statement at end of non-void function "path_Change" 
  }
main.c(1278): warning:  #188-D: enumerated type mixed with another type
  			res=f_typetell(fn);	
main.c(1282): warning:  #167-D: argument of type "u8 *" is incompatible with parameter of type "char *restrict"
  				strcpy((u8*)bookmarkname[line],processedname);
main.c(1336): warning:  #188-D: enumerated type mixed with another type
  	FRESULT res=0;
main.c(1337): warning:  #550-D: variable "dir"  was set but never used
  	DIR*dir=0;
main.c(1338): warning:  #177-D: variable "fn"  was declared but never referenced
  	u8*fn=0;
main.c(1463): warning:  #177-D: variable "per"  was declared but never referenced
  	char per[]="%";
main.c(1489): warning:  #1-D: last line of file ends without a newline
  	
main.c: 43 warnings, 0 errors
linking...
Program Size: Code=46844 RO-data=14028 RW-data=644 ZI-data=55216  
FromELF: creating hex file...
"..\OBJ\HZ.axf" - 0 Error(s), 43 Warning(s).

<h2>Software Packages used:</h2>

Package Vendor: Keil
                http://www.keil.com/pack/Keil.STM32F1xx_DFP.2.3.0.pack
                Keil.STM32F1xx_DFP.2.3.0
                STMicroelectronics STM32F1 Series Device Support, Drivers and Examples

<h2>Collection of Component include folders:</h2>
  .\RTE\_HTB
  D:\Keil5\Keil\STM32F1xx_DFP\2.3.0\Device\Include

<h2>Collection of Component Files used:</h2>
Build Time Elapsed:  00:00:01
</pre>
</body>
</html>
