<html>
<body>
<pre>
<h1>礦ision Build Log</h1>
<h2>Tool Versions:</h2>
IDE-Version: μVision V5.33.0.0
Copyright (C) 2020 ARM Ltd and ARM Germany GmbH. All rights reserved.
License Information: 1 1010186930@qq.com, 1, LIC=MPPLD-8E560-X7KRZ-JMAZ4-F38T7-06MRV
 
Tool Versions:
Toolchain:       MDK-ARM Plus  Version: 5.33.0.0
Toolchain Path:  D:\Keil5\ARM\ARMCC\Bin
C Compiler:      Armcc.exe V5.06 update 7 (build 960)
Assembler:       Armasm.exe V5.06 update 7 (build 960)
Linker/Locator:  ArmLink.exe V5.06 update 7 (build 960)
Library Manager: ArmAr.exe V5.06 update 7 (build 960)
Hex Converter:   FromElf.exe V5.06 update 7 (build 960)
CPU DLL:         SARMCM3.DLL V5.33.0.0
Dialog DLL:      DCM.DLL V1.17.3.0
Target DLL:      STLink\ST-LINKIII-KEIL_SWO.dll V3.0.8.0
Dialog DLL:      TCM.DLL V1.48.0.0
 
<h2>Project:</h2>
D:\实验室\1. 实验室内容\汉盲嵌入式端程序\02测试demo\20方英语学习机\Ver1.0.0.20210516_a模块测试\7. LTDC\LTDC测试\USER\LTDC LCD.uvprojx
Project File Date:  07/08/2021

<h2>Output:</h2>
*** Using Compiler 'V5.06 update 7 (build 960)', folder: 'D:\Keil5\ARM\ARMCC\Bin'
Rebuild target ' LTDC LCD'
assembling startup_stm32f429xx.s...
compiling stm32f4xx_hal.c...
compiling stm32f4xx_it.c...
compiling stm32f4xx_hal_rcc.c...
compiling stm32f4xx_hal_cortex.c...
compiling main.c...
main.c(243): warning:  #223-D: function "LTDC_Color_Fill" declared implicitly
  		LTDC_Color_Fill(0,0,28,16,gImage_1);
main.c(244): warning:  #223-D: function "LTDC_Fill" declared implicitly
  		LTDC_Fill(60,60,110,110,GREEN);	
main.c(209): warning:  #177-D: variable "color"  was declared but never referenced
  	u16 color[]={BLUE};
main.c: 3 warnings, 0 errors
compiling system_stm32f4xx.c...
compiling stm32f4xx_hal_pwr_ex.c...
compiling stm32f4xx_hal_gpio.c...
compiling stm32f4xx_hal_uart.c...
compiling stm32f4xx_hal_pwr.c...
compiling stm32f4xx_hal_rcc_ex.c...
compiling stm32f4xx_hal_usart.c...
compiling stm32f4xx_hal_ltdc.c...
compiling stm32f4xx_ll_fmc.c...
compiling stm32f4xx_hal_dma_ex.c...
compiling sys.c...
compiling stm32f4xx_hal_sdram.c...
compiling stm32f4xx_hal_sram.c...
compiling stm32f4xx_hal_tim.c...
compiling stm32f4xx_hal_dma.c...
compiling stm32f4xx_hal_ltdc_ex.c...
compiling delay.c...
compiling stm32f4xx_hal_tim_ex.c...
compiling stm32f4xx_hal_dma2d.c...
compiling sdram.c...
compiling led.c...
compiling usart.c...
compiling key.c...
compiling ltdc.c...
compiling lcd.c...
linking...
Program Size: Code=21580 RO-data=3352 RW-data=52 ZI-data=2050244  
FromELF: creating hex file...
"..\OBJ\LTDC LCD.axf" - 0 Error(s), 3 Warning(s).

<h2>Software Packages used:</h2>

Package Vendor: Keil
                http://www.keil.com/pack/Keil.STM32F4xx_DFP.2.15.0.pack
                Keil.STM32F4xx_DFP.2.15.0
                STMicroelectronics STM32F4 Series Device Support, Drivers and Examples

<h2>Collection of Component include folders:</h2>
  D:\Keil5\Keil\STM32F4xx_DFP\2.15.0\Drivers\CMSIS\Device\ST\STM32F4xx\Include

<h2>Collection of Component Files used:</h2>
Build Time Elapsed:  00:00:09
</pre>
</body>
</html>
