<html>
<body>
<pre>
<h1>礦ision Build Log</h1>
<h2>Tool Versions:</h2>
IDE-Version: μVision V5.33.0.0
Copyright (C) 2020 ARM Ltd and ARM Germany GmbH. All rights reserved.
License Information: 1 1010186930@qq.com, 1, LIC=MPPLD-8E560-X7KRZ-JMAZ4-F38T7-06MRV
 
Tool Versions:
Toolchain:       MDK-ARM Plus  Version: 5.33.0.0
Toolchain Path:  D:\Keil5\ARM\ARMCC\Bin
C Compiler:      Armcc.exe V5.06 update 7 (build 960)
Assembler:       Armasm.exe V5.06 update 7 (build 960)
Linker/Locator:  ArmLink.exe V5.06 update 7 (build 960)
Library Manager: ArmAr.exe V5.06 update 7 (build 960)
Hex Converter:   FromElf.exe V5.06 update 7 (build 960)
CPU DLL:         SARMCM3.DLL V5.33.0.0
Dialog DLL:      DCM.DLL V1.17.3.0
Target DLL:      STLink\ST-LINKIII-KEIL_SWO.dll V3.0.8.0
Dialog DLL:      TCM.DLL V1.48.0.0
 
<h2>Project:</h2>
D:\实验室\1. 实验室内容\汉盲嵌入式端程序\01学习demo\STM32F4U盘+读卡器读取\Project\STM32F4xx_StdPeriph_Examples\06-USB\USB_Host_Examples\MSC\MDK-ARM\USBH_MSC.uvproj
Project File Date:  04/12/2021

<h2>Output:</h2>
*** Using Compiler 'V5.06 update 7 (build 960)', folder: 'D:\Keil5\ARM\ARMCC\Bin'
Build target 'STM324xG-EVAL_USBH-FS'
compiling usbh_msc_bot.c...
compiling usbh_core.c...
compiling usbh_ioreq.c...
compiling main.c...
compiling stm32fxxx_it.c...
compiling usbh_msc_fatfs.c...
compiling usb_bsp.c...
..\src\usb_bsp.c(459): warning:  #177-D: function "_uDelay"  was declared but never referenced
  static void _uDelay (uint32_t usec)
..\src\usb_bsp.c: 1 warning, 0 errors
compiling usbh_usr_lcd.c...
compiling usbh_msc_scsi.c...
compiling usbh_hcs.c...
compiling usbh_stdreq.c...
compiling usbh_msc_core.c...
assembling startup_stm32f4xx.s...
compiling system_stm32f4xx.c...
compiling fattime.c...
compiling stm32f4xx_gpio.c...
compiling usb_hcd.c...
compiling stm32f4xx_usart.c...
compiling misc.c...
compiling stm32f4xx_rcc.c...
compiling usb_core.c...
compiling stm32f4xx_exti.c...
compiling usb_hcd_int.c...
compiling stm32f4xx_sdio.c...
compiling ff.c...
compiling stm32f4xx_syscfg.c...
compiling stm32f4xx_dma.c...
compiling stm32f4_discovery.c...
compiling stm32f4xx_fsmc.c...
compiling lcd_log.c...
compiling stm32f4xx_tim.c...
compiling stm32f4_discovery_lcd.c...
linking...
Program Size: Code=47026 RO-data=11846 RW-data=340 ZI-data=6916  
FromELF: creating hex file...
".\STM324xG-EVAL_USBH_FS\STM324xG-EVAL_FS.axf" - 0 Error(s), 1 Warning(s).
Build Time Elapsed:  00:00:04
</pre>
</body>
</html>
