<html>
<body>
<pre>
<h1>礦ision Build Log</h1>
<h2>Tool Versions:</h2>
IDE-Version: μVision V5.28.0.0
Copyright (C) 2019 ARM Ltd and ARM Germany GmbH. All rights reserved.
License Information: 1 Administrator, 1, LIC=YA3TG-VMZSS-WD1K8-3V1ZD-EIBFI-W855F
 
Tool Versions:
Toolchain:       MDK-ARM Plus  Version: 5.28.0.0
Toolchain Path:  D:\Keil5\ARM\ARMCC\Bin
C Compiler:      Armcc.exe V5.06 update 6 (build 750)
Assembler:       Armasm.exe V5.06 update 6 (build 750)
Linker/Locator:  ArmLink.exe V5.06 update 6 (build 750)
Library Manager: ArmAr.exe V5.06 update 6 (build 750)
Hex Converter:   FromElf.exe V5.06 update 6 (build 750)
CPU DLL:         SARMCM3.DLL V5.28.0.0
Dialog DLL:      DARMSTM.DLL V1.68.0.0
Target DLL:      STLink\ST-LINKIII-KEIL_SWO.dll V3.0.6.0
Dialog DLL:      TARMSTM.DLL V1.66.0.0
 
<h2>Project:</h2>
C:\Users\Administrator\Desktop\ü的修正demo\USER\HTB.uvprojx
Project File Date:  04/21/2020

<h2>Output:</h2>
*** Using Compiler 'V5.06 update 6 (build 750)', folder: 'D:\Keil5\ARM\ARMCC\Bin'
Build target 'HTB'
compiling main.c...
main.c(27): warning:  #1295-D: Deprecated declaration display_Bookmark - give arg types
  int display_Bookmark();//遍历出所有的.c文件并且按照书签1~10的顺序排序
main.c(42): warning:  #1295-D: Deprecated declaration k2_event - give arg types
  u8 k2_event();
main.c(50): warning:  #1295-D: Deprecated declaration k4_event - give arg types
  void k4_event();
main.c(51): warning:  #1295-D: Deprecated declaration k5_event - give arg types
  void k5_event();
main.c(52): warning:  #1295-D: Deprecated declaration k6_event - give arg types
  void k6_event();
main.c(59): warning:  #1295-D: Deprecated declaration dis_txt - give arg types
  void dis_txt();
main.c(60): warning:  #1295-D: Deprecated declaration play - give arg types
  void play();
main.c(61): warning:  #1295-D: Deprecated declaration reco - give arg types
  void reco();
main.c(250): warning:  #111-D: statement is unreachable
  	return 0;
main.c(76): warning:  #177-D: variable "res1"  was declared but never referenced
  	FRESULT res1;
main.c(78): warning:  #177-D: variable "menu"  was declared but never referenced
  	u8 menu=0;
main.c(80): warning:  #177-D: variable "bk_nums"  was declared but never referenced
  	int bk_nums;
main.c(382): warning:  #167-D: argument of type "u8 *" is incompatible with parameter of type "char *restrict"
  				strcpy((u8*)filename[i],(u8*)fn);
main.c(382): warning:  #167-D: argument of type "u8 *" is incompatible with parameter of type "const char *restrict"
  				strcpy((u8*)filename[i],(u8*)fn);
main.c(358): warning:  #177-D: variable "buffer"  was declared but never referenced
  	BYTE buffer[20*MAXSIZE]="";
main.c(461): warning:  #167-D: argument of type "u8 *" is incompatible with parameter of type "char *restrict"
  				strcpy((u8*)filename[i],(u8*)fn);
main.c(461): warning:  #167-D: argument of type "u8 *" is incompatible with parameter of type "const char *restrict"
  				strcpy((u8*)filename[i],(u8*)fn);
main.c(518): warning:  #188-D: enumerated type mixed with another type
  	FRESULT res=0;
main.c(566): warning:  #42-D: operand types are incompatible ("char *" and "u8 *")
  		strcpy((char*)bkname,q?q+3:pathp);//把数字和'/'去了
main.c(567): warning:  #167-D: argument of type "u8 *" is incompatible with parameter of type "char *restrict"
  		strcat(path_c,bkname);
main.c(567): warning:  #167-D: argument of type "u8 *" is incompatible with parameter of type "const char *restrict"
  		strcat(path_c,bkname);
main.c(568): warning:  #167-D: argument of type "u8 *" is incompatible with parameter of type "char *restrict"
  		strcat(path_c,ext);
main.c(576): warning:  #42-D: operand types are incompatible ("char *" and "u8 *")
  	strcpy(fnt,p?p+1:pathp);
main.c(576): warning:  #167-D: argument of type "u8 *" is incompatible with parameter of type "char *restrict"
  	strcpy(fnt,p?p+1:pathp);
main.c(594): warning:  #167-D: argument of type "u8 *" is incompatible with parameter of type "char *restrict"
  				strcpy((u8*)filename[i],(u8*)fn);
main.c(594): warning:  #167-D: argument of type "u8 *" is incompatible with parameter of type "const char *restrict"
  				strcpy((u8*)filename[i],(u8*)fn);
main.c(595): warning:  #167-D: argument of type "u8 *" is incompatible with parameter of type "const char *"
  				if(!strcmp(fnt,fn))
main.c(595): warning:  #167-D: argument of type "u8 *" is incompatible with parameter of type "const char *"
  				if(!strcmp(fnt,fn))
main.c(523): warning:  #177-D: variable "patht"  was declared but never referenced
  	u8*patht=0;
main.c(804): warning:  #223-D: function "DX_FCBraille" declared implicitly
  	  DX_FCBraille(btmp);
main.c(836): warning:  #188-D: enumerated type mixed with another type
  					res=f_typetell(fn);	
main.c(839): warning:  #167-D: argument of type "u8 *" is incompatible with parameter of type "const char *restrict"
  						strncpy(buf,fn,6);
main.c(845): warning:  #167-D: argument of type "u8 *" is incompatible with parameter of type "char *restrict"
  								strcpy(nameReplaced,"0:/");
main.c(846): warning:  #167-D: argument of type "u8 *" is incompatible with parameter of type "char *restrict"
  								strcat(nameReplaced,fn);
main.c(846): warning:  #167-D: argument of type "u8 *" is incompatible with parameter of type "const char *restrict"
  								strcat(nameReplaced,fn);
main.c(854): warning:  #167-D: argument of type "u8 *" is incompatible with parameter of type "char *restrict"
  								strcpy(nameReplaced,"0:/");
main.c(855): warning:  #167-D: argument of type "u8 *" is incompatible with parameter of type "char *restrict"
  								strcat(nameReplaced,fn);
main.c(855): warning:  #167-D: argument of type "u8 *" is incompatible with parameter of type "const char *restrict"
  								strcat(nameReplaced,fn);
main.c(1033): warning:  #167-D: argument of type "u8 *" is incompatible with parameter of type "char *restrict"
  		strcat(path_c,bk);
main.c(1043): warning:  #167-D: argument of type "u8 *" is incompatible with parameter of type "char *restrict"
  			strcat(path_c, bk);
main.c(1052): warning:  #167-D: argument of type "u8 *" is incompatible with parameter of type "char *restrict"
  			strcat(path_c, bk);
main.c(1056): warning:  #940-D: missing return statement at end of non-void function "path_Change" 
  }
main.c(1095): warning:  #188-D: enumerated type mixed with another type
  			res=f_typetell(fn);	
main.c(1099): warning:  #167-D: argument of type "u8 *" is incompatible with parameter of type "char *restrict"
  				strcpy((u8*)bookmarkname[line],processedname);
main.c(1291): warning:  #1-D: last line of file ends without a newline
  	
main.c: 45 warnings, 0 errors
linking...
Program Size: Code=45072 RO-data=14028 RW-data=196 ZI-data=55280  
FromELF: creating hex file...
"..\OBJ\HZ.axf" - 0 Error(s), 45 Warning(s).

<h2>Software Packages used:</h2>

Package Vendor: Keil
                http://www.keil.com/pack/Keil.STM32F1xx_DFP.2.3.0.pack
                Keil.STM32F1xx_DFP.2.3.0
                STMicroelectronics STM32F1 Series Device Support, Drivers and Examples

<h2>Collection of Component include folders:</h2>
  .\RTE\_HTB
  D:\Keil5\Keil\STM32F1xx_DFP\2.3.0\Device\Include

<h2>Collection of Component Files used:</h2>
Build Time Elapsed:  00:00:01
</pre>
</body>
</html>
